Command line invocation:
    /Applications/Xcode-beta.app/Contents/Developer/usr/bin/xcodebuild -project Plainsong.xcodeproj -scheme PerformanceTests -configuration Debug -destination platform=macOS -parallel-testing-enabled NO -derivedDataPath /private/tmp/plainsong-e9-build-7377cf4e51edb85d023986a8c33cabd3edff6a10/Debug -resultBundlePath /private/tmp/plainsong-h22-e9-paired-20261004-run5/Debug-plain-20261004-194226-21318/Results.xcresult ENABLE_TESTABILITY=YES test-without-building "-only-testing:PerformanceTests/AppBackedEditorPerformanceTests/testTypingWithoutHTMLExportForRecordedLoadComparison"

Build settings from command line:
    ENABLE_TESTABILITY = YES

Resolve Package Graph


Resolved source packages:
  STTextView: https://github.com/krzyzanowskim/STTextView.git @ 2.3.10
  EditorKit: /Users/davis._.su/Documents/plainsong-export-html-command/Packages/EditorKit
  SwiftTreeSitter: https://github.com/tree-sitter/swift-tree-sitter.git @ 0.10.0
  TreeSitterMarkdown: https://github.com/tree-sitter-grammars/tree-sitter-markdown.git @ 0.5.3
  STTextKitPlus: https://github.com/krzyzanowskim/STTextKitPlus @ 0.3.1
  TreeSitter: https://github.com/tree-sitter/tree-sitter @ 0.25.10
  WorkspaceKit: /Users/davis._.su/Documents/plainsong-export-html-command/Packages/WorkspaceKit
  Yams: https://github.com/jpsim/Yams.git @ 6.2.2
  PreviewKit: /Users/davis._.su/Documents/plainsong-export-html-command/Packages/PreviewKit
  CoreTextSwift: https://github.com/krzyzanowskim/CoreTextSwift @ 0.2.0
  MarkdownCore: /Users/davis._.su/Documents/plainsong-export-html-command/Packages/MarkdownCore

Writing result bundle at path:
	/private/tmp/plainsong-h22-e9-paired-20261004-run5/Debug-plain-20261004-194226-21318/Results.xcresult

--- xcodebuild: WARNING: Using the first of multiple matching destinations:
{ platform:macOS, arch:arm64, id:00006000-0004042411D2801E, name:My Mac }
{ platform:macOS, arch:x86_64, id:00006000-0004042411D2801E, name:My Mac }
2026-10-04 19:42:31.188476+0800 Plainsong[21451:198860] [Connection] Unable to get synchronousRemoteObjectProxy, error: Error Domain=NSCocoaErrorDomain Code=4097 "connection to service named com.apple.linkd.autoShortcut" UserInfo={NSDebugDescription=connection to service named com.apple.linkd.autoShortcut}
2026-10-04 19:42:31.188708+0800 Plainsong[21451:198860] [Application] Error registering app with intents framework: Error Domain=NSCocoaErrorDomain Code=4097 "connection to service named com.apple.linkd.autoShortcut" UserInfo={NSDebugDescription=connection to service named com.apple.linkd.autoShortcut}
2026-10-04 19:42:31.189391+0800 Plainsong[21451:198856] [Connection] Unable to get synchronousRemoteObjectProxy, error: Error Domain=NSCocoaErrorDomain Code=4097 "connection to service named com.apple.linkd.autoShortcut" UserInfo={NSDebugDescription=connection to service named com.apple.linkd.autoShortcut}
2026-10-04 19:42:31.189410+0800 Plainsong[21451:198856] [Connection] Unable to re-register with Process Instance Registry, error: Error Domain=NSCocoaErrorDomain Code=4097 "connection to service named com.apple.linkd.autoShortcut" UserInfo={NSDebugDescription=connection to service named com.apple.linkd.autoShortcut}
2026-10-04 19:42:31.190360+0800 Plainsong[21451:198855] [Connection] Unable to get synchronousRemoteObjectProxy, error: Error Domain=NSCocoaErrorDomain Code=4097 "connection to service named com.apple.linkd.autoShortcut" UserInfo={NSDebugDescription=connection to service named com.apple.linkd.autoShortcut}
2026-10-04 19:42:31.190378+0800 Plainsong[21451:198855] [Connection] Unable to re-register with Process Instance Registry, error: Error Domain=NSCocoaErrorDomain Code=4097 "connection to service named com.apple.linkd.autoShortcut" UserInfo={NSDebugDescription=connection to service named com.apple.linkd.autoShortcut}
2026-10-04 19:42:31.191216+0800 Plainsong[21451:198855] [Connection] Will NOT re-try to establish the connection
2026-10-04 19:42:31.191266+0800 Plainsong[21451:198860] [Connection] Unable to get synchronousRemoteObjectProxy, error: Error Domain=NSCocoaErrorDomain Code=4097 "connection to service named com.apple.linkd.autoShortcut" UserInfo={NSDebugDescription=connection to service named com.apple.linkd.autoShortcut}
2026-10-04 19:42:31.191299+0800 Plainsong[21451:198860] [Connection] Unable to re-register with Process Instance Registry, error: Error Domain=NSCocoaErrorDomain Code=4097 "connection to service named com.apple.linkd.autoShortcut" UserInfo={NSDebugDescription=connection to service named com.apple.linkd.autoShortcut}
2026-10-04 19:42:31.335441+0800 Plainsong[21451:198785] ApplePersistenceIgnoreState: Existing state will not be touched. New state will be written to /Users/davis._.su/Library/Containers/app.plainsong.editor/Data/tmp/app.plainsong.editor.savedState
Test Suite 'Selected tests' started at 2026-10-04 19:42:31.641.
Test Suite 'PerformanceTests.xctest' started at 2026-10-04 19:42:31.641.
Test Suite 'AppBackedEditorPerformanceTests' started at 2026-10-04 19:42:31.641.
Test Case '-[PerformanceTests.AppBackedEditorPerformanceTests testTypingWithoutHTMLExportForRecordedLoadComparison]' started.
EXPORT E9 native input + public-view update without export 15.467334 ms
Test Case '-[PerformanceTests.AppBackedEditorPerformanceTests testTypingWithoutHTMLExportForRecordedLoadComparison]' passed (0.168 seconds).
Test Suite 'AppBackedEditorPerformanceTests' passed at 2026-10-04 19:42:31.810.
	 Executed 1 test, with 0 failures (0 unexpected) in 0.168 (0.169) seconds
Test Suite 'PerformanceTests.xctest' passed at 2026-10-04 19:42:31.810.
	 Executed 1 test, with 0 failures (0 unexpected) in 0.168 (0.169) seconds
Test Suite 'Selected tests' passed at 2026-10-04 19:42:31.811.
	 Executed 1 test, with 0 failures (0 unexpected) in 0.168 (0.170) seconds
2026-10-04 19:42:32.089 xcodebuild[21334:198186] [MT] IDETestOperationsObserverDebug: 1.855 elapsed -- Testing started completed.
2026-10-04 19:42:32.089 xcodebuild[21334:198186] [MT] IDETestOperationsObserverDebug: 0.000 sec, +0.000 sec -- start
2026-10-04 19:42:32.089 xcodebuild[21334:198186] [MT] IDETestOperationsObserverDebug: 1.855 sec, +1.855 sec -- end

Test session results, code coverage, and logs:
	/tmp/plainsong-h22-e9-paired-20261004-run5/Debug-plain-20261004-194226-21318/Results.xcresult

** TEST EXECUTE SUCCEEDED **

Testing started
