Command line invocation:
    /Applications/Xcode-beta.app/Contents/Developer/usr/bin/xcodebuild -xctestrun /private/tmp/plainsong-f2-final-six-v2.9p66Jp/release-1.products/Build/Products/Plainsong_macosx27.0-arm64-x86_64.xctestrun -destination platform=macOS,arch=arm64 -resultBundlePath /private/tmp/plainsong-f2-final-six-v2.9p66Jp/release-1.xcresult "-only-testing:PerformanceTests/EditorFindPerformanceTests" test-without-building

2026-08-08 05:32:51.236 xcodebuild[32085:11179871] [MT] IDERunDestination: Supported platforms for the buildables in the current scheme is empty.
Writing result bundle at path:
	/private/tmp/plainsong-f2-final-six-v2.9p66Jp/release-1.xcresult

2026-08-08 05:32:51.292 xcodebuild[32085:11179871] [MT] IDERunDestination: Supported platforms for the buildables in the current scheme is empty.
--- xcodebuild: WARNING: Using the first of multiple matching destinations:
{ platform:macOS, arch:arm64, id:00006000-0004042411D2801E, name:My Mac }
{ platform:macOS, arch:arm64, variant:Mac Catalyst, id:00006000-0004042411D2801E, name:My Mac }
{ platform:macOS, arch:arm64, variant:DriverKit, id:00006000-0004042411D2801E, name:My Mac }
{ platform:macOS, arch:arm64, variant:Designed for [iPad,iPhone], id:00006000-0004042411D2801E, name:My Mac }
2026-08-08 05:32:51.417 xcodebuild[32085:11179871] [MT] IDERunDestination: Supported platforms for the buildables in the current scheme is empty.
2026-08-08 05:32:51.520 xcodebuild[32085:11179871] [MT] IDERunDestination: Supported platforms for the buildables in the current scheme is empty.
2026-08-08 05:32:52.507443+0800 Plainsong[32161:11180305] [Connection] Unable to get synchronousRemoteObjectProxy, error: Error Domain=NSCocoaErrorDomain Code=4097 "connection to service named com.apple.linkd.autoShortcut" UserInfo={NSDebugDescription=connection to service named com.apple.linkd.autoShortcut}
2026-08-08 05:32:52.507919+0800 Plainsong[32161:11180305] [Application] Error registering app with intents framework: Error Domain=NSCocoaErrorDomain Code=4097 "connection to service named com.apple.linkd.autoShortcut" UserInfo={NSDebugDescription=connection to service named com.apple.linkd.autoShortcut}
2026-08-08 05:32:52.509057+0800 Plainsong[32161:11180344] [Connection] Unable to get synchronousRemoteObjectProxy, error: Error Domain=NSCocoaErrorDomain Code=4097 "connection to service named com.apple.linkd.autoShortcut" UserInfo={NSDebugDescription=connection to service named com.apple.linkd.autoShortcut}
2026-08-08 05:32:52.509102+0800 Plainsong[32161:11180344] [Connection] Unable to re-register with Process Instance Registry, error: Error Domain=NSCocoaErrorDomain Code=4097 "connection to service named com.apple.linkd.autoShortcut" UserInfo={NSDebugDescription=connection to service named com.apple.linkd.autoShortcut}
2026-08-08 05:32:52.510616+0800 Plainsong[32161:11180305] [Connection] Unable to get synchronousRemoteObjectProxy, error: Error Domain=NSCocoaErrorDomain Code=4097 "connection to service named com.apple.linkd.autoShortcut" UserInfo={NSDebugDescription=connection to service named com.apple.linkd.autoShortcut}
2026-08-08 05:32:52.510638+0800 Plainsong[32161:11180305] [Connection] Unable to re-register with Process Instance Registry, error: Error Domain=NSCocoaErrorDomain Code=4097 "connection to service named com.apple.linkd.autoShortcut" UserInfo={NSDebugDescription=connection to service named com.apple.linkd.autoShortcut}
2026-08-08 05:32:52.512032+0800 Plainsong[32161:11180305] [Connection] Will NOT re-try to establish the connection
2026-08-08 05:32:52.512092+0800 Plainsong[32161:11180344] [Connection] Unable to get synchronousRemoteObjectProxy, error: Error Domain=NSCocoaErrorDomain Code=4097 "connection to service named com.apple.linkd.autoShortcut" UserInfo={NSDebugDescription=connection to service named com.apple.linkd.autoShortcut}
2026-08-08 05:32:52.512112+0800 Plainsong[32161:11180344] [Connection] Unable to re-register with Process Instance Registry, error: Error Domain=NSCocoaErrorDomain Code=4097 "connection to service named com.apple.linkd.autoShortcut" UserInfo={NSDebugDescription=connection to service named com.apple.linkd.autoShortcut}
2026-08-08 05:32:52.607321+0800 Plainsong[32161:11180090] ApplePersistenceIgnoreState: Existing state will not be touched. New state will be written to /Users/davis._.su/Library/Containers/app.plainsong.editor/Data/tmp/app.plainsong.editor.savedState
2026-08-08 05:32:52.766484+0800 Plainsong[32161:11180346] [index] {CSInlineDonation[async]: "app.plainsong.editor" delete-domains:1}: Failed to request donation Error Domain=CSIndexErrorDomain Code=-1000 "Failed to request donation" UserInfo={NSDebugDescription=Failed to request donation, NSUnderlyingError=0x7534160f60 {Error Domain=NSCocoaErrorDomain Code=4099 "The connection to service named com.apple.SetStoreUpdateService was invalidated from this process." UserInfo={NSDebugDescription=The connection to service named com.apple.SetStoreUpdateService was invalidated from this process.}}}
Test Suite 'Selected tests' started at 2026-08-08 05:32:52.873.
Test Suite 'PerformanceTests.xctest' started at 2026-08-08 05:32:52.874.
Test Suite 'EditorFindPerformanceTests' started at 2026-08-08 05:32:52.874.
Test Case '-[PerformanceTests.EditorFindPerformanceTests testLargeFixtureFindQueryCompletionForZeroSparseAndDenseCases]' started.
F2 PERF budget mode local-hard
2026-08-08 05:32:53.067694+0800 Plainsong[32161:11180344] [index] {CSInlineDonation[async]: "app.plainsong.editor" add-update-items:1 delete-items:0}: Failed to request donation Error Domain=CSIndexErrorDomain Code=-1000 "Failed to request donation" UserInfo={NSDebugDescription=Failed to request donation, NSUnderlyingError=0x7533bceb20 {Error Domain=NSCocoaErrorDomain Code=4099 "The connection to service named com.apple.SetStoreUpdateService was invalidated from this process." UserInfo={NSDebugDescription=The connection to service named com.apple.SetStoreUpdateService was invalidated from this process.}}}
F2 PERF find query zero 1MB median 174.493 ms samples [171.100, 174.493, 178.240] (0 retained, truncated=false)
F2 PERF find query sparse 1MB median 186.542 ms samples [186.542, 192.538, 184.102] (1 retained, truncated=false)
F2 PERF find query dense-truncated 1MB median 237.281 ms samples [235.831, 243.462, 237.281] (10000 retained, truncated=true)
Test Case '-[PerformanceTests.EditorFindPerformanceTests testLargeFixtureFindQueryCompletionForZeroSparseAndDenseCases]' passed (2.462 seconds).
Test Case '-[PerformanceTests.EditorFindPerformanceTests testProductionWorkspaceFindOpenEditAdmissionAndStateReceiptStayWithinMeasuredBudgets]' started.
F2 PERF budget mode local-hard
2026-08-08 05:32:55.547288+0800 Plainsong[32161:11180090] [SwiftUI] Modifying state during view update, this will cause undefined behavior.
2026-08-08 05:32:55.547501+0800 Plainsong[32161:11180090] [SwiftUI] Modifying state during view update, this will cause undefined behavior.
2026-08-08 05:32:56.512079+0800 Plainsong[32161:11180090] [cfprefsd] WebContent[32527] Couldn't open <private> due to No such file or directory
2026-08-08 05:32:56.512111+0800 Plainsong[32161:11180090] [cfprefsd] WebContent[32527] Couldn't open <private> due to No such file or directory
2026-08-08 05:32:56.512118+0800 Plainsong[32161:11180090] [cfprefsd] WebContent[32527] Couldn't open <private> due to No such file or directory
2026-08-08 05:32:56.512126+0800 Plainsong[32161:11180090] [cfprefsd] WebContent[32527] Couldn't open <private> due to No such file or directory
2026-08-08 05:32:56.512133+0800 Plainsong[32161:11180090] [cfprefsd] WebContent[32527] Couldn't open <private> due to No such file or directory
2026-08-08 05:32:56.512138+0800 Plainsong[32161:11180090] [cfprefsd] WebContent[32527] Couldn't open <private> due to No such file or directory
2026-08-08 05:32:56.513025+0800 Plainsong[32161:11180090] [Process] GPU process (0x122110200) took 1.095654 seconds to launch
2026-08-08 05:32:56.513471+0800 Plainsong[32161:11180090] [Process] WebContent process (0x1220a4680) took 1.066949 seconds to launch
2026-08-08 05:32:56.513910+0800 Plainsong[32161:11180929] [index] {CSInlineDonation[async]: "app.plainsong.editor" add-update-items:2 delete-items:0}: Failed to request donation Error Domain=CSIndexErrorDomain Code=-1000 "Failed to request donation" UserInfo={NSDebugDescription=Failed to request donation, NSUnderlyingError=0x75341b24c0 {Error Domain=NSCocoaErrorDomain Code=4099 "The connection to service named com.apple.SetStoreUpdateService was invalidated from this process." UserInfo={NSDebugDescription=The connection to service named com.apple.SetStoreUpdateService was invalidated from this process.}}}
2026-08-08 05:32:56.600386+0800 Plainsong[32161:11180090] [general] WebContent[32527] Connection to 'pboard' server had an error: <dictionary: 0x1ffb3a920> { count = 1, transaction: 0, voucher = 0x0, contents =
	"XPCErrorDescription" => <string: 0x1ffb3aa60> { string cache = 0x0, length = 18, contents = "Connection invalid" }
}
Invalidation reason: Connection init failed at lookup with error 159 - Sandbox restriction
2026-08-08 05:32:56.600432+0800 Plainsong[32161:11180090] [general] WebContent[32527] Failed to set up CFPasteboardRef 'Apple CFPasteboard general'. Error: <dictionary: 0x1ffb3a920> { count = 1, transaction: 0, voucher = 0x0, contents =
	"XPCErrorDescription" => <string: 0x1ffb3aa60> { string cache = 0x0, length = 18, contents = "Connection invalid" }
}
Invalidation reason: Connection init failed at lookup with error 159 - Sandbox restriction
2026-08-08 05:32:56.601783+0800 Plainsong[32161:11180090] [cas] WebContent[32527] CONNECT: Attempt to connect to launchservicesd prohibited because kLSServerConnectionStatusProcessIsDaemonMask is set.
2026-08-08 05:32:56.601809+0800 Plainsong[32161:11180090] [cas] WebContent[32527] CRASHSTRING: rdar://problem/28724618 Couldn't connect to launchservicesd.
2026-08-08 05:32:56.603875+0800 Plainsong[32161:11180090] [access] WebContent[32527] send_message_with_reply_sync(): XPC_ERROR_CONNECTION_INVALID for msgID=32527.1 (function=TCCAccessRequest, service=kTCCServiceListenEvent)
2026-08-08 05:32:56.603900+0800 Plainsong[32161:11180090] [access] WebContent[32527] TCCAccessRequest_block_invoke: Connection invalid
2026-08-08 05:32:56.604541+0800 Plainsong[32161:11180090] [cfprefsd] WebContent[32527] Couldn't open <private> due to No such file or directory
2026-08-08 05:32:56.604615+0800 Plainsong[32161:11180090] [cfprefsd] WebContent[32527] Couldn't open <private> due to No such file or directory
2026-08-08 05:32:56.604644+0800 Plainsong[32161:11180090] [cfprefsd] WebContent[32527] Couldn't open <private> due to No such file or directory
2026-08-08 05:32:56.604823+0800 Plainsong[32161:11180090] [cfprefsd] WebContent[32527] Couldn't open <private> due to No such file or directory
2026-08-08 05:32:56.617010+0800 Plainsong[32161:11180090] WebContent[32527] invalid product id '(null)'
2026-08-08 05:32:56.617217+0800 Plainsong[32161:11180090] [cfprefsd] WebContent[32527] Couldn't open <private> due to No such file or directory
2026-08-08 05:32:56.617269+0800 Plainsong[32161:11180090] [cfprefsd] WebContent[32527] Couldn't open <private> due to No such file or directory
2026-08-08 05:32:56.617355+0800 Plainsong[32161:11180090] [cfprefsd] WebContent[32527] Couldn't open <private> due to No such file or directory
2026-08-08 05:32:56.617556+0800 Plainsong[32161:11180090] [cfprefsd] WebContent[32527] Couldn't open <private> due to No such file or directory
2026-08-08 05:32:56.622436+0800 Plainsong[32161:11180090] [cfprefsd] WebContent[32527] Couldn't open <private> due to No such file or directory
2026-08-08 05:32:56.624049+0800 Plainsong[32161:11180090] [default] WebContent[32527] Conn 0x0 is not a valid connection ID.
2026-08-08 05:32:56.624068+0800 Plainsong[32161:11180090] [default] WebContent[32527] Conn 0x0 is not a valid connection ID.
2026-08-08 05:32:56.624075+0800 Plainsong[32161:11180090] [default] WebContent[32527] Conn 0x0 is not a valid connection ID.
2026-08-08 05:32:56.624142+0800 Plainsong[32161:11180090] [cas] WebContent[32527] CONNECT: Attempt to connect to launchserivcesd prohibited because kLSServerConnectionStatusDoNotConnectToServerMask.
2026-08-08 05:32:56.624181+0800 Plainsong[32161:11180090] [cas] WebContent[32527] CONNECT: Attempt to connect to launchserivcesd prohibited because kLSServerConnectionStatusDoNotConnectToServerMask.
2026-08-08 05:32:56.624189+0800 Plainsong[32161:11180090] [cas] WebContent[32527] CONNECT: Attempt to connect to launchserivcesd prohibited because kLSServerConnectionStatusDoNotConnectToServerMask.
2026-08-08 05:32:56.624317+0800 Plainsong[32161:11180090] [cas] WebContent[32527] CONNECT: Attempt to connect to launchserivcesd prohibited because kLSServerConnectionStatusDoNotConnectToServerMask.
2026-08-08 05:32:56.624331+0800 Plainsong[32161:11180090] [cas] WebContent[32527] CONNECT: Attempt to connect to launchserivcesd prohibited because kLSServerConnectionStatusDoNotConnectToServerMask.
2026-08-08 05:32:56.624337+0800 Plainsong[32161:11180090] [cas] WebContent[32527] CONNECT: Attempt to connect to launchserivcesd prohibited because kLSServerConnectionStatusDoNotConnectToServerMask.
2026-08-08 05:32:56.624344+0800 Plainsong[32161:11180090] [cas] WebContent[32527] CONNECT: Attempt to connect to launchserivcesd prohibited because kLSServerConnectionStatusDoNotConnectToServerMask.
2026-08-08 05:32:56.624372+0800 Plainsong[32161:11180090] [cas] WebContent[32527] CONNECT: Attempt to connect to launchserivcesd prohibited because kLSServerConnectionStatusDoNotConnectToServerMask.
2026-08-08 05:32:56.625069+0800 Plainsong[32161:11180090] [sharedcache] WebContent[32527] checkinWithServer: Failed bootstrap_lookup2 for name of coreservicesd, kern_return_t=#1100/0x44c Permission denied name=com.apple.CoreServices.coreservicesd
2026-08-08 05:32:56.625231+0800 Plainsong[32161:11180090] [FileIDMap] WebContent[32527] FSNode_FillIOKitProperties: could not get iokit object for <private>
2026-08-08 05:32:56.625252+0800 Plainsong[32161:11180090] [FileIDMap] WebContent[32527] FSNode_SetFSSharedDeviceInfo: failed to fetch IOKit properties for <private>
2026-08-08 05:32:56.625374+0800 Plainsong[32161:11180090] [FileIDMap] WebContent[32527] FSNode_FillIOKitProperties: could not get iokit object for <private>
2026-08-08 05:32:56.625414+0800 Plainsong[32161:11180090] [FileIDMap] WebContent[32527] FSNode_SetFSSharedDeviceInfo: failed to fetch IOKit properties for <private>
2026-08-08 05:32:56.625815+0800 Plainsong[32161:11180090] [connection] WebContent[32527] The sandbox in this process does not allow access to RunningBoard.
2026-08-08 05:32:56.625843+0800 Plainsong[32161:11180090] [connection] WebContent[32527] Handshake aborted as the connection has been invalidated
2026-08-08 05:32:56.626097+0800 Plainsong[32161:11180090] [cas] WebContent[32527] CONNECT: Attempt to connect to launchserivcesd prohibited because kLSServerConnectionStatusDoNotConnectToServerMask.
2026-08-08 05:32:56.626113+0800 Plainsong[32161:11180090] [cas] WebContent[32527] CONNECT: Attempt to connect to launchserivcesd prohibited because kLSServerConnectionStatusDoNotConnectToServerMask.
2026-08-08 05:32:56.626119+0800 Plainsong[32161:11180090] [cas] WebContent[32527] CONNECT: Attempt to connect to launchserivcesd prohibited because kLSServerConnectionStatusDoNotConnectToServerMask.
2026-08-08 05:32:56.626125+0800 Plainsong[32161:11180090] [cas] WebContent[32527] CONNECT: Attempt to connect to launchserivcesd prohibited because kLSServerConnectionStatusDoNotConnectToServerMask.
2026-08-08 05:32:56.626131+0800 Plainsong[32161:11180090] [cas] WebContent[32527] CONNECT: Attempt to connect to launchserivcesd prohibited because kLSServerConnectionStatusDoNotConnectToServerMask.
2026-08-08 05:32:56.626178+0800 Plainsong[32161:11180090] [default] WebContent[32527] Conn 0x0 is not a valid connection ID.
2026-08-08 05:32:56.626694+0800 Plainsong[32161:11180090] [default] WebContent[32527] Conn 0x0 is not a valid connection ID.
2026-08-08 05:32:56.626706+0800 Plainsong[32161:11180090] [default] WebContent[32527] Conn 0x0 is not a valid connection ID.
2026-08-08 05:32:56.626712+0800 Plainsong[32161:11180090] [default] WebContent[32527] Conn 0x0 is not a valid connection ID.
2026-08-08 05:32:56.626720+0800 Plainsong[32161:11180090] [default] WebContent[32527] Conn 0x0 is not a valid connection ID.
2026-08-08 05:32:56.626725+0800 Plainsong[32161:11180090] [default] WebContent[32527] Conn 0x0 is not a valid connection ID.
2026-08-08 05:32:56.627017+0800 Plainsong[32161:11180090] [access] WebContent[32527] send_message_with_reply_sync(): XPC_ERROR_CONNECTION_INVALID for msgID=32527.2 (function=TCCAccessLaunchDisclosurePromptIfNeeded, service=(null))
2026-08-08 05:32:56.627030+0800 Plainsong[32161:11180090] [access] WebContent[32527] TCCAccessLaunchDisclosurePromptIfNeeded_block_invoke_2: Connection invalid
2026-08-08 05:32:56.628206+0800 Plainsong[32161:11180090] [cfprefsd] WebContent[32527] Couldn't open <private> due to No such file or directory
2026-08-08 05:32:56.628266+0800 Plainsong[32161:11180090] [cfprefsd] WebContent[32527] Couldn't open <private> due to No such file or directory
2026-08-08 05:32:56.628383+0800 Plainsong[32161:11180090] [cfprefsd] WebContent[32527] Couldn't open <private> due to No such file or directory
2026-08-08 05:32:56.628409+0800 Plainsong[32161:11180090] [cfprefsd] WebContent[32527] Couldn't open <private> due to No such file or directory
2026-08-08 05:32:56.628478+0800 Plainsong[32161:11180090] [cfprefsd] WebContent[32527] Couldn't open <private> due to No such file or directory
2026-08-08 05:32:56.630050+0800 Plainsong[32161:11180090] [audiocomp] WebContent[32527] AudioComponentPluginMgr.mm:593   reg server remote proxy error Error Domain=NSCocoaErrorDomain Code=4099 "The connection to service named com.apple.audio.AudioComponentRegistrar was invalidated: Connection init failed at lookup with error 1 - Operation not permitted." UserInfo={NSDebugDescription=The connection to service named com.apple.audio.AudioComponentRegistrar was invalidated: Connection init failed at lookup with error 1 - Operation not permitted.}
2026-08-08 05:32:56.630176+0800 Plainsong[32161:11180090] [Connection] WebContent[32527] Missing com.apple.linkd.application-service / com.apple.linkd.autoShortcut mach-lookup entitlement, will NOT register the process
2026-08-08 05:32:56.630372+0800 Plainsong[32161:11180090] [Application] WebContent[32527] Error registering app with intents framework: Error Domain=LNProcessInstanceRegistryClientErrorDomain Code=1
2026-08-08 05:32:56.631987+0800 Plainsong[32161:11180090] [ResourceLoadStatistics] WebContent[32527] Unable to filter tracking query parameters (missing data)
2026-08-08 05:32:56.632381+0800 Plainsong[32161:11180090] WebContent[32527] networkd_settings_read_from_file_locked Sandbox is preventing this process from reading networkd settings file at "/Library/Preferences/com.apple.networkd.plist", please add an exception.
2026-08-08 05:32:56.632395+0800 Plainsong[32161:11180090] WebContent[32527] networkd_settings_read_from_file_locked Sandbox is preventing this process from reading networkd settings file at "/Library/Preferences/com.apple.networkd.plist", please add an exception.
2026-08-08 05:32:56.652127+0800 Plainsong[32161:11181198] [ResourceLoadStatistics] WebContent[32527] Unable to hide query parameters from script (missing data)
2026-08-08 05:32:56.788681+0800 Plainsong[32161:11180090] [SwiftUI] Modifying state during view update, this will cause undefined behavior.
2026-08-08 05:32:56.823659+0800 Plainsong[32161:11180090] F2_WARNING_PHASE_BEGIN id=6c68a1f6-7cd6-4b19-9959-40ddab397737 edits=5
2026-08-08 05:32:57.028750+0800 Plainsong[32161:11181013] [index] {CSInlineDonation[async]: "app.plainsong.editor" add-update-items:2 delete-items:0}: Failed to request donation Error Domain=CSIndexErrorDomain Code=-1000 "Failed to request donation" UserInfo={NSDebugDescription=Failed to request donation, NSUnderlyingError=0x7534160360 {Error Domain=NSCocoaErrorDomain Code=4099 "The connection to service named com.apple.SetStoreUpdateService was invalidated from this process." UserInfo={NSDebugDescription=The connection to service named com.apple.SetStoreUpdateService was invalidated from this process.}}}
2026-08-08 05:32:58.738040+0800 Plainsong[32161:11180090] F2_WARNING_PHASE_END id=6c68a1f6-7cd6-4b19-9959-40ddab397737 edits=5
F2 PERF production WorkspaceWindow find-open edit 1MB admission median 1.015 ms samples [1.148, 1.015, 14.057, 0.993, 0.867]; state-update receipt median 4.252 ms max 17.016 ms samples [4.738, 4.016, 17.016, 4.252, 3.623]
Test Case '-[PerformanceTests.EditorFindPerformanceTests testProductionWorkspaceFindOpenEditAdmissionAndStateReceiptStayWithinMeasuredBudgets]' passed (3.433 seconds).
Test Suite 'EditorFindPerformanceTests' passed at 2026-08-08 05:32:58.770.
	 Executed 2 tests, with 0 failures (0 unexpected) in 5.895 (5.896) seconds
Test Suite 'PerformanceTests.xctest' passed at 2026-08-08 05:32:58.770.
	 Executed 2 tests, with 0 failures (0 unexpected) in 5.895 (5.897) seconds
Test Suite 'Selected tests' passed at 2026-08-08 05:32:58.771.
	 Executed 2 tests, with 0 failures (0 unexpected) in 5.895 (5.898) seconds
2026-08-08 05:33:05.623 xcodebuild[32085:11179871] [MT] IDETestOperationsObserverDebug: 14.205 elapsed -- Testing started completed.
2026-08-08 05:33:05.623 xcodebuild[32085:11179871] [MT] IDETestOperationsObserverDebug: 0.000 sec, +0.000 sec -- start
2026-08-08 05:33:05.623 xcodebuild[32085:11179871] [MT] IDETestOperationsObserverDebug: 14.205 sec, +14.205 sec -- end

Test session results, code coverage, and logs:
	/tmp/plainsong-f2-final-six-v2.9p66Jp/release-1.xcresult

** TEST EXECUTE SUCCEEDED **

Testing started
