Command line invocation:
    /Applications/Xcode-beta.app/Contents/Developer/usr/bin/xcodebuild -xctestrun /private/tmp/plainsong-f2-final-six-v2.9p66Jp/release-3.products/Build/Products/Plainsong_macosx27.0-arm64-x86_64.xctestrun -destination platform=macOS,arch=arm64 -resultBundlePath /private/tmp/plainsong-f2-final-six-v2.9p66Jp/release-3.xcresult "-only-testing:PerformanceTests/EditorFindPerformanceTests" test-without-building

2026-08-08 05:33:38.916 xcodebuild[36154:11188875] [MT] IDERunDestination: Supported platforms for the buildables in the current scheme is empty.
Writing result bundle at path:
	/private/tmp/plainsong-f2-final-six-v2.9p66Jp/release-3.xcresult

2026-08-08 05:33:38.968 xcodebuild[36154:11188875] [MT] IDERunDestination: Supported platforms for the buildables in the current scheme is empty.
--- xcodebuild: WARNING: Using the first of multiple matching destinations:
{ platform:macOS, arch:arm64, id:00006000-0004042411D2801E, name:My Mac }
{ platform:macOS, arch:arm64, variant:Mac Catalyst, id:00006000-0004042411D2801E, name:My Mac }
{ platform:macOS, arch:arm64, variant:DriverKit, id:00006000-0004042411D2801E, name:My Mac }
{ platform:macOS, arch:arm64, variant:Designed for [iPad,iPhone], id:00006000-0004042411D2801E, name:My Mac }
2026-08-08 05:33:39.105 xcodebuild[36154:11188875] [MT] IDERunDestination: Supported platforms for the buildables in the current scheme is empty.
2026-08-08 05:33:40.388447+0800 Plainsong[36238:11189378] [Connection] Unable to get synchronousRemoteObjectProxy, error: Error Domain=NSCocoaErrorDomain Code=4097 "connection to service named com.apple.linkd.autoShortcut" UserInfo={NSDebugDescription=connection to service named com.apple.linkd.autoShortcut}
2026-08-08 05:33:40.388727+0800 Plainsong[36238:11189378] [Application] Error registering app with intents framework: Error Domain=NSCocoaErrorDomain Code=4097 "connection to service named com.apple.linkd.autoShortcut" UserInfo={NSDebugDescription=connection to service named com.apple.linkd.autoShortcut}
2026-08-08 05:33:40.389832+0800 Plainsong[36238:11189336] [Connection] Unable to get synchronousRemoteObjectProxy, error: Error Domain=NSCocoaErrorDomain Code=4097 "connection to service named com.apple.linkd.autoShortcut" UserInfo={NSDebugDescription=connection to service named com.apple.linkd.autoShortcut}
2026-08-08 05:33:40.389859+0800 Plainsong[36238:11189336] [Connection] Unable to re-register with Process Instance Registry, error: Error Domain=NSCocoaErrorDomain Code=4097 "connection to service named com.apple.linkd.autoShortcut" UserInfo={NSDebugDescription=connection to service named com.apple.linkd.autoShortcut}
2026-08-08 05:33:40.391314+0800 Plainsong[36238:11189337] [Connection] Unable to get synchronousRemoteObjectProxy, error: Error Domain=NSCocoaErrorDomain Code=4097 "connection to service named com.apple.linkd.autoShortcut" UserInfo={NSDebugDescription=connection to service named com.apple.linkd.autoShortcut}
2026-08-08 05:33:40.391357+0800 Plainsong[36238:11189337] [Connection] Unable to re-register with Process Instance Registry, error: Error Domain=NSCocoaErrorDomain Code=4097 "connection to service named com.apple.linkd.autoShortcut" UserInfo={NSDebugDescription=connection to service named com.apple.linkd.autoShortcut}
2026-08-08 05:33:40.392699+0800 Plainsong[36238:11189337] [Connection] Will NOT re-try to establish the connection
2026-08-08 05:33:40.392729+0800 Plainsong[36238:11189336] [Connection] Unable to get synchronousRemoteObjectProxy, error: Error Domain=NSCocoaErrorDomain Code=4097 "connection to service named com.apple.linkd.autoShortcut" UserInfo={NSDebugDescription=connection to service named com.apple.linkd.autoShortcut}
2026-08-08 05:33:40.392742+0800 Plainsong[36238:11189336] [Connection] Unable to re-register with Process Instance Registry, error: Error Domain=NSCocoaErrorDomain Code=4097 "connection to service named com.apple.linkd.autoShortcut" UserInfo={NSDebugDescription=connection to service named com.apple.linkd.autoShortcut}
2026-08-08 05:33:40.491839+0800 Plainsong[36238:11189110] ApplePersistenceIgnoreState: Existing state will not be touched. New state will be written to /Users/davis._.su/Library/Containers/app.plainsong.editor/Data/tmp/app.plainsong.editor.savedState
2026-08-08 05:33:40.651162+0800 Plainsong[36238:11189337] [index] {CSInlineDonation[async]: "app.plainsong.editor" delete-domains:1}: Failed to request donation Error Domain=CSIndexErrorDomain Code=-1000 "Failed to request donation" UserInfo={NSDebugDescription=Failed to request donation, NSUnderlyingError=0x7539e52d60 {Error Domain=NSCocoaErrorDomain Code=4099 "The connection to service named com.apple.SetStoreUpdateService was invalidated from this process." UserInfo={NSDebugDescription=The connection to service named com.apple.SetStoreUpdateService was invalidated from this process.}}}
Test Suite 'Selected tests' started at 2026-08-08 05:33:40.750.
Test Suite 'PerformanceTests.xctest' started at 2026-08-08 05:33:40.750.
Test Suite 'EditorFindPerformanceTests' started at 2026-08-08 05:33:40.750.
Test Case '-[PerformanceTests.EditorFindPerformanceTests testLargeFixtureFindQueryCompletionForZeroSparseAndDenseCases]' started.
F2 PERF budget mode local-hard
2026-08-08 05:33:40.946612+0800 Plainsong[36238:11189378] [index] {CSInlineDonation[async]: "app.plainsong.editor" add-update-items:1 delete-items:0}: Failed to request donation Error Domain=CSIndexErrorDomain Code=-1000 "Failed to request donation" UserInfo={NSDebugDescription=Failed to request donation, NSUnderlyingError=0x7539ccb450 {Error Domain=NSCocoaErrorDomain Code=4099 "The connection to service named com.apple.SetStoreUpdateService was invalidated from this process." UserInfo={NSDebugDescription=The connection to service named com.apple.SetStoreUpdateService was invalidated from this process.}}}
F2 PERF find query zero 1MB median 170.781 ms samples [177.752, 170.781, 165.903] (0 retained, truncated=false)
F2 PERF find query sparse 1MB median 181.319 ms samples [181.082, 188.834, 181.319] (1 retained, truncated=false)
F2 PERF find query dense-truncated 1MB median 233.066 ms samples [215.846, 260.129, 233.066] (10000 retained, truncated=true)
Test Case '-[PerformanceTests.EditorFindPerformanceTests testLargeFixtureFindQueryCompletionForZeroSparseAndDenseCases]' passed (2.444 seconds).
Test Case '-[PerformanceTests.EditorFindPerformanceTests testProductionWorkspaceFindOpenEditAdmissionAndStateReceiptStayWithinMeasuredBudgets]' started.
F2 PERF budget mode local-hard
2026-08-08 05:33:43.402966+0800 Plainsong[36238:11189110] [SwiftUI] Modifying state during view update, this will cause undefined behavior.
2026-08-08 05:33:43.403194+0800 Plainsong[36238:11189110] [SwiftUI] Modifying state during view update, this will cause undefined behavior.
2026-08-08 05:33:44.347421+0800 Plainsong[36238:11189110] [cfprefsd] WebContent[36592] Couldn't open <private> due to No such file or directory
2026-08-08 05:33:44.347459+0800 Plainsong[36238:11189110] [cfprefsd] WebContent[36592] Couldn't open <private> due to No such file or directory
2026-08-08 05:33:44.347467+0800 Plainsong[36238:11189110] [cfprefsd] WebContent[36592] Couldn't open <private> due to No such file or directory
2026-08-08 05:33:44.347473+0800 Plainsong[36238:11189110] [cfprefsd] WebContent[36592] Couldn't open <private> due to No such file or directory
2026-08-08 05:33:44.347479+0800 Plainsong[36238:11189110] [cfprefsd] WebContent[36592] Couldn't open <private> due to No such file or directory
2026-08-08 05:33:44.347484+0800 Plainsong[36238:11189110] [cfprefsd] WebContent[36592] Couldn't open <private> due to No such file or directory
2026-08-08 05:33:44.348106+0800 Plainsong[36238:11189453] [index] {CSInlineDonation[async]: "app.plainsong.editor" add-update-items:2 delete-items:0}: Failed to request donation Error Domain=CSIndexErrorDomain Code=-1000 "Failed to request donation" UserInfo={NSDebugDescription=Failed to request donation, NSUnderlyingError=0x7539d133f0 {Error Domain=NSCocoaErrorDomain Code=4099 "The connection to service named com.apple.SetStoreUpdateService was invalidated from this process." UserInfo={NSDebugDescription=The connection to service named com.apple.SetStoreUpdateService was invalidated from this process.}}}
2026-08-08 05:33:44.348245+0800 Plainsong[36238:11189110] [Process] GPU process (0x126114200) took 1.074127 seconds to launch
2026-08-08 05:33:44.348624+0800 Plainsong[36238:11189110] [Process] WebContent process (0x1260a4680) took 1.047660 seconds to launch
2026-08-08 05:33:44.425702+0800 Plainsong[36238:11189110] [general] WebContent[36592] Connection to 'pboard' server had an error: <dictionary: 0x1ffb3a920> { count = 1, transaction: 0, voucher = 0x0, contents =
	"XPCErrorDescription" => <string: 0x1ffb3aa60> { string cache = 0x0, length = 18, contents = "Connection invalid" }
}
Invalidation reason: Connection init failed at lookup with error 159 - Sandbox restriction
2026-08-08 05:33:44.425747+0800 Plainsong[36238:11189110] [general] WebContent[36592] Failed to set up CFPasteboardRef 'Apple CFPasteboard general'. Error: <dictionary: 0x1ffb3a920> { count = 1, transaction: 0, voucher = 0x0, contents =
	"XPCErrorDescription" => <string: 0x1ffb3aa60> { string cache = 0x0, length = 18, contents = "Connection invalid" }
}
Invalidation reason: Connection init failed at lookup with error 159 - Sandbox restriction
2026-08-08 05:33:44.427191+0800 Plainsong[36238:11189110] [cas] WebContent[36592] CONNECT: Attempt to connect to launchservicesd prohibited because kLSServerConnectionStatusProcessIsDaemonMask is set.
2026-08-08 05:33:44.427217+0800 Plainsong[36238:11189110] [cas] WebContent[36592] CRASHSTRING: rdar://problem/28724618 Couldn't connect to launchservicesd.
2026-08-08 05:33:44.429607+0800 Plainsong[36238:11189110] [access] WebContent[36592] send_message_with_reply_sync(): XPC_ERROR_CONNECTION_INVALID for msgID=36592.1 (function=TCCAccessRequest, service=kTCCServiceListenEvent)
2026-08-08 05:33:44.429633+0800 Plainsong[36238:11189110] [access] WebContent[36592] TCCAccessRequest_block_invoke: Connection invalid
2026-08-08 05:33:44.430269+0800 Plainsong[36238:11189110] [cfprefsd] WebContent[36592] Couldn't open <private> due to No such file or directory
2026-08-08 05:33:44.430328+0800 Plainsong[36238:11189110] [cfprefsd] WebContent[36592] Couldn't open <private> due to No such file or directory
2026-08-08 05:33:44.430374+0800 Plainsong[36238:11189110] [cfprefsd] WebContent[36592] Couldn't open <private> due to No such file or directory
2026-08-08 05:33:44.430721+0800 Plainsong[36238:11189110] [cfprefsd] WebContent[36592] Couldn't open <private> due to No such file or directory
2026-08-08 05:33:44.443510+0800 Plainsong[36238:11189110] WebContent[36592] invalid product id '(null)'
2026-08-08 05:33:44.443647+0800 Plainsong[36238:11189110] [cfprefsd] WebContent[36592] Couldn't open <private> due to No such file or directory
2026-08-08 05:33:44.443724+0800 Plainsong[36238:11189110] [cfprefsd] WebContent[36592] Couldn't open <private> due to No such file or directory
2026-08-08 05:33:44.443766+0800 Plainsong[36238:11189110] [cfprefsd] WebContent[36592] Couldn't open <private> due to No such file or directory
2026-08-08 05:33:44.444093+0800 Plainsong[36238:11189110] [cfprefsd] WebContent[36592] Couldn't open <private> due to No such file or directory
2026-08-08 05:33:44.447616+0800 Plainsong[36238:11189110] [cfprefsd] WebContent[36592] Couldn't open <private> due to No such file or directory
2026-08-08 05:33:44.449886+0800 Plainsong[36238:11189110] [default] WebContent[36592] Conn 0x0 is not a valid connection ID.
2026-08-08 05:33:44.449905+0800 Plainsong[36238:11189110] [default] WebContent[36592] Conn 0x0 is not a valid connection ID.
2026-08-08 05:33:44.449934+0800 Plainsong[36238:11189110] [default] WebContent[36592] Conn 0x0 is not a valid connection ID.
2026-08-08 05:33:44.449942+0800 Plainsong[36238:11189110] [cas] WebContent[36592] CONNECT: Attempt to connect to launchserivcesd prohibited because kLSServerConnectionStatusDoNotConnectToServerMask.
2026-08-08 05:33:44.449948+0800 Plainsong[36238:11189110] [cas] WebContent[36592] CONNECT: Attempt to connect to launchserivcesd prohibited because kLSServerConnectionStatusDoNotConnectToServerMask.
2026-08-08 05:33:44.449954+0800 Plainsong[36238:11189110] [cas] WebContent[36592] CONNECT: Attempt to connect to launchserivcesd prohibited because kLSServerConnectionStatusDoNotConnectToServerMask.
2026-08-08 05:33:44.450097+0800 Plainsong[36238:11189110] [cas] WebContent[36592] CONNECT: Attempt to connect to launchserivcesd prohibited because kLSServerConnectionStatusDoNotConnectToServerMask.
2026-08-08 05:33:44.450109+0800 Plainsong[36238:11189110] [cas] WebContent[36592] CONNECT: Attempt to connect to launchserivcesd prohibited because kLSServerConnectionStatusDoNotConnectToServerMask.
2026-08-08 05:33:44.450117+0800 Plainsong[36238:11189110] [cas] WebContent[36592] CONNECT: Attempt to connect to launchserivcesd prohibited because kLSServerConnectionStatusDoNotConnectToServerMask.
2026-08-08 05:33:44.450196+0800 Plainsong[36238:11189110] [cas] WebContent[36592] CONNECT: Attempt to connect to launchserivcesd prohibited because kLSServerConnectionStatusDoNotConnectToServerMask.
2026-08-08 05:33:44.450205+0800 Plainsong[36238:11189110] [cas] WebContent[36592] CONNECT: Attempt to connect to launchserivcesd prohibited because kLSServerConnectionStatusDoNotConnectToServerMask.
2026-08-08 05:33:44.450925+0800 Plainsong[36238:11189110] [sharedcache] WebContent[36592] checkinWithServer: Failed bootstrap_lookup2 for name of coreservicesd, kern_return_t=#1100/0x44c Permission denied name=com.apple.CoreServices.coreservicesd
2026-08-08 05:33:44.451119+0800 Plainsong[36238:11189110] [FileIDMap] WebContent[36592] FSNode_FillIOKitProperties: could not get iokit object for <private>
2026-08-08 05:33:44.451139+0800 Plainsong[36238:11189110] [FileIDMap] WebContent[36592] FSNode_SetFSSharedDeviceInfo: failed to fetch IOKit properties for <private>
2026-08-08 05:33:44.451234+0800 Plainsong[36238:11189110] [FileIDMap] WebContent[36592] FSNode_FillIOKitProperties: could not get iokit object for <private>
2026-08-08 05:33:44.451254+0800 Plainsong[36238:11189110] [FileIDMap] WebContent[36592] FSNode_SetFSSharedDeviceInfo: failed to fetch IOKit properties for <private>
2026-08-08 05:33:44.451836+0800 Plainsong[36238:11189110] [connection] WebContent[36592] The sandbox in this process does not allow access to RunningBoard.
2026-08-08 05:33:44.451849+0800 Plainsong[36238:11189110] [connection] WebContent[36592] Handshake aborted as the connection has been invalidated
2026-08-08 05:33:44.452344+0800 Plainsong[36238:11189110] [cas] WebContent[36592] CONNECT: Attempt to connect to launchserivcesd prohibited because kLSServerConnectionStatusDoNotConnectToServerMask.
2026-08-08 05:33:44.452372+0800 Plainsong[36238:11189110] [cas] WebContent[36592] CONNECT: Attempt to connect to launchserivcesd prohibited because kLSServerConnectionStatusDoNotConnectToServerMask.
2026-08-08 05:33:44.452380+0800 Plainsong[36238:11189110] [cas] WebContent[36592] CONNECT: Attempt to connect to launchserivcesd prohibited because kLSServerConnectionStatusDoNotConnectToServerMask.
2026-08-08 05:33:44.452385+0800 Plainsong[36238:11189110] [cas] WebContent[36592] CONNECT: Attempt to connect to launchserivcesd prohibited because kLSServerConnectionStatusDoNotConnectToServerMask.
2026-08-08 05:33:44.452390+0800 Plainsong[36238:11189110] [cas] WebContent[36592] CONNECT: Attempt to connect to launchserivcesd prohibited because kLSServerConnectionStatusDoNotConnectToServerMask.
2026-08-08 05:33:44.452432+0800 Plainsong[36238:11189110] [default] WebContent[36592] Conn 0x0 is not a valid connection ID.
2026-08-08 05:33:44.452956+0800 Plainsong[36238:11189110] [default] WebContent[36592] Conn 0x0 is not a valid connection ID.
2026-08-08 05:33:44.452985+0800 Plainsong[36238:11189110] [default] WebContent[36592] Conn 0x0 is not a valid connection ID.
2026-08-08 05:33:44.452991+0800 Plainsong[36238:11189110] [default] WebContent[36592] Conn 0x0 is not a valid connection ID.
2026-08-08 05:33:44.452997+0800 Plainsong[36238:11189110] [default] WebContent[36592] Conn 0x0 is not a valid connection ID.
2026-08-08 05:33:44.453001+0800 Plainsong[36238:11189110] [default] WebContent[36592] Conn 0x0 is not a valid connection ID.
2026-08-08 05:33:44.453280+0800 Plainsong[36238:11189110] [access] WebContent[36592] send_message_with_reply_sync(): XPC_ERROR_CONNECTION_INVALID for msgID=36592.2 (function=TCCAccessLaunchDisclosurePromptIfNeeded, service=(null))
2026-08-08 05:33:44.453294+0800 Plainsong[36238:11189110] [access] WebContent[36592] TCCAccessLaunchDisclosurePromptIfNeeded_block_invoke_2: Connection invalid
2026-08-08 05:33:44.454687+0800 Plainsong[36238:11189110] [cfprefsd] WebContent[36592] Couldn't open <private> due to No such file or directory
2026-08-08 05:33:44.454755+0800 Plainsong[36238:11189110] [cfprefsd] WebContent[36592] Couldn't open <private> due to No such file or directory
2026-08-08 05:33:44.454809+0800 Plainsong[36238:11189110] [cfprefsd] WebContent[36592] Couldn't open <private> due to No such file or directory
2026-08-08 05:33:44.454867+0800 Plainsong[36238:11189110] [cfprefsd] WebContent[36592] Couldn't open <private> due to No such file or directory
2026-08-08 05:33:44.454919+0800 Plainsong[36238:11189110] [cfprefsd] WebContent[36592] Couldn't open <private> due to No such file or directory
2026-08-08 05:33:44.456388+0800 Plainsong[36238:11189110] [Connection] WebContent[36592] Missing com.apple.linkd.application-service / com.apple.linkd.autoShortcut mach-lookup entitlement, will NOT register the process
2026-08-08 05:33:44.456439+0800 Plainsong[36238:11189110] [audiocomp] WebContent[36592] AudioComponentPluginMgr.mm:593   reg server remote proxy error Error Domain=NSCocoaErrorDomain Code=4099 "The connection to service named com.apple.audio.AudioComponentRegistrar was invalidated: Connection init failed at lookup with error 1 - Operation not permitted." UserInfo={NSDebugDescription=The connection to service named com.apple.audio.AudioComponentRegistrar was invalidated: Connection init failed at lookup with error 1 - Operation not permitted.}
2026-08-08 05:33:44.456468+0800 Plainsong[36238:11189110] [Application] WebContent[36592] Error registering app with intents framework: Error Domain=LNProcessInstanceRegistryClientErrorDomain Code=1
2026-08-08 05:33:44.458263+0800 Plainsong[36238:11189110] [ResourceLoadStatistics] WebContent[36592] Unable to filter tracking query parameters (missing data)
2026-08-08 05:33:44.459006+0800 Plainsong[36238:11189110] WebContent[36592] networkd_settings_read_from_file_locked Sandbox is preventing this process from reading networkd settings file at "/Library/Preferences/com.apple.networkd.plist", please add an exception.
2026-08-08 05:33:44.459052+0800 Plainsong[36238:11189110] WebContent[36592] networkd_settings_read_from_file_locked Sandbox is preventing this process from reading networkd settings file at "/Library/Preferences/com.apple.networkd.plist", please add an exception.
2026-08-08 05:33:44.476798+0800 Plainsong[36238:11190167] [ResourceLoadStatistics] WebContent[36592] Unable to hide query parameters from script (missing data)
2026-08-08 05:33:44.607498+0800 Plainsong[36238:11189110] [SwiftUI] Modifying state during view update, this will cause undefined behavior.
2026-08-08 05:33:44.641268+0800 Plainsong[36238:11189110] F2_WARNING_PHASE_BEGIN id=6b3b97ed-37c5-4fc5-b24f-34e6ddb464e9 edits=5
2026-08-08 05:33:44.858143+0800 Plainsong[36238:11189453] [index] {CSInlineDonation[async]: "app.plainsong.editor" add-update-items:2 delete-items:0}: Failed to request donation Error Domain=CSIndexErrorDomain Code=-1000 "Failed to request donation" UserInfo={NSDebugDescription=Failed to request donation, NSUnderlyingError=0x753a7ba8e0 {Error Domain=NSCocoaErrorDomain Code=4099 "The connection to service named com.apple.SetStoreUpdateService was invalidated from this process." UserInfo={NSDebugDescription=The connection to service named com.apple.SetStoreUpdateService was invalidated from this process.}}}
2026-08-08 05:33:46.555171+0800 Plainsong[36238:11189110] F2_WARNING_PHASE_END id=6b3b97ed-37c5-4fc5-b24f-34e6ddb464e9 edits=5
F2 PERF production WorkspaceWindow find-open edit 1MB admission median 1.039 ms samples [1.250, 1.036, 13.521, 1.039, 0.866]; state-update receipt median 3.791 ms max 16.199 ms samples [4.797, 3.745, 16.199, 3.791, 3.377]
Test Case '-[PerformanceTests.EditorFindPerformanceTests testProductionWorkspaceFindOpenEditAdmissionAndStateReceiptStayWithinMeasuredBudgets]' passed (3.391 seconds).
Test Suite 'EditorFindPerformanceTests' passed at 2026-08-08 05:33:46.586.
	 Executed 2 tests, with 0 failures (0 unexpected) in 5.835 (5.836) seconds
Test Suite 'PerformanceTests.xctest' passed at 2026-08-08 05:33:46.587.
	 Executed 2 tests, with 0 failures (0 unexpected) in 5.835 (5.836) seconds
Test Suite 'Selected tests' passed at 2026-08-08 05:33:46.587.
	 Executed 2 tests, with 0 failures (0 unexpected) in 5.835 (5.837) seconds
2026-08-08 05:33:53.586 xcodebuild[36154:11188875] [MT] IDETestOperationsObserverDebug: 14.480 elapsed -- Testing started completed.
2026-08-08 05:33:53.586 xcodebuild[36154:11188875] [MT] IDETestOperationsObserverDebug: 0.000 sec, +0.000 sec -- start
2026-08-08 05:33:53.586 xcodebuild[36154:11188875] [MT] IDETestOperationsObserverDebug: 14.480 sec, +14.480 sec -- end

Test session results, code coverage, and logs:
	/tmp/plainsong-f2-final-six-v2.9p66Jp/release-3.xcresult

** TEST EXECUTE SUCCEEDED **

Testing started
