Command line invocation:
    /Applications/Xcode-beta.app/Contents/Developer/usr/bin/xcodebuild -project Plainsong.xcodeproj -scheme PerformanceTests -configuration Debug -destination platform=macOS -parallel-testing-enabled NO -derivedDataPath /private/tmp/plainsong-e9-build-7377cf4e51edb85d023986a8c33cabd3edff6a10/Debug -resultBundlePath /private/tmp/plainsong-h22-e9-paired-20261004-run5/Debug-plain-20261004-194421-22173/Results.xcresult ENABLE_TESTABILITY=YES test-without-building "-only-testing:PerformanceTests/AppBackedEditorPerformanceTests/testTypingWithoutHTMLExportForRecordedLoadComparison"

Build settings from command line:
    ENABLE_TESTABILITY = YES

Resolve Package Graph


Resolved source packages:
  SwiftTreeSitter: https://github.com/tree-sitter/swift-tree-sitter.git @ 0.10.0
  WorkspaceKit: /Users/davis._.su/Documents/plainsong-export-html-command/Packages/WorkspaceKit
  TreeSitterMarkdown: https://github.com/tree-sitter-grammars/tree-sitter-markdown.git @ 0.5.3
  Yams: https://github.com/jpsim/Yams.git @ 6.2.2
  PreviewKit: /Users/davis._.su/Documents/plainsong-export-html-command/Packages/PreviewKit
  MarkdownCore: /Users/davis._.su/Documents/plainsong-export-html-command/Packages/MarkdownCore
  EditorKit: /Users/davis._.su/Documents/plainsong-export-html-command/Packages/EditorKit
  STTextView: https://github.com/krzyzanowskim/STTextView.git @ 2.3.10
  TreeSitter: https://github.com/tree-sitter/tree-sitter @ 0.25.10
  CoreTextSwift: https://github.com/krzyzanowskim/CoreTextSwift @ 0.2.0
  STTextKitPlus: https://github.com/krzyzanowskim/STTextKitPlus @ 0.3.1

Writing result bundle at path:
	/private/tmp/plainsong-h22-e9-paired-20261004-run5/Debug-plain-20261004-194421-22173/Results.xcresult

--- xcodebuild: WARNING: Using the first of multiple matching destinations:
{ platform:macOS, arch:arm64, id:00006000-0004042411D2801E, name:My Mac }
{ platform:macOS, arch:x86_64, id:00006000-0004042411D2801E, name:My Mac }
2026-10-04 19:44:23.746936+0800 Plainsong[22214:204828] [Connection] Unable to get synchronousRemoteObjectProxy, error: Error Domain=NSCocoaErrorDomain Code=4097 "connection to service named com.apple.linkd.autoShortcut" UserInfo={NSDebugDescription=connection to service named com.apple.linkd.autoShortcut}
2026-10-04 19:44:23.747207+0800 Plainsong[22214:204828] [Application] Error registering app with intents framework: Error Domain=NSCocoaErrorDomain Code=4097 "connection to service named com.apple.linkd.autoShortcut" UserInfo={NSDebugDescription=connection to service named com.apple.linkd.autoShortcut}
2026-10-04 19:44:23.747801+0800 Plainsong[22214:204833] [Connection] Unable to get synchronousRemoteObjectProxy, error: Error Domain=NSCocoaErrorDomain Code=4097 "connection to service named com.apple.linkd.autoShortcut" UserInfo={NSDebugDescription=connection to service named com.apple.linkd.autoShortcut}
2026-10-04 19:44:23.747831+0800 Plainsong[22214:204833] [Connection] Unable to re-register with Process Instance Registry, error: Error Domain=NSCocoaErrorDomain Code=4097 "connection to service named com.apple.linkd.autoShortcut" UserInfo={NSDebugDescription=connection to service named com.apple.linkd.autoShortcut}
2026-10-04 19:44:23.748883+0800 Plainsong[22214:204829] [Connection] Unable to get synchronousRemoteObjectProxy, error: Error Domain=NSCocoaErrorDomain Code=4097 "connection to service named com.apple.linkd.autoShortcut" UserInfo={NSDebugDescription=connection to service named com.apple.linkd.autoShortcut}
2026-10-04 19:44:23.748902+0800 Plainsong[22214:204829] [Connection] Unable to re-register with Process Instance Registry, error: Error Domain=NSCocoaErrorDomain Code=4097 "connection to service named com.apple.linkd.autoShortcut" UserInfo={NSDebugDescription=connection to service named com.apple.linkd.autoShortcut}
2026-10-04 19:44:23.749842+0800 Plainsong[22214:204829] [Connection] Will NOT re-try to establish the connection
2026-10-04 19:44:23.749902+0800 Plainsong[22214:204828] [Connection] Unable to get synchronousRemoteObjectProxy, error: Error Domain=NSCocoaErrorDomain Code=4097 "connection to service named com.apple.linkd.autoShortcut" UserInfo={NSDebugDescription=connection to service named com.apple.linkd.autoShortcut}
2026-10-04 19:44:23.749922+0800 Plainsong[22214:204828] [Connection] Unable to re-register with Process Instance Registry, error: Error Domain=NSCocoaErrorDomain Code=4097 "connection to service named com.apple.linkd.autoShortcut" UserInfo={NSDebugDescription=connection to service named com.apple.linkd.autoShortcut}
2026-10-04 19:44:23.846486+0800 Plainsong[22214:204815] ApplePersistenceIgnoreState: Existing state will not be touched. New state will be written to /Users/davis._.su/Library/Containers/app.plainsong.editor/Data/tmp/app.plainsong.editor.savedState
Test Suite 'Selected tests' started at 2026-10-04 19:44:24.122.
Test Suite 'PerformanceTests.xctest' started at 2026-10-04 19:44:24.122.
Test Suite 'AppBackedEditorPerformanceTests' started at 2026-10-04 19:44:24.122.
Test Case '-[PerformanceTests.AppBackedEditorPerformanceTests testTypingWithoutHTMLExportForRecordedLoadComparison]' started.
EXPORT E9 native input + public-view update without export 15.570875 ms
Test Case '-[PerformanceTests.AppBackedEditorPerformanceTests testTypingWithoutHTMLExportForRecordedLoadComparison]' passed (0.159 seconds).
Test Suite 'AppBackedEditorPerformanceTests' passed at 2026-10-04 19:44:24.282.
	 Executed 1 test, with 0 failures (0 unexpected) in 0.159 (0.160) seconds
Test Suite 'PerformanceTests.xctest' passed at 2026-10-04 19:44:24.283.
	 Executed 1 test, with 0 failures (0 unexpected) in 0.159 (0.160) seconds
Test Suite 'Selected tests' passed at 2026-10-04 19:44:24.283.
	 Executed 1 test, with 0 failures (0 unexpected) in 0.159 (0.161) seconds
2026-10-04 19:44:24.560 xcodebuild[22189:204695] [MT] IDETestOperationsObserverDebug: 1.303 elapsed -- Testing started completed.
2026-10-04 19:44:24.560 xcodebuild[22189:204695] [MT] IDETestOperationsObserverDebug: 0.000 sec, +0.000 sec -- start
2026-10-04 19:44:24.560 xcodebuild[22189:204695] [MT] IDETestOperationsObserverDebug: 1.303 sec, +1.303 sec -- end

Test session results, code coverage, and logs:
	/tmp/plainsong-h22-e9-paired-20261004-run5/Debug-plain-20261004-194421-22173/Results.xcresult

** TEST EXECUTE SUCCEEDED **

Testing started
