Export E9 quiet check: load 3.81; ceiling 6.0; builds={}; evidence=/private/tmp/plainsong-h22-e9-paired-20261004-run3/Debug-build-20261004-193627-20558
xcodegen generate
⚙️  Generating plists...
⚙️  Generating project...
⚙️  Writing project...
Created project at /Users/davis._.su/Documents/plainsong-export-html-command/Plainsong.xcodeproj
/Users/davis._.su/Documents/plainsong-export-html-command/Scripts/run-export-html-e9.sh: line 67: test_settings[@]: unbound variable
Export E9 quiet check: load 2.92; ceiling 6.0; builds={}; evidence=/private/tmp/plainsong-h22-e9-paired-20261004-run3/Debug-build-20261004-193657-20581
xcodegen generate
⚙️  Generating plists...
⚙️  Generating project...
⚙️  Writing project...
Created project at /Users/davis._.su/Documents/plainsong-export-html-command/Plainsong.xcodeproj
/Users/davis._.su/Documents/plainsong-export-html-command/Scripts/run-export-html-e9.sh: line 67: test_settings[@]: unbound variable
Export E9 quiet check: load 4.64; ceiling 6.0; builds={}; evidence=/private/tmp/plainsong-h22-e9-paired-20261004-run3/Debug-build-20261004-193727-20605
xcodegen generate
⚙️  Generating plists...
⚙️  Generating project...
⚙️  Writing project...
Created project at /Users/davis._.su/Documents/plainsong-export-html-command/Plainsong.xcodeproj
/Users/davis._.su/Documents/plainsong-export-html-command/Scripts/run-export-html-e9.sh: line 67: test_settings[@]: unbound variable
Export E9 quiet check: load 3.98; ceiling 6.0; builds={}; evidence=/private/tmp/plainsong-h22-e9-paired-20261004-run3/Debug-build-20261004-193758-20651
xcodegen generate
⚙️  Generating plists...
⚙️  Generating project...
⚙️  Writing project...
Created project at /Users/davis._.su/Documents/plainsong-export-html-command/Plainsong.xcodeproj
/Users/davis._.su/Documents/plainsong-export-html-command/Scripts/run-export-html-e9.sh: line 67: test_settings[@]: unbound variable
Export E9 quiet check: load 3.97; ceiling 6.0; builds={}; evidence=/private/tmp/plainsong-h22-e9-paired-20261004-run3/Debug-build-20261004-193828-20696
xcodegen generate
⚙️  Generating plists...
⚙️  Generating project...
⚙️  Writing project...
Created project at /Users/davis._.su/Documents/plainsong-export-html-command/Plainsong.xcodeproj
/Users/davis._.su/Documents/plainsong-export-html-command/Scripts/run-export-html-e9.sh: line 67: test_settings[@]: unbound variable
