Command line invocation:
    /Applications/Xcode-beta.app/Contents/Developer/usr/bin/xcodebuild -project Plainsong.xcodeproj -scheme PerformanceTests -configuration Release -destination platform=macOS -parallel-testing-enabled NO -derivedDataPath /private/tmp/plainsong-e9-build-7377cf4e51edb85d023986a8c33cabd3edff6a10/Release -resultBundlePath /private/tmp/plainsong-h22-e9-paired-20261004-run5/Release-plain-20261004-194636-23044/Results.xcresult ENABLE_TESTABILITY=YES test-without-building "-only-testing:PerformanceTests/AppBackedEditorPerformanceTests/testTypingWithoutHTMLExportForRecordedLoadComparison"

Build settings from command line:
    ENABLE_TESTABILITY = YES

Resolve Package Graph


Resolved source packages:
  WorkspaceKit: /Users/davis._.su/Documents/plainsong-export-html-command/Packages/WorkspaceKit
  MarkdownCore: /Users/davis._.su/Documents/plainsong-export-html-command/Packages/MarkdownCore
  CoreTextSwift: https://github.com/krzyzanowskim/CoreTextSwift @ 0.2.0
  STTextKitPlus: https://github.com/krzyzanowskim/STTextKitPlus @ 0.3.1
  STTextView: https://github.com/krzyzanowskim/STTextView.git @ 2.3.10
  Yams: https://github.com/jpsim/Yams.git @ 6.2.2
  TreeSitter: https://github.com/tree-sitter/tree-sitter @ 0.25.10
  TreeSitterMarkdown: https://github.com/tree-sitter-grammars/tree-sitter-markdown.git @ 0.5.3
  SwiftTreeSitter: https://github.com/tree-sitter/swift-tree-sitter.git @ 0.10.0
  EditorKit: /Users/davis._.su/Documents/plainsong-export-html-command/Packages/EditorKit
  PreviewKit: /Users/davis._.su/Documents/plainsong-export-html-command/Packages/PreviewKit

Writing result bundle at path:
	/private/tmp/plainsong-h22-e9-paired-20261004-run5/Release-plain-20261004-194636-23044/Results.xcresult

--- xcodebuild: WARNING: Using the first of multiple matching destinations:
{ platform:macOS, arch:arm64, id:00006000-0004042411D2801E, name:My Mac }
{ platform:macOS, arch:x86_64, id:00006000-0004042411D2801E, name:My Mac }
2026-10-04 19:46:38.181512+0800 Plainsong[23085:211890] [Connection] Unable to get synchronousRemoteObjectProxy, error: Error Domain=NSCocoaErrorDomain Code=4097 "connection to service named com.apple.linkd.autoShortcut" UserInfo={NSDebugDescription=connection to service named com.apple.linkd.autoShortcut}
2026-10-04 19:46:38.181764+0800 Plainsong[23085:211890] [Application] Error registering app with intents framework: Error Domain=NSCocoaErrorDomain Code=4097 "connection to service named com.apple.linkd.autoShortcut" UserInfo={NSDebugDescription=connection to service named com.apple.linkd.autoShortcut}
2026-10-04 19:46:38.182384+0800 Plainsong[23085:211891] [Connection] Unable to get synchronousRemoteObjectProxy, error: Error Domain=NSCocoaErrorDomain Code=4097 "connection to service named com.apple.linkd.autoShortcut" UserInfo={NSDebugDescription=connection to service named com.apple.linkd.autoShortcut}
2026-10-04 19:46:38.182402+0800 Plainsong[23085:211891] [Connection] Unable to re-register with Process Instance Registry, error: Error Domain=NSCocoaErrorDomain Code=4097 "connection to service named com.apple.linkd.autoShortcut" UserInfo={NSDebugDescription=connection to service named com.apple.linkd.autoShortcut}
2026-10-04 19:46:38.183344+0800 Plainsong[23085:211890] [Connection] Unable to get synchronousRemoteObjectProxy, error: Error Domain=NSCocoaErrorDomain Code=4097 "connection to service named com.apple.linkd.autoShortcut" UserInfo={NSDebugDescription=connection to service named com.apple.linkd.autoShortcut}
2026-10-04 19:46:38.183365+0800 Plainsong[23085:211890] [Connection] Unable to re-register with Process Instance Registry, error: Error Domain=NSCocoaErrorDomain Code=4097 "connection to service named com.apple.linkd.autoShortcut" UserInfo={NSDebugDescription=connection to service named com.apple.linkd.autoShortcut}
2026-10-04 19:46:38.184218+0800 Plainsong[23085:211890] [Connection] Will NOT re-try to establish the connection
2026-10-04 19:46:38.184257+0800 Plainsong[23085:211891] [Connection] Unable to get synchronousRemoteObjectProxy, error: Error Domain=NSCocoaErrorDomain Code=4097 "connection to service named com.apple.linkd.autoShortcut" UserInfo={NSDebugDescription=connection to service named com.apple.linkd.autoShortcut}
2026-10-04 19:46:38.184274+0800 Plainsong[23085:211891] [Connection] Unable to re-register with Process Instance Registry, error: Error Domain=NSCocoaErrorDomain Code=4097 "connection to service named com.apple.linkd.autoShortcut" UserInfo={NSDebugDescription=connection to service named com.apple.linkd.autoShortcut}
2026-10-04 19:46:38.303905+0800 Plainsong[23085:211858] ApplePersistenceIgnoreState: Existing state will not be touched. New state will be written to /Users/davis._.su/Library/Containers/app.plainsong.editor/Data/tmp/app.plainsong.editor.savedState
Test Suite 'Selected tests' started at 2026-10-04 19:46:38.533.
Test Suite 'PerformanceTests.xctest' started at 2026-10-04 19:46:38.533.
Test Suite 'AppBackedEditorPerformanceTests' started at 2026-10-04 19:46:38.533.
Test Case '-[PerformanceTests.AppBackedEditorPerformanceTests testTypingWithoutHTMLExportForRecordedLoadComparison]' started.
EXPORT E9 native input + public-view update without export 12.754708 ms
Test Case '-[PerformanceTests.AppBackedEditorPerformanceTests testTypingWithoutHTMLExportForRecordedLoadComparison]' passed (0.131 seconds).
Test Suite 'AppBackedEditorPerformanceTests' passed at 2026-10-04 19:46:38.665.
	 Executed 1 test, with 0 failures (0 unexpected) in 0.131 (0.132) seconds
Test Suite 'PerformanceTests.xctest' passed at 2026-10-04 19:46:38.666.
	 Executed 1 test, with 0 failures (0 unexpected) in 0.131 (0.132) seconds
Test Suite 'Selected tests' passed at 2026-10-04 19:46:38.666.
	 Executed 1 test, with 0 failures (0 unexpected) in 0.131 (0.133) seconds
2026-10-04 19:46:38.958 xcodebuild[23060:211731] [MT] IDETestOperationsObserverDebug: 1.262 elapsed -- Testing started completed.
2026-10-04 19:46:38.958 xcodebuild[23060:211731] [MT] IDETestOperationsObserverDebug: 0.000 sec, +0.000 sec -- start
2026-10-04 19:46:38.958 xcodebuild[23060:211731] [MT] IDETestOperationsObserverDebug: 1.262 sec, +1.262 sec -- end

Test session results, code coverage, and logs:
	/tmp/plainsong-h22-e9-paired-20261004-run5/Release-plain-20261004-194636-23044/Results.xcresult

** TEST EXECUTE SUCCEEDED **

Testing started
