Command line invocation:
    /Applications/Xcode-beta.app/Contents/Developer/usr/bin/xcodebuild -xctestrun /private/tmp/plainsong-f2-final-six-v2.9p66Jp/release-2.products/Build/Products/Plainsong_macosx27.0-arm64-x86_64.xctestrun -destination platform=macOS,arch=arm64 -resultBundlePath /private/tmp/plainsong-f2-final-six-v2.9p66Jp/release-2.xcresult "-only-testing:PerformanceTests/EditorFindPerformanceTests" test-without-building

2026-08-08 05:33:15.183 xcodebuild[34121:11184261] [MT] IDERunDestination: Supported platforms for the buildables in the current scheme is empty.
Writing result bundle at path:
	/private/tmp/plainsong-f2-final-six-v2.9p66Jp/release-2.xcresult

2026-08-08 05:33:15.186 xcodebuild[34121:11184261] [MT] IDERunDestination: Supported platforms for the buildables in the current scheme is empty.
--- xcodebuild: WARNING: Using the first of multiple matching destinations:
{ platform:macOS, arch:arm64, id:00006000-0004042411D2801E, name:My Mac }
{ platform:macOS, arch:arm64, variant:Mac Catalyst, id:00006000-0004042411D2801E, name:My Mac }
{ platform:macOS, arch:arm64, variant:DriverKit, id:00006000-0004042411D2801E, name:My Mac }
{ platform:macOS, arch:arm64, variant:Designed for [iPad,iPhone], id:00006000-0004042411D2801E, name:My Mac }
2026-08-08 05:33:15.314 xcodebuild[34121:11184261] [MT] IDERunDestination: Supported platforms for the buildables in the current scheme is empty.
2026-08-08 05:33:16.163595+0800 Plainsong[34203:11184707] [Connection] Unable to get synchronousRemoteObjectProxy, error: Error Domain=NSCocoaErrorDomain Code=4097 "connection to service named com.apple.linkd.autoShortcut" UserInfo={NSDebugDescription=connection to service named com.apple.linkd.autoShortcut}
2026-08-08 05:33:16.163915+0800 Plainsong[34203:11184707] [Application] Error registering app with intents framework: Error Domain=NSCocoaErrorDomain Code=4097 "connection to service named com.apple.linkd.autoShortcut" UserInfo={NSDebugDescription=connection to service named com.apple.linkd.autoShortcut}
2026-08-08 05:33:16.164915+0800 Plainsong[34203:11184691] [Connection] Unable to get synchronousRemoteObjectProxy, error: Error Domain=NSCocoaErrorDomain Code=4097 "connection to service named com.apple.linkd.autoShortcut" UserInfo={NSDebugDescription=connection to service named com.apple.linkd.autoShortcut}
2026-08-08 05:33:16.164933+0800 Plainsong[34203:11184691] [Connection] Unable to re-register with Process Instance Registry, error: Error Domain=NSCocoaErrorDomain Code=4097 "connection to service named com.apple.linkd.autoShortcut" UserInfo={NSDebugDescription=connection to service named com.apple.linkd.autoShortcut}
2026-08-08 05:33:16.166444+0800 Plainsong[34203:11184692] [Connection] Unable to get synchronousRemoteObjectProxy, error: Error Domain=NSCocoaErrorDomain Code=4097 "connection to service named com.apple.linkd.autoShortcut" UserInfo={NSDebugDescription=connection to service named com.apple.linkd.autoShortcut}
2026-08-08 05:33:16.166463+0800 Plainsong[34203:11184692] [Connection] Unable to re-register with Process Instance Registry, error: Error Domain=NSCocoaErrorDomain Code=4097 "connection to service named com.apple.linkd.autoShortcut" UserInfo={NSDebugDescription=connection to service named com.apple.linkd.autoShortcut}
2026-08-08 05:33:16.167860+0800 Plainsong[34203:11184692] [Connection] Will NOT re-try to establish the connection
2026-08-08 05:33:16.167914+0800 Plainsong[34203:11184707] [Connection] Unable to get synchronousRemoteObjectProxy, error: Error Domain=NSCocoaErrorDomain Code=4097 "connection to service named com.apple.linkd.autoShortcut" UserInfo={NSDebugDescription=connection to service named com.apple.linkd.autoShortcut}
2026-08-08 05:33:16.167931+0800 Plainsong[34203:11184707] [Connection] Unable to re-register with Process Instance Registry, error: Error Domain=NSCocoaErrorDomain Code=4097 "connection to service named com.apple.linkd.autoShortcut" UserInfo={NSDebugDescription=connection to service named com.apple.linkd.autoShortcut}
2026-08-08 05:33:16.274040+0800 Plainsong[34203:11184516] ApplePersistenceIgnoreState: Existing state will not be touched. New state will be written to /Users/davis._.su/Library/Containers/app.plainsong.editor/Data/tmp/app.plainsong.editor.savedState
2026-08-08 05:33:16.436836+0800 Plainsong[34203:11184691] [index] {CSInlineDonation[async]: "app.plainsong.editor" delete-domains:1}: Failed to request donation Error Domain=CSIndexErrorDomain Code=-1000 "Failed to request donation" UserInfo={NSDebugDescription=Failed to request donation, NSUnderlyingError=0x75afdff4b0 {Error Domain=NSCocoaErrorDomain Code=4099 "The connection to service named com.apple.SetStoreUpdateService was invalidated from this process." UserInfo={NSDebugDescription=The connection to service named com.apple.SetStoreUpdateService was invalidated from this process.}}}
Test Suite 'Selected tests' started at 2026-08-08 05:33:16.542.
Test Suite 'PerformanceTests.xctest' started at 2026-08-08 05:33:16.542.
Test Suite 'EditorFindPerformanceTests' started at 2026-08-08 05:33:16.542.
Test Case '-[PerformanceTests.EditorFindPerformanceTests testLargeFixtureFindQueryCompletionForZeroSparseAndDenseCases]' started.
F2 PERF budget mode local-hard
2026-08-08 05:33:16.715156+0800 Plainsong[34203:11184707] [index] {CSInlineDonation[async]: "app.plainsong.editor" add-update-items:1 delete-items:0}: Failed to request donation Error Domain=CSIndexErrorDomain Code=-1000 "Failed to request donation" UserInfo={NSDebugDescription=Failed to request donation, NSUnderlyingError=0x75afc62e80 {Error Domain=NSCocoaErrorDomain Code=4099 "The connection to service named com.apple.SetStoreUpdateService was invalidated from this process." UserInfo={NSDebugDescription=The connection to service named com.apple.SetStoreUpdateService was invalidated from this process.}}}
F2 PERF find query zero 1MB median 171.058 ms samples [170.424, 171.058, 171.917] (0 retained, truncated=false)
F2 PERF find query sparse 1MB median 192.345 ms samples [192.345, 189.156, 194.835] (1 retained, truncated=false)
F2 PERF find query dense-truncated 1MB median 245.958 ms samples [245.958, 221.562, 253.468] (10000 retained, truncated=true)
Test Case '-[PerformanceTests.EditorFindPerformanceTests testLargeFixtureFindQueryCompletionForZeroSparseAndDenseCases]' passed (2.470 seconds).
Test Case '-[PerformanceTests.EditorFindPerformanceTests testProductionWorkspaceFindOpenEditAdmissionAndStateReceiptStayWithinMeasuredBudgets]' started.
F2 PERF budget mode local-hard
2026-08-08 05:33:19.467727+0800 Plainsong[34203:11184516] [SwiftUI] Modifying state during view update, this will cause undefined behavior.
2026-08-08 05:33:19.467938+0800 Plainsong[34203:11184516] [SwiftUI] Modifying state during view update, this will cause undefined behavior.
2026-08-08 05:33:19.819870+0800 Plainsong[34203:11184516] [cfprefsd] WebContent[34544] Couldn't open <private> due to No such file or directory
2026-08-08 05:33:19.819900+0800 Plainsong[34203:11184516] [cfprefsd] WebContent[34544] Couldn't open <private> due to No such file or directory
2026-08-08 05:33:19.819907+0800 Plainsong[34203:11184516] [cfprefsd] WebContent[34544] Couldn't open <private> due to No such file or directory
2026-08-08 05:33:19.819914+0800 Plainsong[34203:11184516] [cfprefsd] WebContent[34544] Couldn't open <private> due to No such file or directory
2026-08-08 05:33:19.819918+0800 Plainsong[34203:11184516] [cfprefsd] WebContent[34544] Couldn't open <private> due to No such file or directory
2026-08-08 05:33:19.819923+0800 Plainsong[34203:11184516] [cfprefsd] WebContent[34544] Couldn't open <private> due to No such file or directory
2026-08-08 05:33:19.897554+0800 Plainsong[34203:11184516] [general] WebContent[34544] Connection to 'pboard' server had an error: <dictionary: 0x1ffb3a920> { count = 1, transaction: 0, voucher = 0x0, contents =
	"XPCErrorDescription" => <string: 0x1ffb3aa60> { string cache = 0x0, length = 18, contents = "Connection invalid" }
}
Invalidation reason: Connection init failed at lookup with error 159 - Sandbox restriction
2026-08-08 05:33:19.897601+0800 Plainsong[34203:11184516] [general] WebContent[34544] Failed to set up CFPasteboardRef 'Apple CFPasteboard general'. Error: <dictionary: 0x1ffb3a920> { count = 1, transaction: 0, voucher = 0x0, contents =
	"XPCErrorDescription" => <string: 0x1ffb3aa60> { string cache = 0x0, length = 18, contents = "Connection invalid" }
}
Invalidation reason: Connection init failed at lookup with error 159 - Sandbox restriction
2026-08-08 05:33:19.899310+0800 Plainsong[34203:11184516] [cas] WebContent[34544] CONNECT: Attempt to connect to launchservicesd prohibited because kLSServerConnectionStatusProcessIsDaemonMask is set.
2026-08-08 05:33:19.899331+0800 Plainsong[34203:11184516] [cas] WebContent[34544] CRASHSTRING: rdar://problem/28724618 Couldn't connect to launchservicesd.
2026-08-08 05:33:19.902082+0800 Plainsong[34203:11184516] [access] WebContent[34544] send_message_with_reply_sync(): XPC_ERROR_CONNECTION_INVALID for msgID=34544.1 (function=TCCAccessRequest, service=kTCCServiceListenEvent)
2026-08-08 05:33:19.902136+0800 Plainsong[34203:11184516] [access] WebContent[34544] TCCAccessRequest_block_invoke: Connection invalid
2026-08-08 05:33:19.902726+0800 Plainsong[34203:11184516] [cfprefsd] WebContent[34544] Couldn't open <private> due to No such file or directory
2026-08-08 05:33:19.902760+0800 Plainsong[34203:11184516] [cfprefsd] WebContent[34544] Couldn't open <private> due to No such file or directory
2026-08-08 05:33:19.902834+0800 Plainsong[34203:11184516] [cfprefsd] WebContent[34544] Couldn't open <private> due to No such file or directory
2026-08-08 05:33:19.903367+0800 Plainsong[34203:11184516] [cfprefsd] WebContent[34544] Couldn't open <private> due to No such file or directory
2026-08-08 05:33:19.916391+0800 Plainsong[34203:11184516] WebContent[34544] invalid product id '(null)'
2026-08-08 05:33:19.916545+0800 Plainsong[34203:11184516] [cfprefsd] WebContent[34544] Couldn't open <private> due to No such file or directory
2026-08-08 05:33:19.916594+0800 Plainsong[34203:11184516] [cfprefsd] WebContent[34544] Couldn't open <private> due to No such file or directory
2026-08-08 05:33:19.916646+0800 Plainsong[34203:11184516] [cfprefsd] WebContent[34544] Couldn't open <private> due to No such file or directory
2026-08-08 05:33:19.917109+0800 Plainsong[34203:11184516] [cfprefsd] WebContent[34544] Couldn't open <private> due to No such file or directory
2026-08-08 05:33:19.920797+0800 Plainsong[34203:11184516] [cfprefsd] WebContent[34544] Couldn't open <private> due to No such file or directory
2026-08-08 05:33:19.923559+0800 Plainsong[34203:11184516] [default] WebContent[34544] Conn 0x0 is not a valid connection ID.
2026-08-08 05:33:19.923581+0800 Plainsong[34203:11184516] [default] WebContent[34544] Conn 0x0 is not a valid connection ID.
2026-08-08 05:33:19.923634+0800 Plainsong[34203:11184516] [default] WebContent[34544] Conn 0x0 is not a valid connection ID.
2026-08-08 05:33:19.923645+0800 Plainsong[34203:11184516] [cas] WebContent[34544] CONNECT: Attempt to connect to launchserivcesd prohibited because kLSServerConnectionStatusDoNotConnectToServerMask.
2026-08-08 05:33:19.923652+0800 Plainsong[34203:11184516] [cas] WebContent[34544] CONNECT: Attempt to connect to launchserivcesd prohibited because kLSServerConnectionStatusDoNotConnectToServerMask.
2026-08-08 05:33:19.923658+0800 Plainsong[34203:11184516] [cas] WebContent[34544] CONNECT: Attempt to connect to launchserivcesd prohibited because kLSServerConnectionStatusDoNotConnectToServerMask.
2026-08-08 05:33:19.923795+0800 Plainsong[34203:11184516] [cas] WebContent[34544] CONNECT: Attempt to connect to launchserivcesd prohibited because kLSServerConnectionStatusDoNotConnectToServerMask.
2026-08-08 05:33:19.923868+0800 Plainsong[34203:11184516] [cas] WebContent[34544] CONNECT: Attempt to connect to launchserivcesd prohibited because kLSServerConnectionStatusDoNotConnectToServerMask.
2026-08-08 05:33:19.923878+0800 Plainsong[34203:11184516] [cas] WebContent[34544] CONNECT: Attempt to connect to launchserivcesd prohibited because kLSServerConnectionStatusDoNotConnectToServerMask.
2026-08-08 05:33:19.923884+0800 Plainsong[34203:11184516] [cas] WebContent[34544] CONNECT: Attempt to connect to launchserivcesd prohibited because kLSServerConnectionStatusDoNotConnectToServerMask.
2026-08-08 05:33:19.923890+0800 Plainsong[34203:11184516] [cas] WebContent[34544] CONNECT: Attempt to connect to launchserivcesd prohibited because kLSServerConnectionStatusDoNotConnectToServerMask.
2026-08-08 05:33:19.924716+0800 Plainsong[34203:11184516] [sharedcache] WebContent[34544] checkinWithServer: Failed bootstrap_lookup2 for name of coreservicesd, kern_return_t=#1100/0x44c Permission denied name=com.apple.CoreServices.coreservicesd
2026-08-08 05:33:19.924951+0800 Plainsong[34203:11184516] [FileIDMap] WebContent[34544] FSNode_FillIOKitProperties: could not get iokit object for <private>
2026-08-08 05:33:19.924968+0800 Plainsong[34203:11184516] [FileIDMap] WebContent[34544] FSNode_SetFSSharedDeviceInfo: failed to fetch IOKit properties for <private>
2026-08-08 05:33:19.925097+0800 Plainsong[34203:11184516] [FileIDMap] WebContent[34544] FSNode_FillIOKitProperties: could not get iokit object for <private>
2026-08-08 05:33:19.925126+0800 Plainsong[34203:11184516] [FileIDMap] WebContent[34544] FSNode_SetFSSharedDeviceInfo: failed to fetch IOKit properties for <private>
2026-08-08 05:33:19.925909+0800 Plainsong[34203:11184516] [connection] WebContent[34544] The sandbox in this process does not allow access to RunningBoard.
2026-08-08 05:33:19.925941+0800 Plainsong[34203:11184516] [connection] WebContent[34544] Handshake aborted as the connection has been invalidated
2026-08-08 05:33:19.926487+0800 Plainsong[34203:11184516] [cas] WebContent[34544] CONNECT: Attempt to connect to launchserivcesd prohibited because kLSServerConnectionStatusDoNotConnectToServerMask.
2026-08-08 05:33:19.926512+0800 Plainsong[34203:11184516] [cas] WebContent[34544] CONNECT: Attempt to connect to launchserivcesd prohibited because kLSServerConnectionStatusDoNotConnectToServerMask.
2026-08-08 05:33:19.926520+0800 Plainsong[34203:11184516] [cas] WebContent[34544] CONNECT: Attempt to connect to launchserivcesd prohibited because kLSServerConnectionStatusDoNotConnectToServerMask.
2026-08-08 05:33:19.926533+0800 Plainsong[34203:11184516] [cas] WebContent[34544] CONNECT: Attempt to connect to launchserivcesd prohibited because kLSServerConnectionStatusDoNotConnectToServerMask.
2026-08-08 05:33:19.926539+0800 Plainsong[34203:11184516] [cas] WebContent[34544] CONNECT: Attempt to connect to launchserivcesd prohibited because kLSServerConnectionStatusDoNotConnectToServerMask.
2026-08-08 05:33:19.926557+0800 Plainsong[34203:11184516] [default] WebContent[34544] Conn 0x0 is not a valid connection ID.
2026-08-08 05:33:19.927088+0800 Plainsong[34203:11184516] [default] WebContent[34544] Conn 0x0 is not a valid connection ID.
2026-08-08 05:33:19.927115+0800 Plainsong[34203:11184516] [default] WebContent[34544] Conn 0x0 is not a valid connection ID.
2026-08-08 05:33:19.927122+0800 Plainsong[34203:11184516] [default] WebContent[34544] Conn 0x0 is not a valid connection ID.
2026-08-08 05:33:19.927126+0800 Plainsong[34203:11184516] [default] WebContent[34544] Conn 0x0 is not a valid connection ID.
2026-08-08 05:33:19.927131+0800 Plainsong[34203:11184516] [default] WebContent[34544] Conn 0x0 is not a valid connection ID.
2026-08-08 05:33:19.927380+0800 Plainsong[34203:11184516] [access] WebContent[34544] send_message_with_reply_sync(): XPC_ERROR_CONNECTION_INVALID for msgID=34544.2 (function=TCCAccessLaunchDisclosurePromptIfNeeded, service=(null))
2026-08-08 05:33:19.927405+0800 Plainsong[34203:11184516] [access] WebContent[34544] TCCAccessLaunchDisclosurePromptIfNeeded_block_invoke_2: Connection invalid
2026-08-08 05:33:19.928871+0800 Plainsong[34203:11184516] [cfprefsd] WebContent[34544] Couldn't open <private> due to No such file or directory
2026-08-08 05:33:19.928941+0800 Plainsong[34203:11184516] [cfprefsd] WebContent[34544] Couldn't open <private> due to No such file or directory
2026-08-08 05:33:19.929014+0800 Plainsong[34203:11184516] [cfprefsd] WebContent[34544] Couldn't open <private> due to No such file or directory
2026-08-08 05:33:19.929243+0800 Plainsong[34203:11184516] [cfprefsd] WebContent[34544] Couldn't open <private> due to No such file or directory
2026-08-08 05:33:19.929345+0800 Plainsong[34203:11184516] [cfprefsd] WebContent[34544] Couldn't open <private> due to No such file or directory
2026-08-08 05:33:19.931019+0800 Plainsong[34203:11184516] [audiocomp] WebContent[34544] AudioComponentPluginMgr.mm:593   reg server remote proxy error Error Domain=NSCocoaErrorDomain Code=4099 "The connection to service named com.apple.audio.AudioComponentRegistrar was invalidated: Connection init failed at lookup with error 1 - Operation not permitted." UserInfo={NSDebugDescription=The connection to service named com.apple.audio.AudioComponentRegistrar was invalidated: Connection init failed at lookup with error 1 - Operation not permitted.}
2026-08-08 05:33:19.931069+0800 Plainsong[34203:11184516] [Connection] WebContent[34544] Missing com.apple.linkd.application-service / com.apple.linkd.autoShortcut mach-lookup entitlement, will NOT register the process
2026-08-08 05:33:19.931146+0800 Plainsong[34203:11184516] [Application] WebContent[34544] Error registering app with intents framework: Error Domain=LNProcessInstanceRegistryClientErrorDomain Code=1
2026-08-08 05:33:19.932888+0800 Plainsong[34203:11184516] [ResourceLoadStatistics] WebContent[34544] Unable to filter tracking query parameters (missing data)
2026-08-08 05:33:19.933669+0800 Plainsong[34203:11184516] WebContent[34544] networkd_settings_read_from_file_locked Sandbox is preventing this process from reading networkd settings file at "/Library/Preferences/com.apple.networkd.plist", please add an exception.
2026-08-08 05:33:19.933683+0800 Plainsong[34203:11184516] WebContent[34544] networkd_settings_read_from_file_locked Sandbox is preventing this process from reading networkd settings file at "/Library/Preferences/com.apple.networkd.plist", please add an exception.
2026-08-08 05:33:19.951810+0800 Plainsong[34203:11185478] [ResourceLoadStatistics] WebContent[34544] Unable to hide query parameters from script (missing data)
2026-08-08 05:33:20.032422+0800 Plainsong[34203:11184692] [index] {CSInlineDonation[async]: "app.plainsong.editor" add-update-items:2 delete-items:0}: Failed to request donation Error Domain=CSIndexErrorDomain Code=-1000 "Failed to request donation" UserInfo={NSDebugDescription=Failed to request donation, NSUnderlyingError=0x75b0a5a670 {Error Domain=NSCocoaErrorDomain Code=4099 "The connection to service named com.apple.SetStoreUpdateService was invalidated from this process." UserInfo={NSDebugDescription=The connection to service named com.apple.SetStoreUpdateService was invalidated from this process.}}}
2026-08-08 05:33:20.084720+0800 Plainsong[34203:11184516] [SwiftUI] Modifying state during view update, this will cause undefined behavior.
2026-08-08 05:33:20.119506+0800 Plainsong[34203:11184516] F2_WARNING_PHASE_BEGIN id=c6abf3b0-a1e3-49cd-829a-d15fd49c9d99 edits=5
2026-08-08 05:33:21.969497+0800 Plainsong[34203:11184516] F2_WARNING_PHASE_END id=c6abf3b0-a1e3-49cd-829a-d15fd49c9d99 edits=5
F2 PERF production WorkspaceWindow find-open edit 1MB admission median 0.937 ms samples [1.132, 0.904, 13.466, 0.937, 0.839]; state-update receipt median 3.355 ms max 16.473 ms samples [4.775, 3.282, 16.473, 3.355, 2.990]
Test Case '-[PerformanceTests.EditorFindPerformanceTests testProductionWorkspaceFindOpenEditAdmissionAndStateReceiptStayWithinMeasuredBudgets]' passed (2.985 seconds).
Test Suite 'EditorFindPerformanceTests' passed at 2026-08-08 05:33:21.999.
	 Executed 2 tests, with 0 failures (0 unexpected) in 5.456 (5.457) seconds
Test Suite 'PerformanceTests.xctest' passed at 2026-08-08 05:33:21.999.
	 Executed 2 tests, with 0 failures (0 unexpected) in 5.456 (5.457) seconds
Test Suite 'Selected tests' passed at 2026-08-08 05:33:22.000.
	 Executed 2 tests, with 0 failures (0 unexpected) in 5.456 (5.458) seconds
2026-08-08 05:33:29.733 xcodebuild[34121:11184261] [MT] IDETestOperationsObserverDebug: 14.418 elapsed -- Testing started completed.
2026-08-08 05:33:29.733 xcodebuild[34121:11184261] [MT] IDETestOperationsObserverDebug: 0.000 sec, +0.000 sec -- start
2026-08-08 05:33:29.733 xcodebuild[34121:11184261] [MT] IDETestOperationsObserverDebug: 14.418 sec, +14.418 sec -- end

Test session results, code coverage, and logs:
	/tmp/plainsong-f2-final-six-v2.9p66Jp/release-2.xcresult

** TEST EXECUTE SUCCEEDED **

Testing started
F2 SOURCE CHECK PASS commit=c871ddf5c66c17f03fd9456b53f79411f9b2e979 configuration=Release budget-mode=local-hard build-manifest-readonly=true build-manifest-sha256=5ca8c353ad557267745566ec597ba5971b024afb2796237158b062e3fcdd6a8a exact-source-readonly=true build-input-sha256=3b8012362941b304eb7d7812a8b6e3c9196b49555060af8164db4dadbe4f1fb6 resolved-package-input-readonly=true resolved-package-input-sha256=ed48178719a6c72d2880d3972e900d3bbe51f180d13e01dffd452de936f779c3 snapshot-readonly=true frozen-products=/private/tmp/plainsong-f2-final-six-v2.9p66Jp/release-2.products host-bundle-sha256=636f6b4b26a22964250675b15b0dbca6b57d1ebb3d54289312c95a82b0b9487c xctestrun-sha256=1eae5b26c52fa6f58146e487dce6d846216f653f541c3c2b41ed706a54ec0fc6 raw-log-readonly=true raw-log-sha256=307ca9866fb40f9942b80db59617d6f7dd68e570a77207ba496228ed936918f3 xcresult-readonly=true xcresult-sha256=d400fa26d00c67ecd8ffff56b7288a303f4e9cfee769015f4c0a8f9103d430b0 xcresult-inspection-input-sha256=d400fa26d00c67ecd8ffff56b7288a303f4e9cfee769015f4c0a8f9103d430b0
F2 WARNING CHECK PASS id=c6abf3b0-a1e3-49cd-829a-d15fd49c9d99 edits=5 raw-known-pre=3 raw-known-measured=0 raw-known-post=0 unknown-swiftui=0 raw-log-sha256=307ca9866fb40f9942b80db59617d6f7dd68e570a77207ba496228ed936918f3 budget-mode=local-hard budget-mode-markers=2 xcresult-input-sha256=d400fa26d00c67ecd8ffff56b7288a303f4e9cfee769015f4c0a8f9103d430b0 xcresult-coalesced-known=1
F2 FINAL INTEGRITY PASS commit=c871ddf5c66c17f03fd9456b53f79411f9b2e979 configuration=Release build-manifest-readonly=true build-manifest-sha256=5ca8c353ad557267745566ec597ba5971b024afb2796237158b062e3fcdd6a8a exact-source-readonly=true resolved-package-input-readonly=true resolved-package-input-sha256=ed48178719a6c72d2880d3972e900d3bbe51f180d13e01dffd452de936f779c3 snapshot-readonly=true raw-log-readonly=true raw-log-sha256=307ca9866fb40f9942b80db59617d6f7dd68e570a77207ba496228ed936918f3 xcresult-readonly=true xcresult-sha256=d400fa26d00c67ecd8ffff56b7288a303f4e9cfee769015f4c0a8f9103d430b0 xcresult-inspection-readonly=true xcresult-inspection-input-sha256=d400fa26d00c67ecd8ffff56b7288a303f4e9cfee769015f4c0a8f9103d430b0 xcresult-inspection-result-sha256=466aa01922200f8677810398857fcfcdba769f0c6cbce89e1ada00a6e0e0294e warning-check-readonly=true warning-check-sha256=6b38a9f72412b7bb049b466a72e39147dc8500a22cea1f8f8afb63ad963acfed evidence-manifest-readonly=true evidence-manifest-sha256=24f13b11d99a4ed0fc8aaf869879da792c89edb2eab980f01dcf1df3312b0f28
