EVIDENCE /private/tmp/plainsong-h22-paired-20261004-run2
xcodegen generate
⚙️  Generating plists...
⚙️  Generating project...
⚙️  Writing project...
Created project at /tmp/plainsong-h22-baseline/Plainsong.xcodeproj
BATCH main-0-build-for-testing exit=0 valid=True log=/private/tmp/plainsong-h22-paired-20261004-run2/main-0-build-for-testing.log
xcodegen generate
⚙️  Generating plists...
⚙️  Generating project...
⚙️  Writing project...
Created project at /Users/davis._.su/Documents/plainsong-highlight-schedule-fix/Plainsong.xcodeproj
BATCH fix-0-build-for-testing exit=0 valid=True log=/private/tmp/plainsong-h22-paired-20261004-run2/fix-0-build-for-testing.log
xcodegen generate
⚙️  Generating plists...
⚙️  Generating project...
⚙️  Writing project...
Created project at /tmp/plainsong-replace-wysiwyg/Plainsong.xcodeproj
BATCH stack-0-build-for-testing exit=0 valid=True log=/private/tmp/plainsong-h22-paired-20261004-run2/stack-0-build-for-testing.log
BATCH main-fix-1-test-without-building exit=65 valid=True log=/private/tmp/plainsong-h22-paired-20261004-run2/main-fix-1-test-without-building.log
NOT_QUIET {"load": [6.36376953125, 6.720703125, 8.71728515625], "top_cpu": ["%CPU COMM", " 69.2 /System/Library/Frameworks/CoreServices.framework/Versions/A/Frameworks/Metadata.framework/Versions/A/Support/mds_stores", " 39.0 /usr/libexec/dasd", " 22.3 /usr/libexec/sysmond", " 17.1 /System/Library/Frameworks/CoreServices.framework/Versions/A/Frameworks/Metadata.framework/Versions/A/Support/mds", " 12.9 /System/Library/Frameworks/CoreServices.framework/Versions/A/Frameworks/FSEvents.framework/Versions/A/Support/fseventsd"], "build_processes": {}}
NOT_QUIET {"load": [6.35302734375, 6.6826171875, 8.63330078125], "top_cpu": ["%CPU COMM", " 63.4 /System/Library/Frameworks/CoreServices.framework/Versions/A/Frameworks/Metadata.framework/Versions/A/Support/mds_stores", " 38.2 /usr/libexec/dasd", " 29.4 /System/Library/Frameworks/CoreServices.framework/Versions/A/Frameworks/Metadata.framework/Versions/A/Support/mds", " 22.4 /usr/libexec/sysmond", " 13.8 /Applications/Ghostty.app/Contents/MacOS/ghostty"], "build_processes": {}}
NOT_QUIET {"load": [6.03857421875, 6.59521484375, 8.5341796875], "top_cpu": ["%CPU COMM", " 75.9 /usr/libexec/dasd", " 21.2 /sbin/launchd", " 15.0 /usr/libexec/PerfPowerServices", " 13.5 /Applications/Ghostty.app/Contents/MacOS/ghostty", " 13.0 /Applications/Xcode-beta.app/Contents/Developer/Library/Frameworks/Python3.framework/Versions/3.9/Resources/Python.app/Contents/MacOS/Python"], "build_processes": {}}
BATCH fix-fix-1-test-without-building exit=-15 valid=False log=/private/tmp/plainsong-h22-paired-20261004-run2/fix-fix-1-test-without-building.log
