format=1
phase=before-authoritative-six-run-sequence
captured_utc=2026-08-07T19:35:36Z
source_commit=c871ddf5c66c17f03fd9456b53f79411f9b2e979
source_status_begin
source_status_end
macos_product_version=27.0
macos_build_version=26A5388g
kernel=Darwin MacBookPro 27.0.0 Darwin Kernel Version 27.0.0: Tue Jul 14 21:53:38 PDT 2026; root:xnu-13432.0.94.501.4~1/RELEASE_ARM64_T6000 arm64
architecture=arm64
hardware_model=MacBookPro18,3
physical_cpu=8
logical_cpu=8
memory_bytes=17179869184
xcode_select=/Applications/Xcode-beta.app/Contents/Developer
Xcode 27.0
Build version 27A5194q
macos_sdk_path=/Applications/Xcode-beta.app/Contents/Developer/Platforms/MacOSX.platform/Developer/SDKs/MacOSX27.0.sdk
macos_sdk_version=27.0
macos_sdk_build_version=26A5353p
Version: 2.45.4
xcodegen_sha256=3b483413a801394b00adb2fabf3c06ff8f800c73c8698e1f9a9d8a95d73939ef
Now drawing from 'AC Power'
 -InternalBattery-0 (id=39518307)	54%; charging; (no estimate) present: true
ci=<unset>
github_actions=<unset>
test_runner_ci=<unset>
test_runner_github_actions=<unset>
