Command line invocation:
    /Applications/Xcode-beta.app/Contents/Developer/usr/bin/xcodebuild -xctestrun /private/tmp/plainsong-f2-final-six-v2.9p66Jp/debug-1.products/Build/Products/Plainsong_macosx27.0-arm64.xctestrun -destination platform=macOS,arch=arm64 -resultBundlePath /private/tmp/plainsong-f2-final-six-v2.9p66Jp/debug-1.xcresult "-only-testing:PerformanceTests/EditorFindPerformanceTests" test-without-building

2026-08-08 05:30:22.333 xcodebuild[21137:11155778] [MT] IDERunDestination: Supported platforms for the buildables in the current scheme is empty.
Writing result bundle at path:
	/private/tmp/plainsong-f2-final-six-v2.9p66Jp/debug-1.xcresult

2026-08-08 05:30:22.387 xcodebuild[21137:11155778] [MT] IDERunDestination: Supported platforms for the buildables in the current scheme is empty.
--- xcodebuild: WARNING: Using the first of multiple matching destinations:
{ platform:macOS, arch:arm64, id:00006000-0004042411D2801E, name:My Mac }
{ platform:macOS, arch:arm64, variant:Mac Catalyst, id:00006000-0004042411D2801E, name:My Mac }
{ platform:macOS, arch:arm64, variant:DriverKit, id:00006000-0004042411D2801E, name:My Mac }
{ platform:macOS, arch:arm64, variant:Designed for [iPad,iPhone], id:00006000-0004042411D2801E, name:My Mac }
2026-08-08 05:30:22.499 xcodebuild[21137:11155778] [MT] IDERunDestination: Supported platforms for the buildables in the current scheme is empty.
2026-08-08 05:30:22.602 xcodebuild[21137:11155778] [MT] IDERunDestination: Supported platforms for the buildables in the current scheme is empty.
2026-08-08 05:30:23.230972+0800 Plainsong[21209:11156188] [Connection] Unable to get synchronousRemoteObjectProxy, error: Error Domain=NSCocoaErrorDomain Code=4097 "connection to service named com.apple.linkd.autoShortcut" UserInfo={NSDebugDescription=connection to service named com.apple.linkd.autoShortcut}
2026-08-08 05:30:23.231247+0800 Plainsong[21209:11156188] [Application] Error registering app with intents framework: Error Domain=NSCocoaErrorDomain Code=4097 "connection to service named com.apple.linkd.autoShortcut" UserInfo={NSDebugDescription=connection to service named com.apple.linkd.autoShortcut}
2026-08-08 05:30:23.232335+0800 Plainsong[21209:11156171] [Connection] Unable to get synchronousRemoteObjectProxy, error: Error Domain=NSCocoaErrorDomain Code=4097 "connection to service named com.apple.linkd.autoShortcut" UserInfo={NSDebugDescription=connection to service named com.apple.linkd.autoShortcut}
2026-08-08 05:30:23.232355+0800 Plainsong[21209:11156171] [Connection] Unable to re-register with Process Instance Registry, error: Error Domain=NSCocoaErrorDomain Code=4097 "connection to service named com.apple.linkd.autoShortcut" UserInfo={NSDebugDescription=connection to service named com.apple.linkd.autoShortcut}
2026-08-08 05:30:23.233859+0800 Plainsong[21209:11156170] [Connection] Unable to get synchronousRemoteObjectProxy, error: Error Domain=NSCocoaErrorDomain Code=4097 "connection to service named com.apple.linkd.autoShortcut" UserInfo={NSDebugDescription=connection to service named com.apple.linkd.autoShortcut}
2026-08-08 05:30:23.233904+0800 Plainsong[21209:11156170] [Connection] Unable to re-register with Process Instance Registry, error: Error Domain=NSCocoaErrorDomain Code=4097 "connection to service named com.apple.linkd.autoShortcut" UserInfo={NSDebugDescription=connection to service named com.apple.linkd.autoShortcut}
2026-08-08 05:30:23.235288+0800 Plainsong[21209:11156170] [Connection] Will NOT re-try to establish the connection
2026-08-08 05:30:23.235355+0800 Plainsong[21209:11156188] [Connection] Unable to get synchronousRemoteObjectProxy, error: Error Domain=NSCocoaErrorDomain Code=4097 "connection to service named com.apple.linkd.autoShortcut" UserInfo={NSDebugDescription=connection to service named com.apple.linkd.autoShortcut}
2026-08-08 05:30:23.235378+0800 Plainsong[21209:11156188] [Connection] Unable to re-register with Process Instance Registry, error: Error Domain=NSCocoaErrorDomain Code=4097 "connection to service named com.apple.linkd.autoShortcut" UserInfo={NSDebugDescription=connection to service named com.apple.linkd.autoShortcut}
2026-08-08 05:30:23.336332+0800 Plainsong[21209:11156015] ApplePersistenceIgnoreState: Existing state will not be touched. New state will be written to /Users/davis._.su/Library/Containers/app.plainsong.editor/Data/tmp/app.plainsong.editor.savedState
2026-08-08 05:30:23.492421+0800 Plainsong[21209:11156170] [index] {CSInlineDonation[async]: "app.plainsong.editor" delete-domains:1}: Failed to request donation Error Domain=CSIndexErrorDomain Code=-1000 "Failed to request donation" UserInfo={NSDebugDescription=Failed to request donation, NSUnderlyingError=0x76e3ddd4d0 {Error Domain=NSCocoaErrorDomain Code=4099 "The connection to service named com.apple.SetStoreUpdateService was invalidated from this process." UserInfo={NSDebugDescription=The connection to service named com.apple.SetStoreUpdateService was invalidated from this process.}}}
Test Suite 'Selected tests' started at 2026-08-08 05:30:23.596.
Test Suite 'PerformanceTests.xctest' started at 2026-08-08 05:30:23.596.
Test Suite 'EditorFindPerformanceTests' started at 2026-08-08 05:30:23.597.
Test Case '-[PerformanceTests.EditorFindPerformanceTests testLargeFixtureFindQueryCompletionForZeroSparseAndDenseCases]' started.
F2 PERF budget mode local-hard
2026-08-08 05:30:23.769727+0800 Plainsong[21209:11156295] [index] {CSInlineDonation[async]: "app.plainsong.editor" add-update-items:1 delete-items:0}: Failed to request donation Error Domain=CSIndexErrorDomain Code=-1000 "Failed to request donation" UserInfo={NSDebugDescription=Failed to request donation, NSUnderlyingError=0x76e3b150b0 {Error Domain=NSCocoaErrorDomain Code=4099 "The connection to service named com.apple.SetStoreUpdateService was invalidated from this process." UserInfo={NSDebugDescription=The connection to service named com.apple.SetStoreUpdateService was invalidated from this process.}}}
F2 PERF find query zero 1MB median 241.020 ms samples [241.020, 223.153, 247.238] (0 retained, truncated=false)
F2 PERF find query sparse 1MB median 250.378 ms samples [259.014, 250.378, 239.762] (1 retained, truncated=false)
F2 PERF find query dense-truncated 1MB median 580.960 ms samples [580.960, 580.041, 585.822] (10000 retained, truncated=true)
Test Case '-[PerformanceTests.EditorFindPerformanceTests testLargeFixtureFindQueryCompletionForZeroSparseAndDenseCases]' passed (4.352 seconds).
Test Case '-[PerformanceTests.EditorFindPerformanceTests testProductionWorkspaceFindOpenEditAdmissionAndStateReceiptStayWithinMeasuredBudgets]' started.
F2 PERF budget mode local-hard
2026-08-08 05:30:28.174192+0800 Plainsong[21209:11156015] [SwiftUI] Modifying state during view update, this will cause undefined behavior.
2026-08-08 05:30:28.174438+0800 Plainsong[21209:11156015] [SwiftUI] Modifying state during view update, this will cause undefined behavior.
2026-08-08 05:30:28.527350+0800 Plainsong[21209:11156015] [cfprefsd] WebContent[21705] Couldn't open <private> due to No such file or directory
2026-08-08 05:30:28.527377+0800 Plainsong[21209:11156015] [cfprefsd] WebContent[21705] Couldn't open <private> due to No such file or directory
2026-08-08 05:30:28.527385+0800 Plainsong[21209:11156015] [cfprefsd] WebContent[21705] Couldn't open <private> due to No such file or directory
2026-08-08 05:30:28.527461+0800 Plainsong[21209:11156015] [cfprefsd] WebContent[21705] Couldn't open <private> due to No such file or directory
2026-08-08 05:30:28.527469+0800 Plainsong[21209:11156015] [cfprefsd] WebContent[21705] Couldn't open <private> due to No such file or directory
2026-08-08 05:30:28.527474+0800 Plainsong[21209:11156015] [cfprefsd] WebContent[21705] Couldn't open <private> due to No such file or directory
2026-08-08 05:30:28.623037+0800 Plainsong[21209:11156015] [general] WebContent[21705] Connection to 'pboard' server had an error: <dictionary: 0x1ffb3a920> { count = 1, transaction: 0, voucher = 0x0, contents =
	"XPCErrorDescription" => <string: 0x1ffb3aa60> { string cache = 0x0, length = 18, contents = "Connection invalid" }
}
Invalidation reason: Connection init failed at lookup with error 159 - Sandbox restriction
2026-08-08 05:30:28.623099+0800 Plainsong[21209:11156015] [general] WebContent[21705] Failed to set up CFPasteboardRef 'Apple CFPasteboard general'. Error: <dictionary: 0x1ffb3a920> { count = 1, transaction: 0, voucher = 0x0, contents =
	"XPCErrorDescription" => <string: 0x1ffb3aa60> { string cache = 0x0, length = 18, contents = "Connection invalid" }
}
Invalidation reason: Connection init failed at lookup with error 159 - Sandbox restriction
2026-08-08 05:30:28.624600+0800 Plainsong[21209:11156015] [cas] WebContent[21705] CONNECT: Attempt to connect to launchservicesd prohibited because kLSServerConnectionStatusProcessIsDaemonMask is set.
2026-08-08 05:30:28.624666+0800 Plainsong[21209:11156015] [cas] WebContent[21705] CRASHSTRING: rdar://problem/28724618 Couldn't connect to launchservicesd.
2026-08-08 05:30:28.627314+0800 Plainsong[21209:11156015] [access] WebContent[21705] send_message_with_reply_sync(): XPC_ERROR_CONNECTION_INVALID for msgID=21705.1 (function=TCCAccessRequest, service=kTCCServiceListenEvent)
2026-08-08 05:30:28.627336+0800 Plainsong[21209:11156015] [access] WebContent[21705] TCCAccessRequest_block_invoke: Connection invalid
2026-08-08 05:30:28.628093+0800 Plainsong[21209:11156015] [cfprefsd] WebContent[21705] Couldn't open <private> due to No such file or directory
2026-08-08 05:30:28.628137+0800 Plainsong[21209:11156015] [cfprefsd] WebContent[21705] Couldn't open <private> due to No such file or directory
2026-08-08 05:30:28.628233+0800 Plainsong[21209:11156015] [cfprefsd] WebContent[21705] Couldn't open <private> due to No such file or directory
2026-08-08 05:30:28.628589+0800 Plainsong[21209:11156015] [cfprefsd] WebContent[21705] Couldn't open <private> due to No such file or directory
2026-08-08 05:30:28.642348+0800 Plainsong[21209:11156015] WebContent[21705] invalid product id '(null)'
2026-08-08 05:30:28.642511+0800 Plainsong[21209:11156015] [cfprefsd] WebContent[21705] Couldn't open <private> due to No such file or directory
2026-08-08 05:30:28.642542+0800 Plainsong[21209:11156015] [cfprefsd] WebContent[21705] Couldn't open <private> due to No such file or directory
2026-08-08 05:30:28.642653+0800 Plainsong[21209:11156015] [cfprefsd] WebContent[21705] Couldn't open <private> due to No such file or directory
2026-08-08 05:30:28.643073+0800 Plainsong[21209:11156015] [cfprefsd] WebContent[21705] Couldn't open <private> due to No such file or directory
2026-08-08 05:30:28.646801+0800 Plainsong[21209:11156015] [cfprefsd] WebContent[21705] Couldn't open <private> due to No such file or directory
2026-08-08 05:30:28.649274+0800 Plainsong[21209:11156015] [default] WebContent[21705] Conn 0x0 is not a valid connection ID.
2026-08-08 05:30:28.649297+0800 Plainsong[21209:11156015] [default] WebContent[21705] Conn 0x0 is not a valid connection ID.
2026-08-08 05:30:28.649331+0800 Plainsong[21209:11156015] [default] WebContent[21705] Conn 0x0 is not a valid connection ID.
2026-08-08 05:30:28.649342+0800 Plainsong[21209:11156015] [cas] WebContent[21705] CONNECT: Attempt to connect to launchserivcesd prohibited because kLSServerConnectionStatusDoNotConnectToServerMask.
2026-08-08 05:30:28.649358+0800 Plainsong[21209:11156015] [cas] WebContent[21705] CONNECT: Attempt to connect to launchserivcesd prohibited because kLSServerConnectionStatusDoNotConnectToServerMask.
2026-08-08 05:30:28.649365+0800 Plainsong[21209:11156015] [cas] WebContent[21705] CONNECT: Attempt to connect to launchserivcesd prohibited because kLSServerConnectionStatusDoNotConnectToServerMask.
2026-08-08 05:30:28.649516+0800 Plainsong[21209:11156015] [cas] WebContent[21705] CONNECT: Attempt to connect to launchserivcesd prohibited because kLSServerConnectionStatusDoNotConnectToServerMask.
2026-08-08 05:30:28.649544+0800 Plainsong[21209:11156015] [cas] WebContent[21705] CONNECT: Attempt to connect to launchserivcesd prohibited because kLSServerConnectionStatusDoNotConnectToServerMask.
2026-08-08 05:30:28.649553+0800 Plainsong[21209:11156015] [cas] WebContent[21705] CONNECT: Attempt to connect to launchserivcesd prohibited because kLSServerConnectionStatusDoNotConnectToServerMask.
2026-08-08 05:30:28.649684+0800 Plainsong[21209:11156015] [cas] WebContent[21705] CONNECT: Attempt to connect to launchserivcesd prohibited because kLSServerConnectionStatusDoNotConnectToServerMask.
2026-08-08 05:30:28.649692+0800 Plainsong[21209:11156015] [cas] WebContent[21705] CONNECT: Attempt to connect to launchserivcesd prohibited because kLSServerConnectionStatusDoNotConnectToServerMask.
2026-08-08 05:30:28.650394+0800 Plainsong[21209:11156015] [sharedcache] WebContent[21705] checkinWithServer: Failed bootstrap_lookup2 for name of coreservicesd, kern_return_t=#1100/0x44c Permission denied name=com.apple.CoreServices.coreservicesd
2026-08-08 05:30:28.650603+0800 Plainsong[21209:11156015] [FileIDMap] WebContent[21705] FSNode_FillIOKitProperties: could not get iokit object for <private>
2026-08-08 05:30:28.650614+0800 Plainsong[21209:11156015] [FileIDMap] WebContent[21705] FSNode_SetFSSharedDeviceInfo: failed to fetch IOKit properties for <private>
2026-08-08 05:30:28.650727+0800 Plainsong[21209:11156015] [FileIDMap] WebContent[21705] FSNode_FillIOKitProperties: could not get iokit object for <private>
2026-08-08 05:30:28.650739+0800 Plainsong[21209:11156015] [FileIDMap] WebContent[21705] FSNode_SetFSSharedDeviceInfo: failed to fetch IOKit properties for <private>
2026-08-08 05:30:28.651513+0800 Plainsong[21209:11156015] [connection] WebContent[21705] The sandbox in this process does not allow access to RunningBoard.
2026-08-08 05:30:28.651527+0800 Plainsong[21209:11156015] [connection] WebContent[21705] Handshake aborted as the connection has been invalidated
2026-08-08 05:30:28.652050+0800 Plainsong[21209:11156015] [cas] WebContent[21705] CONNECT: Attempt to connect to launchserivcesd prohibited because kLSServerConnectionStatusDoNotConnectToServerMask.
2026-08-08 05:30:28.652075+0800 Plainsong[21209:11156015] [cas] WebContent[21705] CONNECT: Attempt to connect to launchserivcesd prohibited because kLSServerConnectionStatusDoNotConnectToServerMask.
2026-08-08 05:30:28.652081+0800 Plainsong[21209:11156015] [cas] WebContent[21705] CONNECT: Attempt to connect to launchserivcesd prohibited because kLSServerConnectionStatusDoNotConnectToServerMask.
2026-08-08 05:30:28.652099+0800 Plainsong[21209:11156015] [cas] WebContent[21705] CONNECT: Attempt to connect to launchserivcesd prohibited because kLSServerConnectionStatusDoNotConnectToServerMask.
2026-08-08 05:30:28.652134+0800 Plainsong[21209:11156015] [cas] WebContent[21705] CONNECT: Attempt to connect to launchserivcesd prohibited because kLSServerConnectionStatusDoNotConnectToServerMask.
2026-08-08 05:30:28.652153+0800 Plainsong[21209:11156015] [default] WebContent[21705] Conn 0x0 is not a valid connection ID.
2026-08-08 05:30:28.652758+0800 Plainsong[21209:11156015] [default] WebContent[21705] Conn 0x0 is not a valid connection ID.
2026-08-08 05:30:28.652768+0800 Plainsong[21209:11156015] [default] WebContent[21705] Conn 0x0 is not a valid connection ID.
2026-08-08 05:30:28.652774+0800 Plainsong[21209:11156015] [default] WebContent[21705] Conn 0x0 is not a valid connection ID.
2026-08-08 05:30:28.652796+0800 Plainsong[21209:11156015] [default] WebContent[21705] Conn 0x0 is not a valid connection ID.
2026-08-08 05:30:28.652802+0800 Plainsong[21209:11156015] [default] WebContent[21705] Conn 0x0 is not a valid connection ID.
2026-08-08 05:30:28.653227+0800 Plainsong[21209:11156015] [access] WebContent[21705] send_message_with_reply_sync(): XPC_ERROR_CONNECTION_INVALID for msgID=21705.2 (function=TCCAccessLaunchDisclosurePromptIfNeeded, service=(null))
2026-08-08 05:30:28.653238+0800 Plainsong[21209:11156015] [access] WebContent[21705] TCCAccessLaunchDisclosurePromptIfNeeded_block_invoke_2: Connection invalid
2026-08-08 05:30:28.654620+0800 Plainsong[21209:11156015] [cfprefsd] WebContent[21705] Couldn't open <private> due to No such file or directory
2026-08-08 05:30:28.654704+0800 Plainsong[21209:11156015] [cfprefsd] WebContent[21705] Couldn't open <private> due to No such file or directory
2026-08-08 05:30:28.654969+0800 Plainsong[21209:11156015] [cfprefsd] WebContent[21705] Couldn't open <private> due to No such file or directory
2026-08-08 05:30:28.655048+0800 Plainsong[21209:11156015] [cfprefsd] WebContent[21705] Couldn't open <private> due to No such file or directory
2026-08-08 05:30:28.655102+0800 Plainsong[21209:11156015] [cfprefsd] WebContent[21705] Couldn't open <private> due to No such file or directory
2026-08-08 05:30:28.656547+0800 Plainsong[21209:11156015] [audiocomp] WebContent[21705] AudioComponentPluginMgr.mm:593   reg server remote proxy error Error Domain=NSCocoaErrorDomain Code=4099 "The connection to service named com.apple.audio.AudioComponentRegistrar was invalidated: Connection init failed at lookup with error 1 - Operation not permitted." UserInfo={NSDebugDescription=The connection to service named com.apple.audio.AudioComponentRegistrar was invalidated: Connection init failed at lookup with error 1 - Operation not permitted.}
2026-08-08 05:30:28.656697+0800 Plainsong[21209:11156015] [Connection] WebContent[21705] Missing com.apple.linkd.application-service / com.apple.linkd.autoShortcut mach-lookup entitlement, will NOT register the process
2026-08-08 05:30:28.656708+0800 Plainsong[21209:11156015] [Application] WebContent[21705] Error registering app with intents framework: Error Domain=LNProcessInstanceRegistryClientErrorDomain Code=1
2026-08-08 05:30:28.658723+0800 Plainsong[21209:11156015] [ResourceLoadStatistics] WebContent[21705] Unable to filter tracking query parameters (missing data)
2026-08-08 05:30:28.659041+0800 Plainsong[21209:11156015] WebContent[21705] networkd_settings_read_from_file_locked Sandbox is preventing this process from reading networkd settings file at "/Library/Preferences/com.apple.networkd.plist", please add an exception.
2026-08-08 05:30:28.659119+0800 Plainsong[21209:11156015] WebContent[21705] networkd_settings_read_from_file_locked Sandbox is preventing this process from reading networkd settings file at "/Library/Preferences/com.apple.networkd.plist", please add an exception.
2026-08-08 05:30:28.678495+0800 Plainsong[21209:11157242] [ResourceLoadStatistics] WebContent[21705] Unable to hide query parameters from script (missing data)
2026-08-08 05:30:28.757670+0800 Plainsong[21209:11157045] [index] {CSInlineDonation[async]: "app.plainsong.editor" add-update-items:2 delete-items:0}: Failed to request donation Error Domain=CSIndexErrorDomain Code=-1000 "Failed to request donation" UserInfo={NSDebugDescription=Failed to request donation, NSUnderlyingError=0x76e4a6cba0 {Error Domain=NSCocoaErrorDomain Code=4099 "The connection to service named com.apple.SetStoreUpdateService was invalidated from this process." UserInfo={NSDebugDescription=The connection to service named com.apple.SetStoreUpdateService was invalidated from this process.}}}
2026-08-08 05:30:29.171999+0800 Plainsong[21209:11156015] [SwiftUI] Modifying state during view update, this will cause undefined behavior.
2026-08-08 05:30:29.202118+0800 Plainsong[21209:11156015] F2_WARNING_PHASE_BEGIN id=b8bd411a-f084-4bd6-96d7-f3c9643e0932 edits=5
2026-08-08 05:30:35.778168+0800 Plainsong[21209:11156015] F2_WARNING_PHASE_END id=b8bd411a-f084-4bd6-96d7-f3c9643e0932 edits=5
F2 PERF production WorkspaceWindow find-open edit 1MB admission median 1.091 ms samples [1.091, 0.995, 15.802, 1.098, 1.017]; state-update receipt median 3.825 ms max 18.454 ms samples [4.535, 3.599, 18.454, 3.825, 3.625]
Test Case '-[PerformanceTests.EditorFindPerformanceTests testProductionWorkspaceFindOpenEditAdmissionAndStateReceiptStayWithinMeasuredBudgets]' passed (7.861 seconds).
Test Suite 'EditorFindPerformanceTests' passed at 2026-08-08 05:30:35.811.
	 Executed 2 tests, with 0 failures (0 unexpected) in 12.213 (12.214) seconds
Test Suite 'PerformanceTests.xctest' passed at 2026-08-08 05:30:35.811.
	 Executed 2 tests, with 0 failures (0 unexpected) in 12.213 (12.214) seconds
Test Suite 'Selected tests' passed at 2026-08-08 05:30:35.811.
	 Executed 2 tests, with 0 failures (0 unexpected) in 12.213 (12.215) seconds
2026-08-08 05:30:42.619 xcodebuild[21137:11155778] [MT] IDETestOperationsObserverDebug: 20.119 elapsed -- Testing started completed.
2026-08-08 05:30:42.619 xcodebuild[21137:11155778] [MT] IDETestOperationsObserverDebug: 0.000 sec, +0.000 sec -- start
2026-08-08 05:30:42.619 xcodebuild[21137:11155778] [MT] IDETestOperationsObserverDebug: 20.119 sec, +20.119 sec -- end

Test session results, code coverage, and logs:
	/tmp/plainsong-f2-final-six-v2.9p66Jp/debug-1.xcresult

** TEST EXECUTE SUCCEEDED **

Testing started
