EVIDENCE /private/tmp/plainsong-h22-e9-paired-20261004-run5
Debug build 0 exit=0 log=/private/tmp/plainsong-h22-e9-paired-20261004-run5/Debug-build-0-runner.log
Release build 0 exit=0 log=/private/tmp/plainsong-h22-e9-paired-20261004-run5/Release-build-0-runner.log
Debug plain 1 exit=0 log=/private/tmp/plainsong-h22-e9-paired-20261004-run5/Debug-plain-1-runner.log
Debug export 1 exit=0 log=/private/tmp/plainsong-h22-e9-paired-20261004-run5/Debug-export-1-runner.log
Release plain 1 exit=0 log=/private/tmp/plainsong-h22-e9-paired-20261004-run5/Release-plain-1-runner.log
Release export 1 exit=0 log=/private/tmp/plainsong-h22-e9-paired-20261004-run5/Release-export-1-runner.log
Debug plain 2 exit=0 log=/private/tmp/plainsong-h22-e9-paired-20261004-run5/Debug-plain-2-runner.log
Debug export 2 exit=0 log=/private/tmp/plainsong-h22-e9-paired-20261004-run5/Debug-export-2-runner.log
Release plain 2 exit=0 log=/private/tmp/plainsong-h22-e9-paired-20261004-run5/Release-plain-2-runner.log
Release export 2 exit=0 log=/private/tmp/plainsong-h22-e9-paired-20261004-run5/Release-export-2-runner.log
Debug plain 3 exit=0 log=/private/tmp/plainsong-h22-e9-paired-20261004-run5/Debug-plain-3-runner.log
Debug export 3 exit=65 log=/private/tmp/plainsong-h22-e9-paired-20261004-run5/Debug-export-3-runner.log
Release plain 3 exit=0 log=/private/tmp/plainsong-h22-e9-paired-20261004-run5/Release-plain-3-runner.log
Release export 3 exit=0 log=/private/tmp/plainsong-h22-e9-paired-20261004-run5/Release-export-3-runner.log
Debug plain 4 exit=0 log=/private/tmp/plainsong-h22-e9-paired-20261004-run5/Debug-plain-4-runner.log
Debug export 4 exit=65 log=/private/tmp/plainsong-h22-e9-paired-20261004-run5/Debug-export-4-runner.log
Release plain 4 exit=0 log=/private/tmp/plainsong-h22-e9-paired-20261004-run5/Release-plain-4-runner.log
Release export 4 exit=0 log=/private/tmp/plainsong-h22-e9-paired-20261004-run5/Release-export-4-runner.log
Debug plain 5 exit=0 log=/private/tmp/plainsong-h22-e9-paired-20261004-run5/Debug-plain-5-runner.log
Debug export 5 exit=65 log=/private/tmp/plainsong-h22-e9-paired-20261004-run5/Debug-export-5-runner.log
Release plain 5 exit=0 log=/private/tmp/plainsong-h22-e9-paired-20261004-run5/Release-plain-5-runner.log
Release export 5 exit=0 log=/private/tmp/plainsong-h22-e9-paired-20261004-run5/Release-export-5-runner.log
Debug plain 6 exit=0 log=/private/tmp/plainsong-h22-e9-paired-20261004-run5/Debug-plain-6-runner.log
Debug export 6 exit=0 log=/private/tmp/plainsong-h22-e9-paired-20261004-run5/Debug-export-6-runner.log
Release plain 6 exit=0 log=/private/tmp/plainsong-h22-e9-paired-20261004-run5/Release-plain-6-runner.log
Release export 6 exit=0 log=/private/tmp/plainsong-h22-e9-paired-20261004-run5/Release-export-6-runner.log
Debug plain 7 exit=0 log=/private/tmp/plainsong-h22-e9-paired-20261004-run5/Debug-plain-7-runner.log
Debug export 7 exit=0 log=/private/tmp/plainsong-h22-e9-paired-20261004-run5/Debug-export-7-runner.log
Release plain 7 exit=0 log=/private/tmp/plainsong-h22-e9-paired-20261004-run5/Release-plain-7-runner.log
Release export 7 exit=0 log=/private/tmp/plainsong-h22-e9-paired-20261004-run5/Release-export-7-runner.log
Debug plain 8 exit=0 log=/private/tmp/plainsong-h22-e9-paired-20261004-run5/Debug-plain-8-runner.log
Debug export 8 exit=0 log=/private/tmp/plainsong-h22-e9-paired-20261004-run5/Debug-export-8-runner.log
Release plain 8 exit=0 log=/private/tmp/plainsong-h22-e9-paired-20261004-run5/Release-plain-8-runner.log
Release export 8 exit=0 log=/private/tmp/plainsong-h22-e9-paired-20261004-run5/Release-export-8-runner.log
Debug plain 9 exit=0 log=/private/tmp/plainsong-h22-e9-paired-20261004-run5/Debug-plain-9-runner.log
Debug export 9 exit=0 log=/private/tmp/plainsong-h22-e9-paired-20261004-run5/Debug-export-9-runner.log
Release plain 9 exit=0 log=/private/tmp/plainsong-h22-e9-paired-20261004-run5/Release-plain-9-runner.log
Release export 9 exit=0 log=/private/tmp/plainsong-h22-e9-paired-20261004-run5/Release-export-9-runner.log
Debug plain 10 exit=0 log=/private/tmp/plainsong-h22-e9-paired-20261004-run5/Debug-plain-10-runner.log
Debug export 10 exit=0 log=/private/tmp/plainsong-h22-e9-paired-20261004-run5/Debug-export-10-runner.log
Release plain 10 exit=0 log=/private/tmp/plainsong-h22-e9-paired-20261004-run5/Release-plain-10-runner.log
Release export 10 exit=0 log=/private/tmp/plainsong-h22-e9-paired-20261004-run5/Release-export-10-runner.log
