Command line invocation:
    /Applications/Xcode-beta.app/Contents/Developer/usr/bin/xcodebuild -xctestrun /private/tmp/plainsong-f2-evidence-review.SnCT6g/debug-1.products/Build/Products/Plainsong_macosx27.0-arm64.xctestrun -destination platform=macOS,arch=arm64 -resultBundlePath /private/tmp/plainsong-f2-evidence-review.SnCT6g/debug-1.xcresult "-only-testing:PerformanceTests/EditorFindPerformanceTests" test-without-building

2026-08-08 05:44:39.030 xcodebuild[43187:11210719] [MT] IDERunDestination: Supported platforms for the buildables in the current scheme is empty.
Writing result bundle at path:
	/private/tmp/plainsong-f2-evidence-review.SnCT6g/debug-1.xcresult

2026-08-08 05:44:39.036 xcodebuild[43187:11210719] [MT] IDERunDestination: Supported platforms for the buildables in the current scheme is empty.
--- xcodebuild: WARNING: Using the first of multiple matching destinations:
{ platform:macOS, arch:arm64, id:00006000-0004042411D2801E, name:My Mac }
{ platform:macOS, arch:arm64, variant:Mac Catalyst, id:00006000-0004042411D2801E, name:My Mac }
{ platform:macOS, arch:arm64, variant:DriverKit, id:00006000-0004042411D2801E, name:My Mac }
{ platform:macOS, arch:arm64, variant:Designed for [iPad,iPhone], id:00006000-0004042411D2801E, name:My Mac }
2026-08-08 05:44:39.222 xcodebuild[43187:11210719] [MT] IDERunDestination: Supported platforms for the buildables in the current scheme is empty.
2026-08-08 05:44:40.542332+0800 Plainsong[43376:11211423] [Connection] Unable to get synchronousRemoteObjectProxy, error: Error Domain=NSCocoaErrorDomain Code=4097 "connection to service named com.apple.linkd.autoShortcut" UserInfo={NSDebugDescription=connection to service named com.apple.linkd.autoShortcut}
2026-08-08 05:44:40.542806+0800 Plainsong[43376:11211423] [Application] Error registering app with intents framework: Error Domain=NSCocoaErrorDomain Code=4097 "connection to service named com.apple.linkd.autoShortcut" UserInfo={NSDebugDescription=connection to service named com.apple.linkd.autoShortcut}
2026-08-08 05:44:40.544191+0800 Plainsong[43376:11211422] [Connection] Unable to get synchronousRemoteObjectProxy, error: Error Domain=NSCocoaErrorDomain Code=4097 "connection to service named com.apple.linkd.autoShortcut" UserInfo={NSDebugDescription=connection to service named com.apple.linkd.autoShortcut}
2026-08-08 05:44:40.544215+0800 Plainsong[43376:11211422] [Connection] Unable to re-register with Process Instance Registry, error: Error Domain=NSCocoaErrorDomain Code=4097 "connection to service named com.apple.linkd.autoShortcut" UserInfo={NSDebugDescription=connection to service named com.apple.linkd.autoShortcut}
2026-08-08 05:44:40.545927+0800 Plainsong[43376:11211443] [Connection] Unable to get synchronousRemoteObjectProxy, error: Error Domain=NSCocoaErrorDomain Code=4097 "connection to service named com.apple.linkd.autoShortcut" UserInfo={NSDebugDescription=connection to service named com.apple.linkd.autoShortcut}
2026-08-08 05:44:40.545956+0800 Plainsong[43376:11211443] [Connection] Unable to re-register with Process Instance Registry, error: Error Domain=NSCocoaErrorDomain Code=4097 "connection to service named com.apple.linkd.autoShortcut" UserInfo={NSDebugDescription=connection to service named com.apple.linkd.autoShortcut}
2026-08-08 05:44:40.547553+0800 Plainsong[43376:11211443] [Connection] Will NOT re-try to establish the connection
2026-08-08 05:44:40.547734+0800 Plainsong[43376:11211422] [Connection] Unable to get synchronousRemoteObjectProxy, error: Error Domain=NSCocoaErrorDomain Code=4097 "connection to service named com.apple.linkd.autoShortcut" UserInfo={NSDebugDescription=connection to service named com.apple.linkd.autoShortcut}
2026-08-08 05:44:40.547759+0800 Plainsong[43376:11211422] [Connection] Unable to re-register with Process Instance Registry, error: Error Domain=NSCocoaErrorDomain Code=4097 "connection to service named com.apple.linkd.autoShortcut" UserInfo={NSDebugDescription=connection to service named com.apple.linkd.autoShortcut}
2026-08-08 05:44:40.821169+0800 Plainsong[43376:11211191] ApplePersistenceIgnoreState: Existing state will not be touched. New state will be written to /Users/davis._.su/Library/Containers/app.plainsong.editor/Data/tmp/app.plainsong.editor.savedState
2026-08-08 05:44:41.133132+0800 Plainsong[43376:11211423] [index] {CSInlineDonation[async]: "app.plainsong.editor" delete-domains:1}: Failed to request donation Error Domain=CSIndexErrorDomain Code=-1000 "Failed to request donation" UserInfo={NSDebugDescription=Failed to request donation, NSUnderlyingError=0x7c841d3150 {Error Domain=NSCocoaErrorDomain Code=4099 "The connection to service named com.apple.SetStoreUpdateService was invalidated from this process." UserInfo={NSDebugDescription=The connection to service named com.apple.SetStoreUpdateService was invalidated from this process.}}}
Test Suite 'Selected tests' started at 2026-08-08 05:44:41.409.
Test Suite 'PerformanceTests.xctest' started at 2026-08-08 05:44:41.409.
Test Suite 'EditorFindPerformanceTests' started at 2026-08-08 05:44:41.410.
Test Case '-[PerformanceTests.EditorFindPerformanceTests testLargeFixtureFindQueryCompletionForZeroSparseAndDenseCases]' started.
F2 PERF budget mode local-hard
2026-08-08 05:44:41.592659+0800 Plainsong[43376:11211423] [index] {CSInlineDonation[async]: "app.plainsong.editor" add-update-items:1 delete-items:0}: Failed to request donation Error Domain=CSIndexErrorDomain Code=-1000 "Failed to request donation" UserInfo={NSDebugDescription=Failed to request donation, NSUnderlyingError=0x7c83560de0 {Error Domain=NSCocoaErrorDomain Code=4099 "The connection to service named com.apple.SetStoreUpdateService was invalidated from this process." UserInfo={NSDebugDescription=The connection to service named com.apple.SetStoreUpdateService was invalidated from this process.}}}
F2 PERF find query zero 1MB median 228.660 ms samples [225.510, 233.913, 228.660] (0 retained, truncated=false)
F2 PERF find query sparse 1MB median 240.331 ms samples [235.019, 240.331, 245.017] (1 retained, truncated=false)
F2 PERF find query dense-truncated 1MB median 602.360 ms samples [602.360, 630.569, 599.486] (10000 retained, truncated=true)
Test Case '-[PerformanceTests.EditorFindPerformanceTests testLargeFixtureFindQueryCompletionForZeroSparseAndDenseCases]' passed (4.383 seconds).
Test Case '-[PerformanceTests.EditorFindPerformanceTests testProductionWorkspaceFindOpenEditAdmissionAndStateReceiptStayWithinMeasuredBudgets]' started.
F2 PERF budget mode local-hard
2026-08-08 05:44:46.089578+0800 Plainsong[43376:11211191] [SwiftUI] Modifying state during view update, this will cause undefined behavior.
2026-08-08 05:44:46.090042+0800 Plainsong[43376:11211191] [SwiftUI] Modifying state during view update, this will cause undefined behavior.
2026-08-08 05:44:46.650151+0800 Plainsong[43376:11211191] [cfprefsd] WebContent[43816] Couldn't open <private> due to No such file or directory
2026-08-08 05:44:46.650180+0800 Plainsong[43376:11211191] [cfprefsd] WebContent[43816] Couldn't open <private> due to No such file or directory
2026-08-08 05:44:46.650187+0800 Plainsong[43376:11211191] [cfprefsd] WebContent[43816] Couldn't open <private> due to No such file or directory
2026-08-08 05:44:46.650194+0800 Plainsong[43376:11211191] [cfprefsd] WebContent[43816] Couldn't open <private> due to No such file or directory
2026-08-08 05:44:46.650199+0800 Plainsong[43376:11211191] [cfprefsd] WebContent[43816] Couldn't open <private> due to No such file or directory
2026-08-08 05:44:46.650205+0800 Plainsong[43376:11211191] [cfprefsd] WebContent[43816] Couldn't open <private> due to No such file or directory
2026-08-08 05:44:46.732824+0800 Plainsong[43376:11211577] [index] {CSInlineDonation[async]: "app.plainsong.editor" add-update-items:2 delete-items:0}: Failed to request donation Error Domain=CSIndexErrorDomain Code=-1000 "Failed to request donation" UserInfo={NSDebugDescription=Failed to request donation, NSUnderlyingError=0x7c8488fd50 {Error Domain=NSCocoaErrorDomain Code=4099 "The connection to service named com.apple.SetStoreUpdateService was invalidated from this process." UserInfo={NSDebugDescription=The connection to service named com.apple.SetStoreUpdateService was invalidated from this process.}}}
2026-08-08 05:44:46.774856+0800 Plainsong[43376:11211191] [general] WebContent[43816] Connection to 'pboard' server had an error: <dictionary: 0x1ffb3a920> { count = 1, transaction: 0, voucher = 0x0, contents =
	"XPCErrorDescription" => <string: 0x1ffb3aa60> { string cache = 0x0, length = 18, contents = "Connection invalid" }
}
Invalidation reason: Connection init failed at lookup with error 159 - Sandbox restriction
2026-08-08 05:44:46.774899+0800 Plainsong[43376:11211191] [general] WebContent[43816] Failed to set up CFPasteboardRef 'Apple CFPasteboard general'. Error: <dictionary: 0x1ffb3a920> { count = 1, transaction: 0, voucher = 0x0, contents =
	"XPCErrorDescription" => <string: 0x1ffb3aa60> { string cache = 0x0, length = 18, contents = "Connection invalid" }
}
Invalidation reason: Connection init failed at lookup with error 159 - Sandbox restriction
2026-08-08 05:44:46.776312+0800 Plainsong[43376:11211191] [cas] WebContent[43816] CONNECT: Attempt to connect to launchservicesd prohibited because kLSServerConnectionStatusProcessIsDaemonMask is set.
2026-08-08 05:44:46.776334+0800 Plainsong[43376:11211191] [cas] WebContent[43816] CRASHSTRING: rdar://problem/28724618 Couldn't connect to launchservicesd.
2026-08-08 05:44:46.778383+0800 Plainsong[43376:11211191] [access] WebContent[43816] send_message_with_reply_sync(): XPC_ERROR_CONNECTION_INVALID for msgID=43816.1 (function=TCCAccessRequest, service=kTCCServiceListenEvent)
2026-08-08 05:44:46.778403+0800 Plainsong[43376:11211191] [access] WebContent[43816] TCCAccessRequest_block_invoke: Connection invalid
2026-08-08 05:44:46.779082+0800 Plainsong[43376:11211191] [cfprefsd] WebContent[43816] Couldn't open <private> due to No such file or directory
2026-08-08 05:44:46.779142+0800 Plainsong[43376:11211191] [cfprefsd] WebContent[43816] Couldn't open <private> due to No such file or directory
2026-08-08 05:44:46.779258+0800 Plainsong[43376:11211191] [cfprefsd] WebContent[43816] Couldn't open <private> due to No such file or directory
2026-08-08 05:44:46.779365+0800 Plainsong[43376:11211191] [cfprefsd] WebContent[43816] Couldn't open <private> due to No such file or directory
2026-08-08 05:44:46.792372+0800 Plainsong[43376:11211191] WebContent[43816] invalid product id '(null)'
2026-08-08 05:44:46.792553+0800 Plainsong[43376:11211191] [cfprefsd] WebContent[43816] Couldn't open <private> due to No such file or directory
2026-08-08 05:44:46.792591+0800 Plainsong[43376:11211191] [cfprefsd] WebContent[43816] Couldn't open <private> due to No such file or directory
2026-08-08 05:44:46.792651+0800 Plainsong[43376:11211191] [cfprefsd] WebContent[43816] Couldn't open <private> due to No such file or directory
2026-08-08 05:44:46.792840+0800 Plainsong[43376:11211191] [cfprefsd] WebContent[43816] Couldn't open <private> due to No such file or directory
2026-08-08 05:44:46.796718+0800 Plainsong[43376:11211191] [cfprefsd] WebContent[43816] Couldn't open <private> due to No such file or directory
2026-08-08 05:44:46.799195+0800 Plainsong[43376:11211191] [default] WebContent[43816] Conn 0x0 is not a valid connection ID.
2026-08-08 05:44:46.799227+0800 Plainsong[43376:11211191] [default] WebContent[43816] Conn 0x0 is not a valid connection ID.
2026-08-08 05:44:46.799236+0800 Plainsong[43376:11211191] [default] WebContent[43816] Conn 0x0 is not a valid connection ID.
2026-08-08 05:44:46.799251+0800 Plainsong[43376:11211191] [cas] WebContent[43816] CONNECT: Attempt to connect to launchserivcesd prohibited because kLSServerConnectionStatusDoNotConnectToServerMask.
2026-08-08 05:44:46.799259+0800 Plainsong[43376:11211191] [cas] WebContent[43816] CONNECT: Attempt to connect to launchserivcesd prohibited because kLSServerConnectionStatusDoNotConnectToServerMask.
2026-08-08 05:44:46.799269+0800 Plainsong[43376:11211191] [cas] WebContent[43816] CONNECT: Attempt to connect to launchserivcesd prohibited because kLSServerConnectionStatusDoNotConnectToServerMask.
2026-08-08 05:44:46.799447+0800 Plainsong[43376:11211191] [cas] WebContent[43816] CONNECT: Attempt to connect to launchserivcesd prohibited because kLSServerConnectionStatusDoNotConnectToServerMask.
2026-08-08 05:44:46.799461+0800 Plainsong[43376:11211191] [cas] WebContent[43816] CONNECT: Attempt to connect to launchserivcesd prohibited because kLSServerConnectionStatusDoNotConnectToServerMask.
2026-08-08 05:44:46.799468+0800 Plainsong[43376:11211191] [cas] WebContent[43816] CONNECT: Attempt to connect to launchserivcesd prohibited because kLSServerConnectionStatusDoNotConnectToServerMask.
2026-08-08 05:44:46.799553+0800 Plainsong[43376:11211191] [cas] WebContent[43816] CONNECT: Attempt to connect to launchserivcesd prohibited because kLSServerConnectionStatusDoNotConnectToServerMask.
2026-08-08 05:44:46.799561+0800 Plainsong[43376:11211191] [cas] WebContent[43816] CONNECT: Attempt to connect to launchserivcesd prohibited because kLSServerConnectionStatusDoNotConnectToServerMask.
2026-08-08 05:44:46.800421+0800 Plainsong[43376:11211191] [sharedcache] WebContent[43816] checkinWithServer: Failed bootstrap_lookup2 for name of coreservicesd, kern_return_t=#1100/0x44c Permission denied name=com.apple.CoreServices.coreservicesd
2026-08-08 05:44:46.800613+0800 Plainsong[43376:11211191] [FileIDMap] WebContent[43816] FSNode_FillIOKitProperties: could not get iokit object for <private>
2026-08-08 05:44:46.800627+0800 Plainsong[43376:11211191] [FileIDMap] WebContent[43816] FSNode_SetFSSharedDeviceInfo: failed to fetch IOKit properties for <private>
2026-08-08 05:44:46.800797+0800 Plainsong[43376:11211191] [FileIDMap] WebContent[43816] FSNode_FillIOKitProperties: could not get iokit object for <private>
2026-08-08 05:44:46.800811+0800 Plainsong[43376:11211191] [FileIDMap] WebContent[43816] FSNode_SetFSSharedDeviceInfo: failed to fetch IOKit properties for <private>
2026-08-08 05:44:46.801301+0800 Plainsong[43376:11211191] [connection] WebContent[43816] The sandbox in this process does not allow access to RunningBoard.
2026-08-08 05:44:46.801326+0800 Plainsong[43376:11211191] [connection] WebContent[43816] Handshake aborted as the connection has been invalidated
2026-08-08 05:44:46.801589+0800 Plainsong[43376:11211191] [cas] WebContent[43816] CONNECT: Attempt to connect to launchserivcesd prohibited because kLSServerConnectionStatusDoNotConnectToServerMask.
2026-08-08 05:44:46.801608+0800 Plainsong[43376:11211191] [cas] WebContent[43816] CONNECT: Attempt to connect to launchserivcesd prohibited because kLSServerConnectionStatusDoNotConnectToServerMask.
2026-08-08 05:44:46.801645+0800 Plainsong[43376:11211191] [cas] WebContent[43816] CONNECT: Attempt to connect to launchserivcesd prohibited because kLSServerConnectionStatusDoNotConnectToServerMask.
2026-08-08 05:44:46.801653+0800 Plainsong[43376:11211191] [cas] WebContent[43816] CONNECT: Attempt to connect to launchserivcesd prohibited because kLSServerConnectionStatusDoNotConnectToServerMask.
2026-08-08 05:44:46.801659+0800 Plainsong[43376:11211191] [cas] WebContent[43816] CONNECT: Attempt to connect to launchserivcesd prohibited because kLSServerConnectionStatusDoNotConnectToServerMask.
2026-08-08 05:44:46.801665+0800 Plainsong[43376:11211191] [default] WebContent[43816] Conn 0x0 is not a valid connection ID.
2026-08-08 05:44:46.802832+0800 Plainsong[43376:11211191] [default] WebContent[43816] Conn 0x0 is not a valid connection ID.
2026-08-08 05:44:46.802874+0800 Plainsong[43376:11211191] [default] WebContent[43816] Conn 0x0 is not a valid connection ID.
2026-08-08 05:44:46.802884+0800 Plainsong[43376:11211191] [default] WebContent[43816] Conn 0x0 is not a valid connection ID.
2026-08-08 05:44:46.802909+0800 Plainsong[43376:11211191] [default] WebContent[43816] Conn 0x0 is not a valid connection ID.
2026-08-08 05:44:46.802922+0800 Plainsong[43376:11211191] [default] WebContent[43816] Conn 0x0 is not a valid connection ID.
2026-08-08 05:44:46.803163+0800 Plainsong[43376:11211191] [access] WebContent[43816] send_message_with_reply_sync(): XPC_ERROR_CONNECTION_INVALID for msgID=43816.2 (function=TCCAccessLaunchDisclosurePromptIfNeeded, service=(null))
2026-08-08 05:44:46.803178+0800 Plainsong[43376:11211191] [access] WebContent[43816] TCCAccessLaunchDisclosurePromptIfNeeded_block_invoke_2: Connection invalid
2026-08-08 05:44:46.815267+0800 Plainsong[43376:11211191] [Connection] WebContent[43816] Missing com.apple.linkd.application-service / com.apple.linkd.autoShortcut mach-lookup entitlement, will NOT register the process
2026-08-08 05:44:46.815340+0800 Plainsong[43376:11211191] [Application] WebContent[43816] Error registering app with intents framework: Error Domain=LNProcessInstanceRegistryClientErrorDomain Code=1
2026-08-08 05:44:46.816345+0800 Plainsong[43376:11211191] [cfprefsd] WebContent[43816] Couldn't open <private> due to No such file or directory
2026-08-08 05:44:46.816389+0800 Plainsong[43376:11211191] [cfprefsd] WebContent[43816] Couldn't open <private> due to No such file or directory
2026-08-08 05:44:46.816535+0800 Plainsong[43376:11211191] [cfprefsd] WebContent[43816] Couldn't open <private> due to No such file or directory
2026-08-08 05:44:46.816571+0800 Plainsong[43376:11211191] [cfprefsd] WebContent[43816] Couldn't open <private> due to No such file or directory
2026-08-08 05:44:46.816593+0800 Plainsong[43376:11211191] [cfprefsd] WebContent[43816] Couldn't open <private> due to No such file or directory
2026-08-08 05:44:46.817203+0800 Plainsong[43376:11211191] [audiocomp] WebContent[43816] AudioComponentPluginMgr.mm:593   reg server remote proxy error Error Domain=NSCocoaErrorDomain Code=4099 "The connection to service named com.apple.audio.AudioComponentRegistrar was invalidated: Connection init failed at lookup with error 1 - Operation not permitted." UserInfo={NSDebugDescription=The connection to service named com.apple.audio.AudioComponentRegistrar was invalidated: Connection init failed at lookup with error 1 - Operation not permitted.}
2026-08-08 05:44:46.820144+0800 Plainsong[43376:11211191] [ResourceLoadStatistics] WebContent[43816] Unable to filter tracking query parameters (missing data)
2026-08-08 05:44:46.820692+0800 Plainsong[43376:11211191] WebContent[43816] networkd_settings_read_from_file_locked Sandbox is preventing this process from reading networkd settings file at "/Library/Preferences/com.apple.networkd.plist", please add an exception.
2026-08-08 05:44:46.820722+0800 Plainsong[43376:11211191] WebContent[43816] networkd_settings_read_from_file_locked Sandbox is preventing this process from reading networkd settings file at "/Library/Preferences/com.apple.networkd.plist", please add an exception.
2026-08-08 05:44:46.845320+0800 Plainsong[43376:11212568] [ResourceLoadStatistics] WebContent[43816] Unable to hide query parameters from script (missing data)
2026-08-08 05:44:47.323255+0800 Plainsong[43376:11211191] [SwiftUI] Modifying state during view update, this will cause undefined behavior.
2026-08-08 05:44:47.356070+0800 Plainsong[43376:11211191] F2_WARNING_PHASE_BEGIN id=ef9d4898-ec6d-462e-a00e-372d9ac8370a edits=5
2026-08-08 05:44:54.609020+0800 Plainsong[43376:11211191] F2_WARNING_PHASE_END id=ef9d4898-ec6d-462e-a00e-372d9ac8370a edits=5
F2 PERF production WorkspaceWindow find-open edit 1MB admission median 1.150 ms samples [1.150, 1.027, 16.620, 1.152, 1.025]; state-update receipt median 4.126 ms max 19.917 ms samples [4.811, 3.664, 19.917, 4.126, 3.981]
Test Case '-[PerformanceTests.EditorFindPerformanceTests testProductionWorkspaceFindOpenEditAdmissionAndStateReceiptStayWithinMeasuredBudgets]' passed (8.849 seconds).
Test Suite 'EditorFindPerformanceTests' passed at 2026-08-08 05:44:54.643.
	 Executed 2 tests, with 0 failures (0 unexpected) in 13.233 (13.234) seconds
Test Suite 'PerformanceTests.xctest' passed at 2026-08-08 05:44:54.644.
	 Executed 2 tests, with 0 failures (0 unexpected) in 13.233 (13.234) seconds
Test Suite 'Selected tests' passed at 2026-08-08 05:44:54.644.
	 Executed 2 tests, with 0 failures (0 unexpected) in 13.233 (13.235) seconds
2026-08-08 05:45:01.925 xcodebuild[43187:11210719] [MT] IDETestOperationsObserverDebug: 22.701 elapsed -- Testing started completed.
2026-08-08 05:45:01.925 xcodebuild[43187:11210719] [MT] IDETestOperationsObserverDebug: 0.000 sec, +0.000 sec -- start
2026-08-08 05:45:01.925 xcodebuild[43187:11210719] [MT] IDETestOperationsObserverDebug: 22.701 sec, +22.701 sec -- end

Test session results, code coverage, and logs:
	/tmp/plainsong-f2-evidence-review.SnCT6g/debug-1.xcresult

** TEST EXECUTE SUCCEEDED **

Testing started
F2 SOURCE CHECK PASS commit=c871ddf5c66c17f03fd9456b53f79411f9b2e979 configuration=Debug budget-mode=local-hard build-manifest-readonly=true build-manifest-sha256=fe374662a09ccb452ce55f0796740c96b66624483afe55aa53fcff2c8dfb3510 exact-source-readonly=true build-input-sha256=2093bf7df313cc13ae24c964a6661ae05d15471547c553fc295003bbebeba3b6 resolved-package-input-readonly=true resolved-package-input-sha256=ed48178719a6c72d2880d3972e900d3bbe51f180d13e01dffd452de936f779c3 snapshot-readonly=true frozen-products=/private/tmp/plainsong-f2-evidence-review.SnCT6g/debug-1.products host-bundle-sha256=0d064a65f1fb385a24c0d1cc9424e1643156d8cb8faabe673bafc6c0ca8f0d89 xctestrun-sha256=3f4dccaeb240b9fc90b42c60cbcbf77f73a13032586c4ce016380e4260a912e1 raw-log-readonly=true raw-log-sha256=98bc3307d0759958ac0e5cf29a34b467c608927c02543d13f7dcff806362f2d5 xcresult-readonly=true xcresult-sha256=54a7445954b87725386204da01102de81e7e5abfb37a11770c7e1c3696f02866 xcresult-inspection-input-sha256=54a7445954b87725386204da01102de81e7e5abfb37a11770c7e1c3696f02866
F2 WARNING CHECK PASS id=ef9d4898-ec6d-462e-a00e-372d9ac8370a edits=5 raw-known-pre=3 raw-known-measured=0 raw-known-post=0 unknown-swiftui=0 raw-log-sha256=98bc3307d0759958ac0e5cf29a34b467c608927c02543d13f7dcff806362f2d5 budget-mode=local-hard budget-mode-markers=2 xcresult-input-sha256=54a7445954b87725386204da01102de81e7e5abfb37a11770c7e1c3696f02866 xcresult-coalesced-known=1
F2 FINAL INTEGRITY PASS commit=c871ddf5c66c17f03fd9456b53f79411f9b2e979 configuration=Debug build-manifest-readonly=true build-manifest-sha256=fe374662a09ccb452ce55f0796740c96b66624483afe55aa53fcff2c8dfb3510 exact-source-readonly=true resolved-package-input-readonly=true resolved-package-input-sha256=ed48178719a6c72d2880d3972e900d3bbe51f180d13e01dffd452de936f779c3 snapshot-readonly=true raw-log-readonly=true raw-log-sha256=98bc3307d0759958ac0e5cf29a34b467c608927c02543d13f7dcff806362f2d5 xcresult-readonly=true xcresult-sha256=54a7445954b87725386204da01102de81e7e5abfb37a11770c7e1c3696f02866 xcresult-inspection-readonly=true xcresult-inspection-input-sha256=54a7445954b87725386204da01102de81e7e5abfb37a11770c7e1c3696f02866 xcresult-inspection-result-sha256=eba6117cacddb475d0563a118f62d13ae8796ad376ea1c7d955481ea40c34903 warning-check-readonly=true warning-check-sha256=66012706d2338217c1793bab0d82fa7f96121bfcfcf635087b00e95ba51d4d45 evidence-manifest-readonly=true evidence-manifest-sha256=0a034776d0b7f214b35309382a515f082e57b817e305516d3b518fff8e912916
