Command line invocation:
    /Applications/Xcode-beta.app/Contents/Developer/usr/bin/xcodebuild -xctestrun /private/tmp/plainsong-f2-final-six-v2.9p66Jp/debug-3-retry1.products/Build/Products/Plainsong_macosx27.0-arm64.xctestrun -destination platform=macOS,arch=arm64 -resultBundlePath /private/tmp/plainsong-f2-final-six-v2.9p66Jp/debug-3-retry1.xcresult "-only-testing:PerformanceTests/EditorFindPerformanceTests" test-without-building

2026-08-08 05:32:20.880 xcodebuild[29293:11173987] [MT] IDERunDestination: Supported platforms for the buildables in the current scheme is empty.
Writing result bundle at path:
	/private/tmp/plainsong-f2-final-six-v2.9p66Jp/debug-3-retry1.xcresult

2026-08-08 05:32:20.883 xcodebuild[29293:11173987] [MT] IDERunDestination: Supported platforms for the buildables in the current scheme is empty.
--- xcodebuild: WARNING: Using the first of multiple matching destinations:
{ platform:macOS, arch:arm64, id:00006000-0004042411D2801E, name:My Mac }
{ platform:macOS, arch:arm64, variant:Mac Catalyst, id:00006000-0004042411D2801E, name:My Mac }
{ platform:macOS, arch:arm64, variant:DriverKit, id:00006000-0004042411D2801E, name:My Mac }
{ platform:macOS, arch:arm64, variant:Designed for [iPad,iPhone], id:00006000-0004042411D2801E, name:My Mac }
2026-08-08 05:32:20.997 xcodebuild[29293:11173987] [MT] IDERunDestination: Supported platforms for the buildables in the current scheme is empty.
2026-08-08 05:32:21.101 xcodebuild[29293:11173987] [MT] IDERunDestination: Supported platforms for the buildables in the current scheme is empty.
2026-08-08 05:32:21.812625+0800 Plainsong[29378:11174371] [Connection] Unable to get synchronousRemoteObjectProxy, error: Error Domain=NSCocoaErrorDomain Code=4097 "connection to service named com.apple.linkd.autoShortcut" UserInfo={NSDebugDescription=connection to service named com.apple.linkd.autoShortcut}
2026-08-08 05:32:21.812924+0800 Plainsong[29378:11174371] [Application] Error registering app with intents framework: Error Domain=NSCocoaErrorDomain Code=4097 "connection to service named com.apple.linkd.autoShortcut" UserInfo={NSDebugDescription=connection to service named com.apple.linkd.autoShortcut}
2026-08-08 05:32:21.814202+0800 Plainsong[29378:11174372] [Connection] Unable to get synchronousRemoteObjectProxy, error: Error Domain=NSCocoaErrorDomain Code=4097 "connection to service named com.apple.linkd.autoShortcut" UserInfo={NSDebugDescription=connection to service named com.apple.linkd.autoShortcut}
2026-08-08 05:32:21.814232+0800 Plainsong[29378:11174372] [Connection] Unable to re-register with Process Instance Registry, error: Error Domain=NSCocoaErrorDomain Code=4097 "connection to service named com.apple.linkd.autoShortcut" UserInfo={NSDebugDescription=connection to service named com.apple.linkd.autoShortcut}
2026-08-08 05:32:21.815726+0800 Plainsong[29378:11174390] [Connection] Unable to get synchronousRemoteObjectProxy, error: Error Domain=NSCocoaErrorDomain Code=4097 "connection to service named com.apple.linkd.autoShortcut" UserInfo={NSDebugDescription=connection to service named com.apple.linkd.autoShortcut}
2026-08-08 05:32:21.815776+0800 Plainsong[29378:11174390] [Connection] Unable to re-register with Process Instance Registry, error: Error Domain=NSCocoaErrorDomain Code=4097 "connection to service named com.apple.linkd.autoShortcut" UserInfo={NSDebugDescription=connection to service named com.apple.linkd.autoShortcut}
2026-08-08 05:32:21.817182+0800 Plainsong[29378:11174390] [Connection] Will NOT re-try to establish the connection
2026-08-08 05:32:21.817214+0800 Plainsong[29378:11174371] [Connection] Unable to get synchronousRemoteObjectProxy, error: Error Domain=NSCocoaErrorDomain Code=4097 "connection to service named com.apple.linkd.autoShortcut" UserInfo={NSDebugDescription=connection to service named com.apple.linkd.autoShortcut}
2026-08-08 05:32:21.817227+0800 Plainsong[29378:11174371] [Connection] Unable to re-register with Process Instance Registry, error: Error Domain=NSCocoaErrorDomain Code=4097 "connection to service named com.apple.linkd.autoShortcut" UserInfo={NSDebugDescription=connection to service named com.apple.linkd.autoShortcut}
2026-08-08 05:32:21.917107+0800 Plainsong[29378:11174225] ApplePersistenceIgnoreState: Existing state will not be touched. New state will be written to /Users/davis._.su/Library/Containers/app.plainsong.editor/Data/tmp/app.plainsong.editor.savedState
2026-08-08 05:32:22.073678+0800 Plainsong[29378:11174422] [index] {CSInlineDonation[async]: "app.plainsong.editor" delete-domains:1}: Failed to request donation Error Domain=CSIndexErrorDomain Code=-1000 "Failed to request donation" UserInfo={NSDebugDescription=Failed to request donation, NSUnderlyingError=0x7cd226d590 {Error Domain=NSCocoaErrorDomain Code=4099 "The connection to service named com.apple.SetStoreUpdateService was invalidated from this process." UserInfo={NSDebugDescription=The connection to service named com.apple.SetStoreUpdateService was invalidated from this process.}}}
Test Suite 'Selected tests' started at 2026-08-08 05:32:22.174.
Test Suite 'PerformanceTests.xctest' started at 2026-08-08 05:32:22.174.
Test Suite 'EditorFindPerformanceTests' started at 2026-08-08 05:32:22.174.
Test Case '-[PerformanceTests.EditorFindPerformanceTests testLargeFixtureFindQueryCompletionForZeroSparseAndDenseCases]' started.
F2 PERF budget mode local-hard
2026-08-08 05:32:22.352142+0800 Plainsong[29378:11174488] [index] {CSInlineDonation[async]: "app.plainsong.editor" add-update-items:1 delete-items:0}: Failed to request donation Error Domain=CSIndexErrorDomain Code=-1000 "Failed to request donation" UserInfo={NSDebugDescription=Failed to request donation, NSUnderlyingError=0x7cd1b797a0 {Error Domain=NSCocoaErrorDomain Code=4099 "The connection to service named com.apple.SetStoreUpdateService was invalidated from this process." UserInfo={NSDebugDescription=The connection to service named com.apple.SetStoreUpdateService was invalidated from this process.}}}
F2 PERF find query zero 1MB median 229.118 ms samples [226.407, 241.879, 229.118] (0 retained, truncated=false)
F2 PERF find query sparse 1MB median 256.710 ms samples [256.710, 241.698, 271.743] (1 retained, truncated=false)
F2 PERF find query dense-truncated 1MB median 601.683 ms samples [601.683, 607.733, 575.622] (10000 retained, truncated=true)
Test Case '-[PerformanceTests.EditorFindPerformanceTests testLargeFixtureFindQueryCompletionForZeroSparseAndDenseCases]' passed (4.411 seconds).
Test Case '-[PerformanceTests.EditorFindPerformanceTests testProductionWorkspaceFindOpenEditAdmissionAndStateReceiptStayWithinMeasuredBudgets]' started.
F2 PERF budget mode local-hard
2026-08-08 05:32:26.787850+0800 Plainsong[29378:11174225] [SwiftUI] Modifying state during view update, this will cause undefined behavior.
2026-08-08 05:32:26.788094+0800 Plainsong[29378:11174225] [SwiftUI] Modifying state during view update, this will cause undefined behavior.
2026-08-08 05:32:27.161200+0800 Plainsong[29378:11174225] [cfprefsd] WebContent[29871] Couldn't open <private> due to No such file or directory
2026-08-08 05:32:27.161241+0800 Plainsong[29378:11174225] [cfprefsd] WebContent[29871] Couldn't open <private> due to No such file or directory
2026-08-08 05:32:27.161248+0800 Plainsong[29378:11174225] [cfprefsd] WebContent[29871] Couldn't open <private> due to No such file or directory
2026-08-08 05:32:27.161344+0800 Plainsong[29378:11174225] [cfprefsd] WebContent[29871] Couldn't open <private> due to No such file or directory
2026-08-08 05:32:27.161351+0800 Plainsong[29378:11174225] [cfprefsd] WebContent[29871] Couldn't open <private> due to No such file or directory
2026-08-08 05:32:27.161356+0800 Plainsong[29378:11174225] [cfprefsd] WebContent[29871] Couldn't open <private> due to No such file or directory
2026-08-08 05:32:27.250254+0800 Plainsong[29378:11174225] [general] WebContent[29871] Connection to 'pboard' server had an error: <dictionary: 0x1ffb3a920> { count = 1, transaction: 0, voucher = 0x0, contents =
	"XPCErrorDescription" => <string: 0x1ffb3aa60> { string cache = 0x0, length = 18, contents = "Connection invalid" }
}
Invalidation reason: Connection init failed at lookup with error 159 - Sandbox restriction
2026-08-08 05:32:27.250301+0800 Plainsong[29378:11174225] [general] WebContent[29871] Failed to set up CFPasteboardRef 'Apple CFPasteboard general'. Error: <dictionary: 0x1ffb3a920> { count = 1, transaction: 0, voucher = 0x0, contents =
	"XPCErrorDescription" => <string: 0x1ffb3aa60> { string cache = 0x0, length = 18, contents = "Connection invalid" }
}
Invalidation reason: Connection init failed at lookup with error 159 - Sandbox restriction
2026-08-08 05:32:27.251603+0800 Plainsong[29378:11174225] [cas] WebContent[29871] CONNECT: Attempt to connect to launchservicesd prohibited because kLSServerConnectionStatusProcessIsDaemonMask is set.
2026-08-08 05:32:27.251623+0800 Plainsong[29378:11174225] [cas] WebContent[29871] CRASHSTRING: rdar://problem/28724618 Couldn't connect to launchservicesd.
2026-08-08 05:32:27.253656+0800 Plainsong[29378:11174225] [access] WebContent[29871] send_message_with_reply_sync(): XPC_ERROR_CONNECTION_INVALID for msgID=29871.1 (function=TCCAccessRequest, service=kTCCServiceListenEvent)
2026-08-08 05:32:27.253680+0800 Plainsong[29378:11174225] [access] WebContent[29871] TCCAccessRequest_block_invoke: Connection invalid
2026-08-08 05:32:27.254317+0800 Plainsong[29378:11174225] [cfprefsd] WebContent[29871] Couldn't open <private> due to No such file or directory
2026-08-08 05:32:27.254383+0800 Plainsong[29378:11174225] [cfprefsd] WebContent[29871] Couldn't open <private> due to No such file or directory
2026-08-08 05:32:27.254445+0800 Plainsong[29378:11174225] [cfprefsd] WebContent[29871] Couldn't open <private> due to No such file or directory
2026-08-08 05:32:27.254652+0800 Plainsong[29378:11174225] [cfprefsd] WebContent[29871] Couldn't open <private> due to No such file or directory
2026-08-08 05:32:27.267176+0800 Plainsong[29378:11174225] WebContent[29871] invalid product id '(null)'
2026-08-08 05:32:27.267432+0800 Plainsong[29378:11174225] [cfprefsd] WebContent[29871] Couldn't open <private> due to No such file or directory
2026-08-08 05:32:27.267469+0800 Plainsong[29378:11174225] [cfprefsd] WebContent[29871] Couldn't open <private> due to No such file or directory
2026-08-08 05:32:27.267552+0800 Plainsong[29378:11174225] [cfprefsd] WebContent[29871] Couldn't open <private> due to No such file or directory
2026-08-08 05:32:27.267744+0800 Plainsong[29378:11174225] [cfprefsd] WebContent[29871] Couldn't open <private> due to No such file or directory
2026-08-08 05:32:27.271504+0800 Plainsong[29378:11174225] [cfprefsd] WebContent[29871] Couldn't open <private> due to No such file or directory
2026-08-08 05:32:27.273622+0800 Plainsong[29378:11174225] [default] WebContent[29871] Conn 0x0 is not a valid connection ID.
2026-08-08 05:32:27.273641+0800 Plainsong[29378:11174225] [default] WebContent[29871] Conn 0x0 is not a valid connection ID.
2026-08-08 05:32:27.273666+0800 Plainsong[29378:11174225] [default] WebContent[29871] Conn 0x0 is not a valid connection ID.
2026-08-08 05:32:27.273675+0800 Plainsong[29378:11174225] [cas] WebContent[29871] CONNECT: Attempt to connect to launchserivcesd prohibited because kLSServerConnectionStatusDoNotConnectToServerMask.
2026-08-08 05:32:27.273682+0800 Plainsong[29378:11174225] [cas] WebContent[29871] CONNECT: Attempt to connect to launchserivcesd prohibited because kLSServerConnectionStatusDoNotConnectToServerMask.
2026-08-08 05:32:27.273688+0800 Plainsong[29378:11174225] [cas] WebContent[29871] CONNECT: Attempt to connect to launchserivcesd prohibited because kLSServerConnectionStatusDoNotConnectToServerMask.
2026-08-08 05:32:27.273835+0800 Plainsong[29378:11174225] [cas] WebContent[29871] CONNECT: Attempt to connect to launchserivcesd prohibited because kLSServerConnectionStatusDoNotConnectToServerMask.
2026-08-08 05:32:27.273850+0800 Plainsong[29378:11174225] [cas] WebContent[29871] CONNECT: Attempt to connect to launchserivcesd prohibited because kLSServerConnectionStatusDoNotConnectToServerMask.
2026-08-08 05:32:27.273889+0800 Plainsong[29378:11174225] [cas] WebContent[29871] CONNECT: Attempt to connect to launchserivcesd prohibited because kLSServerConnectionStatusDoNotConnectToServerMask.
2026-08-08 05:32:27.273914+0800 Plainsong[29378:11174225] [cas] WebContent[29871] CONNECT: Attempt to connect to launchserivcesd prohibited because kLSServerConnectionStatusDoNotConnectToServerMask.
2026-08-08 05:32:27.273926+0800 Plainsong[29378:11174225] [cas] WebContent[29871] CONNECT: Attempt to connect to launchserivcesd prohibited because kLSServerConnectionStatusDoNotConnectToServerMask.
2026-08-08 05:32:27.274706+0800 Plainsong[29378:11174225] [sharedcache] WebContent[29871] checkinWithServer: Failed bootstrap_lookup2 for name of coreservicesd, kern_return_t=#1100/0x44c Permission denied name=com.apple.CoreServices.coreservicesd
2026-08-08 05:32:27.274978+0800 Plainsong[29378:11174225] [FileIDMap] WebContent[29871] FSNode_FillIOKitProperties: could not get iokit object for <private>
2026-08-08 05:32:27.275008+0800 Plainsong[29378:11174225] [FileIDMap] WebContent[29871] FSNode_SetFSSharedDeviceInfo: failed to fetch IOKit properties for <private>
2026-08-08 05:32:27.275091+0800 Plainsong[29378:11174225] [FileIDMap] WebContent[29871] FSNode_FillIOKitProperties: could not get iokit object for <private>
2026-08-08 05:32:27.275105+0800 Plainsong[29378:11174225] [FileIDMap] WebContent[29871] FSNode_SetFSSharedDeviceInfo: failed to fetch IOKit properties for <private>
2026-08-08 05:32:27.275678+0800 Plainsong[29378:11174225] [connection] WebContent[29871] The sandbox in this process does not allow access to RunningBoard.
2026-08-08 05:32:27.275691+0800 Plainsong[29378:11174225] [connection] WebContent[29871] Handshake aborted as the connection has been invalidated
2026-08-08 05:32:27.275872+0800 Plainsong[29378:11174225] [cas] WebContent[29871] CONNECT: Attempt to connect to launchserivcesd prohibited because kLSServerConnectionStatusDoNotConnectToServerMask.
2026-08-08 05:32:27.275883+0800 Plainsong[29378:11174225] [cas] WebContent[29871] CONNECT: Attempt to connect to launchserivcesd prohibited because kLSServerConnectionStatusDoNotConnectToServerMask.
2026-08-08 05:32:27.275905+0800 Plainsong[29378:11174225] [cas] WebContent[29871] CONNECT: Attempt to connect to launchserivcesd prohibited because kLSServerConnectionStatusDoNotConnectToServerMask.
2026-08-08 05:32:27.275911+0800 Plainsong[29378:11174225] [cas] WebContent[29871] CONNECT: Attempt to connect to launchserivcesd prohibited because kLSServerConnectionStatusDoNotConnectToServerMask.
2026-08-08 05:32:27.275916+0800 Plainsong[29378:11174225] [cas] WebContent[29871] CONNECT: Attempt to connect to launchserivcesd prohibited because kLSServerConnectionStatusDoNotConnectToServerMask.
2026-08-08 05:32:27.275922+0800 Plainsong[29378:11174225] [default] WebContent[29871] Conn 0x0 is not a valid connection ID.
2026-08-08 05:32:27.276378+0800 Plainsong[29378:11174225] [default] WebContent[29871] Conn 0x0 is not a valid connection ID.
2026-08-08 05:32:27.276425+0800 Plainsong[29378:11174225] [default] WebContent[29871] Conn 0x0 is not a valid connection ID.
2026-08-08 05:32:27.276432+0800 Plainsong[29378:11174225] [default] WebContent[29871] Conn 0x0 is not a valid connection ID.
2026-08-08 05:32:27.276439+0800 Plainsong[29378:11174225] [default] WebContent[29871] Conn 0x0 is not a valid connection ID.
2026-08-08 05:32:27.276444+0800 Plainsong[29378:11174225] [default] WebContent[29871] Conn 0x0 is not a valid connection ID.
2026-08-08 05:32:27.276758+0800 Plainsong[29378:11174225] [access] WebContent[29871] send_message_with_reply_sync(): XPC_ERROR_CONNECTION_INVALID for msgID=29871.2 (function=TCCAccessLaunchDisclosurePromptIfNeeded, service=(null))
2026-08-08 05:32:27.276818+0800 Plainsong[29378:11174225] [access] WebContent[29871] TCCAccessLaunchDisclosurePromptIfNeeded_block_invoke_2: Connection invalid
2026-08-08 05:32:27.278510+0800 Plainsong[29378:11174225] [cfprefsd] WebContent[29871] Couldn't open <private> due to No such file or directory
2026-08-08 05:32:27.278547+0800 Plainsong[29378:11174225] [cfprefsd] WebContent[29871] Couldn't open <private> due to No such file or directory
2026-08-08 05:32:27.278959+0800 Plainsong[29378:11174225] [cfprefsd] WebContent[29871] Couldn't open <private> due to No such file or directory
2026-08-08 05:32:27.278997+0800 Plainsong[29378:11174225] [cfprefsd] WebContent[29871] Couldn't open <private> due to No such file or directory
2026-08-08 05:32:27.279088+0800 Plainsong[29378:11174225] [cfprefsd] WebContent[29871] Couldn't open <private> due to No such file or directory
2026-08-08 05:32:27.280654+0800 Plainsong[29378:11174225] [Connection] WebContent[29871] Missing com.apple.linkd.application-service / com.apple.linkd.autoShortcut mach-lookup entitlement, will NOT register the process
2026-08-08 05:32:27.280686+0800 Plainsong[29378:11174225] [audiocomp] WebContent[29871] AudioComponentPluginMgr.mm:593   reg server remote proxy error Error Domain=NSCocoaErrorDomain Code=4099 "The connection to service named com.apple.audio.AudioComponentRegistrar was invalidated: Connection init failed at lookup with error 1 - Operation not permitted." UserInfo={NSDebugDescription=The connection to service named com.apple.audio.AudioComponentRegistrar was invalidated: Connection init failed at lookup with error 1 - Operation not permitted.}
2026-08-08 05:32:27.280697+0800 Plainsong[29378:11174225] [Application] WebContent[29871] Error registering app with intents framework: Error Domain=LNProcessInstanceRegistryClientErrorDomain Code=1
2026-08-08 05:32:27.282634+0800 Plainsong[29378:11174225] [ResourceLoadStatistics] WebContent[29871] Unable to filter tracking query parameters (missing data)
2026-08-08 05:32:27.283152+0800 Plainsong[29378:11174225] WebContent[29871] networkd_settings_read_from_file_locked Sandbox is preventing this process from reading networkd settings file at "/Library/Preferences/com.apple.networkd.plist", please add an exception.
2026-08-08 05:32:27.283186+0800 Plainsong[29378:11174225] WebContent[29871] networkd_settings_read_from_file_locked Sandbox is preventing this process from reading networkd settings file at "/Library/Preferences/com.apple.networkd.plist", please add an exception.
2026-08-08 05:32:27.301814+0800 Plainsong[29378:11175497] [ResourceLoadStatistics] WebContent[29871] Unable to hide query parameters from script (missing data)
2026-08-08 05:32:27.369940+0800 Plainsong[29378:11174488] [index] {CSInlineDonation[async]: "app.plainsong.editor" add-update-items:2 delete-items:0}: Failed to request donation Error Domain=CSIndexErrorDomain Code=-1000 "Failed to request donation" UserInfo={NSDebugDescription=Failed to request donation, NSUnderlyingError=0x7cd271c420 {Error Domain=NSCocoaErrorDomain Code=4099 "The connection to service named com.apple.SetStoreUpdateService was invalidated from this process." UserInfo={NSDebugDescription=The connection to service named com.apple.SetStoreUpdateService was invalidated from this process.}}}
2026-08-08 05:32:27.798153+0800 Plainsong[29378:11174225] [SwiftUI] Modifying state during view update, this will cause undefined behavior.
2026-08-08 05:32:27.829974+0800 Plainsong[29378:11174225] F2_WARNING_PHASE_BEGIN id=bc493029-237a-4438-af59-c778f4f294f6 edits=5
2026-08-08 05:32:34.642369+0800 Plainsong[29378:11174225] F2_WARNING_PHASE_END id=bc493029-237a-4438-af59-c778f4f294f6 edits=5
F2 PERF production WorkspaceWindow find-open edit 1MB admission median 1.129 ms samples [1.129, 1.062, 15.974, 1.171, 1.021]; state-update receipt median 4.259 ms max 18.839 ms samples [4.452, 3.715, 18.839, 4.259, 3.661]
Test Case '-[PerformanceTests.EditorFindPerformanceTests testProductionWorkspaceFindOpenEditAdmissionAndStateReceiptStayWithinMeasuredBudgets]' passed (8.088 seconds).
Test Suite 'EditorFindPerformanceTests' passed at 2026-08-08 05:32:34.675.
	 Executed 2 tests, with 0 failures (0 unexpected) in 12.499 (12.500) seconds
Test Suite 'PerformanceTests.xctest' passed at 2026-08-08 05:32:34.675.
	 Executed 2 tests, with 0 failures (0 unexpected) in 12.499 (12.501) seconds
Test Suite 'Selected tests' passed at 2026-08-08 05:32:34.675.
	 Executed 2 tests, with 0 failures (0 unexpected) in 12.499 (12.502) seconds
2026-08-08 05:32:41.752 xcodebuild[29293:11173987] [MT] IDETestOperationsObserverDebug: 20.704 elapsed -- Testing started completed.
2026-08-08 05:32:41.752 xcodebuild[29293:11173987] [MT] IDETestOperationsObserverDebug: 0.000 sec, +0.000 sec -- start
2026-08-08 05:32:41.752 xcodebuild[29293:11173987] [MT] IDETestOperationsObserverDebug: 20.704 sec, +20.704 sec -- end

Test session results, code coverage, and logs:
	/tmp/plainsong-f2-final-six-v2.9p66Jp/debug-3-retry1.xcresult

** TEST EXECUTE SUCCEEDED **

Testing started
