Command line invocation:
    /Applications/Xcode-beta.app/Contents/Developer/usr/bin/xcodebuild -xctestrun /private/tmp/plainsong-f2-final-six-v2.9p66Jp/debug-2.products/Build/Products/Plainsong_macosx27.0-arm64.xctestrun -destination platform=macOS,arch=arm64 -resultBundlePath /private/tmp/plainsong-f2-final-six-v2.9p66Jp/debug-2.xcresult "-only-testing:PerformanceTests/EditorFindPerformanceTests" test-without-building

2026-08-08 05:30:51.335 xcodebuild[23658:11161236] [MT] IDERunDestination: Supported platforms for the buildables in the current scheme is empty.
Writing result bundle at path:
	/private/tmp/plainsong-f2-final-six-v2.9p66Jp/debug-2.xcresult

2026-08-08 05:30:51.387 xcodebuild[23658:11161236] [MT] IDERunDestination: Supported platforms for the buildables in the current scheme is empty.
--- xcodebuild: WARNING: Using the first of multiple matching destinations:
{ platform:macOS, arch:arm64, id:00006000-0004042411D2801E, name:My Mac }
{ platform:macOS, arch:arm64, variant:Mac Catalyst, id:00006000-0004042411D2801E, name:My Mac }
{ platform:macOS, arch:arm64, variant:DriverKit, id:00006000-0004042411D2801E, name:My Mac }
{ platform:macOS, arch:arm64, variant:Designed for [iPad,iPhone], id:00006000-0004042411D2801E, name:My Mac }
2026-08-08 05:30:51.496 xcodebuild[23658:11161236] [MT] IDERunDestination: Supported platforms for the buildables in the current scheme is empty.
2026-08-08 05:30:51.598 xcodebuild[23658:11161236] [MT] IDERunDestination: Supported platforms for the buildables in the current scheme is empty.
2026-08-08 05:30:52.190862+0800 Plainsong[23727:11161595] [Connection] Unable to get synchronousRemoteObjectProxy, error: Error Domain=NSCocoaErrorDomain Code=4097 "connection to service named com.apple.linkd.autoShortcut" UserInfo={NSDebugDescription=connection to service named com.apple.linkd.autoShortcut}
2026-08-08 05:30:52.191189+0800 Plainsong[23727:11161595] [Application] Error registering app with intents framework: Error Domain=NSCocoaErrorDomain Code=4097 "connection to service named com.apple.linkd.autoShortcut" UserInfo={NSDebugDescription=connection to service named com.apple.linkd.autoShortcut}
2026-08-08 05:30:52.192267+0800 Plainsong[23727:11161610] [Connection] Unable to get synchronousRemoteObjectProxy, error: Error Domain=NSCocoaErrorDomain Code=4097 "connection to service named com.apple.linkd.autoShortcut" UserInfo={NSDebugDescription=connection to service named com.apple.linkd.autoShortcut}
2026-08-08 05:30:52.192325+0800 Plainsong[23727:11161610] [Connection] Unable to re-register with Process Instance Registry, error: Error Domain=NSCocoaErrorDomain Code=4097 "connection to service named com.apple.linkd.autoShortcut" UserInfo={NSDebugDescription=connection to service named com.apple.linkd.autoShortcut}
2026-08-08 05:30:52.193836+0800 Plainsong[23727:11161594] [Connection] Unable to get synchronousRemoteObjectProxy, error: Error Domain=NSCocoaErrorDomain Code=4097 "connection to service named com.apple.linkd.autoShortcut" UserInfo={NSDebugDescription=connection to service named com.apple.linkd.autoShortcut}
2026-08-08 05:30:52.193859+0800 Plainsong[23727:11161594] [Connection] Unable to re-register with Process Instance Registry, error: Error Domain=NSCocoaErrorDomain Code=4097 "connection to service named com.apple.linkd.autoShortcut" UserInfo={NSDebugDescription=connection to service named com.apple.linkd.autoShortcut}
2026-08-08 05:30:52.195178+0800 Plainsong[23727:11161594] [Connection] Will NOT re-try to establish the connection
2026-08-08 05:30:52.195258+0800 Plainsong[23727:11161610] [Connection] Unable to get synchronousRemoteObjectProxy, error: Error Domain=NSCocoaErrorDomain Code=4097 "connection to service named com.apple.linkd.autoShortcut" UserInfo={NSDebugDescription=connection to service named com.apple.linkd.autoShortcut}
2026-08-08 05:30:52.195338+0800 Plainsong[23727:11161610] [Connection] Unable to re-register with Process Instance Registry, error: Error Domain=NSCocoaErrorDomain Code=4097 "connection to service named com.apple.linkd.autoShortcut" UserInfo={NSDebugDescription=connection to service named com.apple.linkd.autoShortcut}
2026-08-08 05:30:52.297120+0800 Plainsong[23727:11161428] ApplePersistenceIgnoreState: Existing state will not be touched. New state will be written to /Users/davis._.su/Library/Containers/app.plainsong.editor/Data/tmp/app.plainsong.editor.savedState
2026-08-08 05:30:52.453760+0800 Plainsong[23727:11161610] [index] {CSInlineDonation[async]: "app.plainsong.editor" delete-domains:1}: Failed to request donation Error Domain=CSIndexErrorDomain Code=-1000 "Failed to request donation" UserInfo={NSDebugDescription=Failed to request donation, NSUnderlyingError=0x78d5ea77b0 {Error Domain=NSCocoaErrorDomain Code=4099 "The connection to service named com.apple.SetStoreUpdateService was invalidated from this process." UserInfo={NSDebugDescription=The connection to service named com.apple.SetStoreUpdateService was invalidated from this process.}}}
Test Suite 'Selected tests' started at 2026-08-08 05:30:52.552.
Test Suite 'PerformanceTests.xctest' started at 2026-08-08 05:30:52.552.
Test Suite 'EditorFindPerformanceTests' started at 2026-08-08 05:30:52.553.
Test Case '-[PerformanceTests.EditorFindPerformanceTests testLargeFixtureFindQueryCompletionForZeroSparseAndDenseCases]' started.
F2 PERF budget mode local-hard
2026-08-08 05:30:52.744624+0800 Plainsong[23727:11161717] [index] {CSInlineDonation[async]: "app.plainsong.editor" add-update-items:1 delete-items:0}: Failed to request donation Error Domain=CSIndexErrorDomain Code=-1000 "Failed to request donation" UserInfo={NSDebugDescription=Failed to request donation, NSUnderlyingError=0x78d5ce77b0 {Error Domain=NSCocoaErrorDomain Code=4099 "The connection to service named com.apple.SetStoreUpdateService was invalidated from this process." UserInfo={NSDebugDescription=The connection to service named com.apple.SetStoreUpdateService was invalidated from this process.}}}
F2 PERF find query zero 1MB median 235.082 ms samples [235.082, 245.107, 231.740] (0 retained, truncated=false)
F2 PERF find query sparse 1MB median 254.619 ms samples [255.892, 232.944, 254.619] (1 retained, truncated=false)
F2 PERF find query dense-truncated 1MB median 591.634 ms samples [591.634, 600.164, 587.173] (10000 retained, truncated=true)
Test Case '-[PerformanceTests.EditorFindPerformanceTests testLargeFixtureFindQueryCompletionForZeroSparseAndDenseCases]' passed (4.406 seconds).
Test Case '-[PerformanceTests.EditorFindPerformanceTests testProductionWorkspaceFindOpenEditAdmissionAndStateReceiptStayWithinMeasuredBudgets]' started.
F2 PERF budget mode local-hard
2026-08-08 05:30:57.165151+0800 Plainsong[23727:11161428] [SwiftUI] Modifying state during view update, this will cause undefined behavior.
2026-08-08 05:30:57.165410+0800 Plainsong[23727:11161428] [SwiftUI] Modifying state during view update, this will cause undefined behavior.
2026-08-08 05:30:57.545542+0800 Plainsong[23727:11161428] [cfprefsd] WebContent[24233] Couldn't open <private> due to No such file or directory
2026-08-08 05:30:57.545572+0800 Plainsong[23727:11161428] [cfprefsd] WebContent[24233] Couldn't open <private> due to No such file or directory
2026-08-08 05:30:57.545579+0800 Plainsong[23727:11161428] [cfprefsd] WebContent[24233] Couldn't open <private> due to No such file or directory
2026-08-08 05:30:57.545651+0800 Plainsong[23727:11161428] [cfprefsd] WebContent[24233] Couldn't open <private> due to No such file or directory
2026-08-08 05:30:57.545658+0800 Plainsong[23727:11161428] [cfprefsd] WebContent[24233] Couldn't open <private> due to No such file or directory
2026-08-08 05:30:57.545663+0800 Plainsong[23727:11161428] [cfprefsd] WebContent[24233] Couldn't open <private> due to No such file or directory
2026-08-08 05:30:57.630139+0800 Plainsong[23727:11161428] [general] WebContent[24233] Connection to 'pboard' server had an error: <dictionary: 0x1ffb3a920> { count = 1, transaction: 0, voucher = 0x0, contents =
	"XPCErrorDescription" => <string: 0x1ffb3aa60> { string cache = 0x0, length = 18, contents = "Connection invalid" }
}
Invalidation reason: Connection init failed at lookup with error 159 - Sandbox restriction
2026-08-08 05:30:57.630188+0800 Plainsong[23727:11161428] [general] WebContent[24233] Failed to set up CFPasteboardRef 'Apple CFPasteboard general'. Error: <dictionary: 0x1ffb3a920> { count = 1, transaction: 0, voucher = 0x0, contents =
	"XPCErrorDescription" => <string: 0x1ffb3aa60> { string cache = 0x0, length = 18, contents = "Connection invalid" }
}
Invalidation reason: Connection init failed at lookup with error 159 - Sandbox restriction
2026-08-08 05:30:57.631519+0800 Plainsong[23727:11161428] [cas] WebContent[24233] CONNECT: Attempt to connect to launchservicesd prohibited because kLSServerConnectionStatusProcessIsDaemonMask is set.
2026-08-08 05:30:57.631538+0800 Plainsong[23727:11161428] [cas] WebContent[24233] CRASHSTRING: rdar://problem/28724618 Couldn't connect to launchservicesd.
2026-08-08 05:30:57.633688+0800 Plainsong[23727:11161428] [access] WebContent[24233] send_message_with_reply_sync(): XPC_ERROR_CONNECTION_INVALID for msgID=24233.1 (function=TCCAccessRequest, service=kTCCServiceListenEvent)
2026-08-08 05:30:57.633708+0800 Plainsong[23727:11161428] [access] WebContent[24233] TCCAccessRequest_block_invoke: Connection invalid
2026-08-08 05:30:57.634325+0800 Plainsong[23727:11161428] [cfprefsd] WebContent[24233] Couldn't open <private> due to No such file or directory
2026-08-08 05:30:57.634481+0800 Plainsong[23727:11161428] [cfprefsd] WebContent[24233] Couldn't open <private> due to No such file or directory
2026-08-08 05:30:57.634491+0800 Plainsong[23727:11161428] [cfprefsd] WebContent[24233] Couldn't open <private> due to No such file or directory
2026-08-08 05:30:57.634624+0800 Plainsong[23727:11161428] [cfprefsd] WebContent[24233] Couldn't open <private> due to No such file or directory
2026-08-08 05:30:57.647234+0800 Plainsong[23727:11161428] WebContent[24233] invalid product id '(null)'
2026-08-08 05:30:57.647465+0800 Plainsong[23727:11161428] [cfprefsd] WebContent[24233] Couldn't open <private> due to No such file or directory
2026-08-08 05:30:57.647537+0800 Plainsong[23727:11161428] [cfprefsd] WebContent[24233] Couldn't open <private> due to No such file or directory
2026-08-08 05:30:57.647595+0800 Plainsong[23727:11161428] [cfprefsd] WebContent[24233] Couldn't open <private> due to No such file or directory
2026-08-08 05:30:57.647785+0800 Plainsong[23727:11161428] [cfprefsd] WebContent[24233] Couldn't open <private> due to No such file or directory
2026-08-08 05:30:57.651279+0800 Plainsong[23727:11161428] [cfprefsd] WebContent[24233] Couldn't open <private> due to No such file or directory
2026-08-08 05:30:57.654370+0800 Plainsong[23727:11161428] [default] WebContent[24233] Conn 0x0 is not a valid connection ID.
2026-08-08 05:30:57.654390+0800 Plainsong[23727:11161428] [default] WebContent[24233] Conn 0x0 is not a valid connection ID.
2026-08-08 05:30:57.654397+0800 Plainsong[23727:11161428] [default] WebContent[24233] Conn 0x0 is not a valid connection ID.
2026-08-08 05:30:57.654403+0800 Plainsong[23727:11161428] [cas] WebContent[24233] CONNECT: Attempt to connect to launchserivcesd prohibited because kLSServerConnectionStatusDoNotConnectToServerMask.
2026-08-08 05:30:57.654409+0800 Plainsong[23727:11161428] [cas] WebContent[24233] CONNECT: Attempt to connect to launchserivcesd prohibited because kLSServerConnectionStatusDoNotConnectToServerMask.
2026-08-08 05:30:57.654414+0800 Plainsong[23727:11161428] [cas] WebContent[24233] CONNECT: Attempt to connect to launchserivcesd prohibited because kLSServerConnectionStatusDoNotConnectToServerMask.
2026-08-08 05:30:57.654419+0800 Plainsong[23727:11161428] [cas] WebContent[24233] CONNECT: Attempt to connect to launchserivcesd prohibited because kLSServerConnectionStatusDoNotConnectToServerMask.
2026-08-08 05:30:57.654460+0800 Plainsong[23727:11161428] [cas] WebContent[24233] CONNECT: Attempt to connect to launchserivcesd prohibited because kLSServerConnectionStatusDoNotConnectToServerMask.
2026-08-08 05:30:57.654470+0800 Plainsong[23727:11161428] [cas] WebContent[24233] CONNECT: Attempt to connect to launchserivcesd prohibited because kLSServerConnectionStatusDoNotConnectToServerMask.
2026-08-08 05:30:57.654476+0800 Plainsong[23727:11161428] [cas] WebContent[24233] CONNECT: Attempt to connect to launchserivcesd prohibited because kLSServerConnectionStatusDoNotConnectToServerMask.
2026-08-08 05:30:57.654482+0800 Plainsong[23727:11161428] [cas] WebContent[24233] CONNECT: Attempt to connect to launchserivcesd prohibited because kLSServerConnectionStatusDoNotConnectToServerMask.
2026-08-08 05:30:57.654517+0800 Plainsong[23727:11161428] [sharedcache] WebContent[24233] checkinWithServer: Failed bootstrap_lookup2 for name of coreservicesd, kern_return_t=#1100/0x44c Permission denied name=com.apple.CoreServices.coreservicesd
2026-08-08 05:30:57.654648+0800 Plainsong[23727:11161428] [FileIDMap] WebContent[24233] FSNode_FillIOKitProperties: could not get iokit object for <private>
2026-08-08 05:30:57.654659+0800 Plainsong[23727:11161428] [FileIDMap] WebContent[24233] FSNode_SetFSSharedDeviceInfo: failed to fetch IOKit properties for <private>
2026-08-08 05:30:57.654751+0800 Plainsong[23727:11161428] [FileIDMap] WebContent[24233] FSNode_FillIOKitProperties: could not get iokit object for <private>
2026-08-08 05:30:57.654767+0800 Plainsong[23727:11161428] [FileIDMap] WebContent[24233] FSNode_SetFSSharedDeviceInfo: failed to fetch IOKit properties for <private>
2026-08-08 05:30:57.655129+0800 Plainsong[23727:11161428] [connection] WebContent[24233] The sandbox in this process does not allow access to RunningBoard.
2026-08-08 05:30:57.655143+0800 Plainsong[23727:11161428] [connection] WebContent[24233] Handshake aborted as the connection has been invalidated
2026-08-08 05:30:57.655362+0800 Plainsong[23727:11161428] [cas] WebContent[24233] CONNECT: Attempt to connect to launchserivcesd prohibited because kLSServerConnectionStatusDoNotConnectToServerMask.
2026-08-08 05:30:57.655371+0800 Plainsong[23727:11161428] [cas] WebContent[24233] CONNECT: Attempt to connect to launchserivcesd prohibited because kLSServerConnectionStatusDoNotConnectToServerMask.
2026-08-08 05:30:57.655389+0800 Plainsong[23727:11161428] [cas] WebContent[24233] CONNECT: Attempt to connect to launchserivcesd prohibited because kLSServerConnectionStatusDoNotConnectToServerMask.
2026-08-08 05:30:57.655396+0800 Plainsong[23727:11161428] [cas] WebContent[24233] CONNECT: Attempt to connect to launchserivcesd prohibited because kLSServerConnectionStatusDoNotConnectToServerMask.
2026-08-08 05:30:57.655401+0800 Plainsong[23727:11161428] [cas] WebContent[24233] CONNECT: Attempt to connect to launchserivcesd prohibited because kLSServerConnectionStatusDoNotConnectToServerMask.
2026-08-08 05:30:57.655415+0800 Plainsong[23727:11161428] [default] WebContent[24233] Conn 0x0 is not a valid connection ID.
2026-08-08 05:30:57.655928+0800 Plainsong[23727:11161428] [default] WebContent[24233] Conn 0x0 is not a valid connection ID.
2026-08-08 05:30:57.655945+0800 Plainsong[23727:11161428] [default] WebContent[24233] Conn 0x0 is not a valid connection ID.
2026-08-08 05:30:57.655952+0800 Plainsong[23727:11161428] [default] WebContent[24233] Conn 0x0 is not a valid connection ID.
2026-08-08 05:30:57.655958+0800 Plainsong[23727:11161428] [default] WebContent[24233] Conn 0x0 is not a valid connection ID.
2026-08-08 05:30:57.655965+0800 Plainsong[23727:11161428] [default] WebContent[24233] Conn 0x0 is not a valid connection ID.
2026-08-08 05:30:57.656189+0800 Plainsong[23727:11161428] [access] WebContent[24233] send_message_with_reply_sync(): XPC_ERROR_CONNECTION_INVALID for msgID=24233.2 (function=TCCAccessLaunchDisclosurePromptIfNeeded, service=(null))
2026-08-08 05:30:57.656204+0800 Plainsong[23727:11161428] [access] WebContent[24233] TCCAccessLaunchDisclosurePromptIfNeeded_block_invoke_2: Connection invalid
2026-08-08 05:30:57.657362+0800 Plainsong[23727:11161428] [cfprefsd] WebContent[24233] Couldn't open <private> due to No such file or directory
2026-08-08 05:30:57.657391+0800 Plainsong[23727:11161428] [cfprefsd] WebContent[24233] Couldn't open <private> due to No such file or directory
2026-08-08 05:30:57.657503+0800 Plainsong[23727:11161428] [cfprefsd] WebContent[24233] Couldn't open <private> due to No such file or directory
2026-08-08 05:30:57.657577+0800 Plainsong[23727:11161428] [cfprefsd] WebContent[24233] Couldn't open <private> due to No such file or directory
2026-08-08 05:30:57.657633+0800 Plainsong[23727:11161428] [cfprefsd] WebContent[24233] Couldn't open <private> due to No such file or directory
2026-08-08 05:30:57.659367+0800 Plainsong[23727:11161428] [Connection] WebContent[24233] Missing com.apple.linkd.application-service / com.apple.linkd.autoShortcut mach-lookup entitlement, will NOT register the process
2026-08-08 05:30:57.659398+0800 Plainsong[23727:11161428] [audiocomp] WebContent[24233] AudioComponentPluginMgr.mm:593   reg server remote proxy error Error Domain=NSCocoaErrorDomain Code=4099 "The connection to service named com.apple.audio.AudioComponentRegistrar was invalidated: Connection init failed at lookup with error 1 - Operation not permitted." UserInfo={NSDebugDescription=The connection to service named com.apple.audio.AudioComponentRegistrar was invalidated: Connection init failed at lookup with error 1 - Operation not permitted.}
2026-08-08 05:30:57.659429+0800 Plainsong[23727:11161428] [Application] WebContent[24233] Error registering app with intents framework: Error Domain=LNProcessInstanceRegistryClientErrorDomain Code=1
2026-08-08 05:30:57.661244+0800 Plainsong[23727:11161428] [ResourceLoadStatistics] WebContent[24233] Unable to filter tracking query parameters (missing data)
2026-08-08 05:30:57.661729+0800 Plainsong[23727:11161428] WebContent[24233] networkd_settings_read_from_file_locked Sandbox is preventing this process from reading networkd settings file at "/Library/Preferences/com.apple.networkd.plist", please add an exception.
2026-08-08 05:30:57.661739+0800 Plainsong[23727:11161428] WebContent[24233] networkd_settings_read_from_file_locked Sandbox is preventing this process from reading networkd settings file at "/Library/Preferences/com.apple.networkd.plist", please add an exception.
2026-08-08 05:30:57.681829+0800 Plainsong[23727:11162718] [ResourceLoadStatistics] WebContent[24233] Unable to hide query parameters from script (missing data)
2026-08-08 05:30:57.746950+0800 Plainsong[23727:11161594] [index] {CSInlineDonation[async]: "app.plainsong.editor" add-update-items:2 delete-items:0}: Failed to request donation Error Domain=CSIndexErrorDomain Code=-1000 "Failed to request donation" UserInfo={NSDebugDescription=Failed to request donation, NSUnderlyingError=0x78d5ea5080 {Error Domain=NSCocoaErrorDomain Code=4099 "The connection to service named com.apple.SetStoreUpdateService was invalidated from this process." UserInfo={NSDebugDescription=The connection to service named com.apple.SetStoreUpdateService was invalidated from this process.}}}
2026-08-08 05:30:58.164585+0800 Plainsong[23727:11161428] [SwiftUI] Modifying state during view update, this will cause undefined behavior.
2026-08-08 05:30:58.195316+0800 Plainsong[23727:11161428] F2_WARNING_PHASE_BEGIN id=3b3ad8c9-2487-4ae7-ae91-a037344d058b edits=5
2026-08-08 05:31:04.744180+0800 Plainsong[23727:11161428] F2_WARNING_PHASE_END id=3b3ad8c9-2487-4ae7-ae91-a037344d058b edits=5
F2 PERF production WorkspaceWindow find-open edit 1MB admission median 1.051 ms samples [1.119, 1.051, 15.787, 1.042, 0.953]; state-update receipt median 3.759 ms max 18.667 ms samples [4.568, 3.732, 18.667, 3.759, 3.506]
Test Case '-[PerformanceTests.EditorFindPerformanceTests testProductionWorkspaceFindOpenEditAdmissionAndStateReceiptStayWithinMeasuredBudgets]' passed (7.816 seconds).
Test Suite 'EditorFindPerformanceTests' passed at 2026-08-08 05:31:04.776.
	 Executed 2 tests, with 0 failures (0 unexpected) in 12.222 (12.223) seconds
Test Suite 'PerformanceTests.xctest' passed at 2026-08-08 05:31:04.776.
	 Executed 2 tests, with 0 failures (0 unexpected) in 12.222 (12.223) seconds
Test Suite 'Selected tests' passed at 2026-08-08 05:31:04.776.
	 Executed 2 tests, with 0 failures (0 unexpected) in 12.222 (12.224) seconds
2026-08-08 05:31:11.578 xcodebuild[23658:11161236] [MT] IDETestOperationsObserverDebug: 20.080 elapsed -- Testing started completed.
2026-08-08 05:31:11.578 xcodebuild[23658:11161236] [MT] IDETestOperationsObserverDebug: 0.000 sec, +0.000 sec -- start
2026-08-08 05:31:11.578 xcodebuild[23658:11161236] [MT] IDETestOperationsObserverDebug: 20.080 sec, +20.080 sec -- end

Test session results, code coverage, and logs:
	/tmp/plainsong-f2-final-six-v2.9p66Jp/debug-2.xcresult

** TEST EXECUTE SUCCEEDED **

Testing started
F2 SOURCE CHECK PASS commit=c871ddf5c66c17f03fd9456b53f79411f9b2e979 configuration=Debug budget-mode=local-hard build-manifest-readonly=true build-manifest-sha256=fe374662a09ccb452ce55f0796740c96b66624483afe55aa53fcff2c8dfb3510 exact-source-readonly=true build-input-sha256=2093bf7df313cc13ae24c964a6661ae05d15471547c553fc295003bbebeba3b6 resolved-package-input-readonly=true resolved-package-input-sha256=ed48178719a6c72d2880d3972e900d3bbe51f180d13e01dffd452de936f779c3 snapshot-readonly=true frozen-products=/private/tmp/plainsong-f2-final-six-v2.9p66Jp/debug-2.products host-bundle-sha256=0d064a65f1fb385a24c0d1cc9424e1643156d8cb8faabe673bafc6c0ca8f0d89 xctestrun-sha256=3f4dccaeb240b9fc90b42c60cbcbf77f73a13032586c4ce016380e4260a912e1 raw-log-readonly=true raw-log-sha256=f423e80f01fe3358e4f8c74937af32234e348a9118c3e773746ddcaa54fa295b xcresult-readonly=true xcresult-sha256=a743d37e8af25036b53b1a02daa54785d15313d2115a1de821fa070b8a84ffab xcresult-inspection-input-sha256=a743d37e8af25036b53b1a02daa54785d15313d2115a1de821fa070b8a84ffab
F2 WARNING CHECK PASS id=3b3ad8c9-2487-4ae7-ae91-a037344d058b edits=5 raw-known-pre=3 raw-known-measured=0 raw-known-post=0 unknown-swiftui=0 raw-log-sha256=f423e80f01fe3358e4f8c74937af32234e348a9118c3e773746ddcaa54fa295b budget-mode=local-hard budget-mode-markers=2 xcresult-input-sha256=a743d37e8af25036b53b1a02daa54785d15313d2115a1de821fa070b8a84ffab xcresult-coalesced-known=1
F2 FINAL INTEGRITY PASS commit=c871ddf5c66c17f03fd9456b53f79411f9b2e979 configuration=Debug build-manifest-readonly=true build-manifest-sha256=fe374662a09ccb452ce55f0796740c96b66624483afe55aa53fcff2c8dfb3510 exact-source-readonly=true resolved-package-input-readonly=true resolved-package-input-sha256=ed48178719a6c72d2880d3972e900d3bbe51f180d13e01dffd452de936f779c3 snapshot-readonly=true raw-log-readonly=true raw-log-sha256=f423e80f01fe3358e4f8c74937af32234e348a9118c3e773746ddcaa54fa295b xcresult-readonly=true xcresult-sha256=a743d37e8af25036b53b1a02daa54785d15313d2115a1de821fa070b8a84ffab xcresult-inspection-readonly=true xcresult-inspection-input-sha256=a743d37e8af25036b53b1a02daa54785d15313d2115a1de821fa070b8a84ffab xcresult-inspection-result-sha256=5482591b7c99424c3bb480a8f03d8b8a12768a92c7f85840578c6902a247d9a3 warning-check-readonly=true warning-check-sha256=d37f6218eda964fce2d7f0c02681f0ae412c1649d123bcbd2de012d4569e3927 evidence-manifest-readonly=true evidence-manifest-sha256=b55fdf98870ab413aadc9da6815559467d5279f9f48c981702237acd11caa7f8
