Command line invocation:
    /Applications/Xcode-beta.app/Contents/Developer/usr/bin/xcodebuild -project Plainsong.xcodeproj -scheme PerformanceTests -configuration Debug -destination platform=macOS -parallel-testing-enabled NO -derivedDataPath /private/tmp/plainsong-e9-build-7377cf4e51edb85d023986a8c33cabd3edff6a10/Debug -resultBundlePath /private/tmp/plainsong-h22-e9-paired-20261004-run5/Debug-plain-20261004-194653-23171/Results.xcresult ENABLE_TESTABILITY=YES test-without-building "-only-testing:PerformanceTests/AppBackedEditorPerformanceTests/testTypingWithoutHTMLExportForRecordedLoadComparison"

Build settings from command line:
    ENABLE_TESTABILITY = YES

Resolve Package Graph


Resolved source packages:
  Yams: https://github.com/jpsim/Yams.git @ 6.2.2
  MarkdownCore: /Users/davis._.su/Documents/plainsong-export-html-command/Packages/MarkdownCore
  STTextView: https://github.com/krzyzanowskim/STTextView.git @ 2.3.10
  PreviewKit: /Users/davis._.su/Documents/plainsong-export-html-command/Packages/PreviewKit
  TreeSitterMarkdown: https://github.com/tree-sitter-grammars/tree-sitter-markdown.git @ 0.5.3
  EditorKit: /Users/davis._.su/Documents/plainsong-export-html-command/Packages/EditorKit
  STTextKitPlus: https://github.com/krzyzanowskim/STTextKitPlus @ 0.3.1
  CoreTextSwift: https://github.com/krzyzanowskim/CoreTextSwift @ 0.2.0
  SwiftTreeSitter: https://github.com/tree-sitter/swift-tree-sitter.git @ 0.10.0
  WorkspaceKit: /Users/davis._.su/Documents/plainsong-export-html-command/Packages/WorkspaceKit
  TreeSitter: https://github.com/tree-sitter/tree-sitter @ 0.25.10

Writing result bundle at path:
	/private/tmp/plainsong-h22-e9-paired-20261004-run5/Debug-plain-20261004-194653-23171/Results.xcresult

--- xcodebuild: WARNING: Using the first of multiple matching destinations:
{ platform:macOS, arch:arm64, id:00006000-0004042411D2801E, name:My Mac }
{ platform:macOS, arch:x86_64, id:00006000-0004042411D2801E, name:My Mac }
2026-10-04 19:46:55.848256+0800 Plainsong[23212:212839] [Connection] Unable to get synchronousRemoteObjectProxy, error: Error Domain=NSCocoaErrorDomain Code=4097 "connection to service named com.apple.linkd.autoShortcut" UserInfo={NSDebugDescription=connection to service named com.apple.linkd.autoShortcut}
2026-10-04 19:46:55.848530+0800 Plainsong[23212:212839] [Application] Error registering app with intents framework: Error Domain=NSCocoaErrorDomain Code=4097 "connection to service named com.apple.linkd.autoShortcut" UserInfo={NSDebugDescription=connection to service named com.apple.linkd.autoShortcut}
2026-10-04 19:46:55.849193+0800 Plainsong[23212:212844] [Connection] Unable to get synchronousRemoteObjectProxy, error: Error Domain=NSCocoaErrorDomain Code=4097 "connection to service named com.apple.linkd.autoShortcut" UserInfo={NSDebugDescription=connection to service named com.apple.linkd.autoShortcut}
2026-10-04 19:46:55.849218+0800 Plainsong[23212:212844] [Connection] Unable to re-register with Process Instance Registry, error: Error Domain=NSCocoaErrorDomain Code=4097 "connection to service named com.apple.linkd.autoShortcut" UserInfo={NSDebugDescription=connection to service named com.apple.linkd.autoShortcut}
2026-10-04 19:46:55.850316+0800 Plainsong[23212:212840] [Connection] Unable to get synchronousRemoteObjectProxy, error: Error Domain=NSCocoaErrorDomain Code=4097 "connection to service named com.apple.linkd.autoShortcut" UserInfo={NSDebugDescription=connection to service named com.apple.linkd.autoShortcut}
2026-10-04 19:46:55.850335+0800 Plainsong[23212:212840] [Connection] Unable to re-register with Process Instance Registry, error: Error Domain=NSCocoaErrorDomain Code=4097 "connection to service named com.apple.linkd.autoShortcut" UserInfo={NSDebugDescription=connection to service named com.apple.linkd.autoShortcut}
2026-10-04 19:46:55.851193+0800 Plainsong[23212:212840] [Connection] Will NOT re-try to establish the connection
2026-10-04 19:46:55.851264+0800 Plainsong[23212:212844] [Connection] Unable to get synchronousRemoteObjectProxy, error: Error Domain=NSCocoaErrorDomain Code=4097 "connection to service named com.apple.linkd.autoShortcut" UserInfo={NSDebugDescription=connection to service named com.apple.linkd.autoShortcut}
2026-10-04 19:46:55.851285+0800 Plainsong[23212:212844] [Connection] Unable to re-register with Process Instance Registry, error: Error Domain=NSCocoaErrorDomain Code=4097 "connection to service named com.apple.linkd.autoShortcut" UserInfo={NSDebugDescription=connection to service named com.apple.linkd.autoShortcut}
2026-10-04 19:46:55.970778+0800 Plainsong[23212:212824] ApplePersistenceIgnoreState: Existing state will not be touched. New state will be written to /Users/davis._.su/Library/Containers/app.plainsong.editor/Data/tmp/app.plainsong.editor.savedState
Test Suite 'Selected tests' started at 2026-10-04 19:46:56.214.
Test Suite 'PerformanceTests.xctest' started at 2026-10-04 19:46:56.214.
Test Suite 'AppBackedEditorPerformanceTests' started at 2026-10-04 19:46:56.215.
Test Case '-[PerformanceTests.AppBackedEditorPerformanceTests testTypingWithoutHTMLExportForRecordedLoadComparison]' started.
EXPORT E9 native input + public-view update without export 13.677042 ms
Test Case '-[PerformanceTests.AppBackedEditorPerformanceTests testTypingWithoutHTMLExportForRecordedLoadComparison]' passed (0.155 seconds).
Test Suite 'AppBackedEditorPerformanceTests' passed at 2026-10-04 19:46:56.370.
	 Executed 1 test, with 0 failures (0 unexpected) in 0.155 (0.156) seconds
Test Suite 'PerformanceTests.xctest' passed at 2026-10-04 19:46:56.370.
	 Executed 1 test, with 0 failures (0 unexpected) in 0.155 (0.156) seconds
Test Suite 'Selected tests' passed at 2026-10-04 19:46:56.370.
	 Executed 1 test, with 0 failures (0 unexpected) in 0.155 (0.156) seconds
2026-10-04 19:46:56.661 xcodebuild[23187:212704] [MT] IDETestOperationsObserverDebug: 1.300 elapsed -- Testing started completed.
2026-10-04 19:46:56.661 xcodebuild[23187:212704] [MT] IDETestOperationsObserverDebug: 0.000 sec, +0.000 sec -- start
2026-10-04 19:46:56.661 xcodebuild[23187:212704] [MT] IDETestOperationsObserverDebug: 1.300 sec, +1.300 sec -- end

Test session results, code coverage, and logs:
	/tmp/plainsong-h22-e9-paired-20261004-run5/Debug-plain-20261004-194653-23171/Results.xcresult

** TEST EXECUTE SUCCEEDED **

Testing started
